06-03 23:47:16.430  1472  1524 D LocationManagerService: Skip applyRequirementsLocked, provider:  provider manager: gps provider isEnabled(): false isBatterySaverDisabling: false isSettingsExempt(record): false record: UpdateRecord[gps 31785/com.teslacoilsw.launcher (background) Request[ACCURACY_FINE gps interval=0 fastestInterval=0 expireIn=+30s0ms num=1] null]
06-03 23:47:16.430  1472  1524 D OplusGnssWhiteListProxy: on get OplusGnssWhiteListProxy!
06-03 23:47:16.430  1472  1524 D LocationManagerService: Skip applyRequirementsLocked, provider:  provider manager: gps provider isEnabled(): false isBatterySaverDisabling: false isSettingsExempt(record): false record: UpdateRecord[gps 31785/com.teslacoilsw.launcher (background) Request[ACCURACY_FINE gps interval=0 fastestInterval=0 expireIn=+30s0ms num=1] null]
06-03 23:47:16.430  1472  1524 D OplusGnssWhiteListProxy: on get OplusGnssWhiteListProxy!
06-03 23:47:16.430  1472  1524 D LocationManagerService: Skip applyRequirementsLocked, provider:  provider manager: gps provider isEnabled(): false isBatterySaverDisabling: false isSettingsExempt(record): false record: UpdateRecord[gps 31785/com.teslacoilsw.launcher (background) Request[ACCURACY_FINE gps interval=0 fastestInterval=0 expireIn=+30s0ms num=1] null]
06-03 23:47:16.430  1472  1524 D OplusGnssWhiteListProxy: on get OplusGnssWhiteListProxy!
06-03 23:47:16.430  1472  1524 D LocationManagerService: Skip applyRequirementsLocked, provider:  provider manager: gps provider isEnabled(): false isBatterySaverDisabling: false isSettingsExempt(record): false record: UpdateRecord[gps 31785/com.teslacoilsw.launcher (background) Request[ACCURACY_FINE gps interval=0 fastestInterval=0 expireIn=+30s0ms num=1] null]
06-03 23:47:16.430  1472  1524 D OplusGnssWhiteListProxy: on get OplusGnssWhiteListProxy!
06-03 23:47:16.430  1472  1524 D LocationManagerService: Skip applyRequirementsLocked, provider:  provider manager: gps provider isEnabled(): false isBatterySaverDisabling: false isSettingsExempt(record): false record: UpdateRecord[gps 31785/com.teslacoilsw.launcher (background) Request[ACCURACY_FINE gps interval=0 fastestInterval=0 expireIn=+30s0ms num=1] null]
06-03 23:47:16.430  1472  1524 D OplusGnssWhiteListProxy: on get OplusGnssWhiteListProxy!
06-03 23:47:16.430  1472  1524 D LocationManagerService: Skip applyRequirementsLocked, provider:  provider manager: gps provider isEnabled(): false isBatterySaverDisabling: false isSettingsExempt(record): false record: UpdateRecord[gps 31785/com.teslacoilsw.launcher (background) Request[ACCURACY_FINE gps interval=0 fastestInterval=0 expireIn=+30s0ms num=1] null]
06-03 23:47:16.431  1472  1524 D OplusGnssWhiteListProxy: on get OplusGnssWhiteListProxy!
06-03 23:47:16.431  1472  1524 D LocationManagerService: Skip applyRequirementsLocked, provider:  provider manager: gps provider isEnabled(): false isBatterySaverDisabling: false isSettingsExempt(record): false record: UpdateRecord[gps 31785/com.teslacoilsw.launcher (background) Request[ACCURACY_FINE gps interval=0 fastestInterval=0 expireIn=+30s0ms num=1] null]
06-03 23:47:16.431  1472  1524 D OplusGnssWhiteListProxy: on get OplusGnssWhiteListProxy!
06-03 23:47:16.431  1472  1524 D LocationManagerService: Skip applyRequirementsLocked, provider:  provider manager: gps provider isEnabled(): false isBatterySaverDisabling: false isSettingsExempt(record): false record: UpdateRecord[gps 31785/com.teslacoilsw.launcher (background) Request[ACCURACY_FINE gps interval=0 fastestInterval=0 expireIn=+30s0ms num=1] null]
06-03 23:47:16.431  1472  1524 D OplusGnssWhiteListProxy: on get OplusGnssWhiteListProxy!
06-03 23:47:16.431  1472  1524 D LocationManagerService: Skip applyRequirementsLocked, provider:  provider manager: gps provider isEnabled(): false isBatterySaverDisabling: false isSettingsExempt(record): false record: UpdateRecord[gps 31785/com.teslacoilsw.launcher (background) Request[ACCURACY_FINE gps interval=0 fastestInterval=0 expireIn=+30s0ms num=1] null]
06-03 23:47:16.431  1472  1524 D OplusGnssWhiteListProxy: on get OplusGnssWhiteListProxy!
06-03 23:47:16.431  1472  1524 D LocationManagerService: Skip applyRequirementsLocked, provider:  provider manager: gps provider isEnabled(): false isBatterySaverDisabling: false isSettingsExempt(record): false record: UpdateRecord[gps 31785/com.teslacoilsw.launcher (background) Request[ACCURACY_FINE gps interval=0 fastestInterval=0 expireIn=+30s0ms num=1] null]
06-03 23:47:16.431  1472  1524 D OplusGnssWhiteListProxy: on get OplusGnssWhiteListProxy!
06-03 23:47:16.431  1472  1524 D LocationManagerService: Skip applyRequirementsLocked, provider:  provider manager: gps provider isEnabled(): false isBatterySaverDisabling: false isSettingsExempt(record): false record: UpdateRecord[gps 31785/com.teslacoilsw.launcher (background) Request[ACCURACY_FINE gps interval=0 fastestInterval=0 expireIn=+30s0ms num=1] null]
06-03 23:47:16.431  1472  1524 D OplusGnssWhiteListProxy: on get OplusGnssWhiteListProxy!
06-03 23:47:16.431  1472  1524 D LocationManagerService: Skip applyRequirementsLocked, provider:  provider manager: gps provider isEnabled(): false isBatterySaverDisabling: false isSettingsExempt(record): false record: UpdateRecord[gps 31785/com.teslacoilsw.launcher (background) Request[ACCURACY_FINE gps interval=0 fastestInterval=0 expireIn=+30s0ms num=1] null]
06-03 23:47:16.431  1472  1524 D OplusGnssWhiteListProxy: on get OplusGnssWhiteListProxy!
06-03 23:47:16.431  1472  1524 D LocationManagerService: Skip applyRequirementsLocked, provider:  provider manager: gps provider isEnabled(): false isBatterySaverDisabling: false isSettingsExempt(record): false record: UpdateRecord[gps 31785/com.teslacoilsw.launcher (background) Request[ACCURACY_FINE gps interval=0 fastestInterval=0 expireIn=+30s0ms num=1] null]
06-03 23:47:16.431  1472  1524 D OplusGnssWhiteListProxy: on get OplusGnssWhiteListProxy!
06-03 23:47:16.431  1472  1524 D LocationManagerService: Skip applyRequirementsLocked, provider:  provider manager: gps provider isEnabled(): false isBatterySaverDisabling: false isSettingsExempt(record): false record: UpdateRecord[gps 31785/com.teslacoilsw.launcher (background) Request[ACCURACY_FINE gps interval=0 fastestInterval=0 expireIn=+30s0ms num=1] null]
06-03 23:47:16.431  1472  1524 D OplusGnssWhiteListProxy: on get OplusGnssWhiteListProxy!
06-03 23:47:16.431  1472  1524 D LocationManagerService: Skip applyRequirementsLocked, provider:  provider manager: gps provider isEnabled(): false isBatterySaverDisabling: false isSettingsExempt(record): false record: UpdateRecord[gps 31785/com.teslacoilsw.launcher (background) Request[ACCURACY_FINE gps interval=0 fastestInterval=0 expireIn=+30s0ms num=1] null]
06-03 23:47:16.431  1472  1524 D OplusGnssWhiteListProxy: on get OplusGnssWhiteListProxy!
06-03 23:47:16.431  1472  1524 D LocationManagerService: Skip applyRequirementsLocked, provider:  provider manager: gps provider isEnabled(): false isBatterySaverDisabling: false isSettingsExempt(record): false record: UpdateRecord[gps 31785/com.teslacoilsw.launcher (background) Request[ACCURACY_FINE gps interval=0 fastestInterval=0 expireIn=+30s0ms num=1] null]
06-03 23:47:16.431  1472  1524 D OplusGnssWhiteListProxy: on get OplusGnssWhiteListProxy!
06-03 23:47:16.431  1472  1524 D LocationManagerService: Skip applyRequirementsLocked, provider:  provider manager: gps provider isEnabled(): false isBatterySaverDisabling: false isSettingsExempt(record): false record: UpdateRecord[gps 31785/com.teslacoilsw.launcher (background) Request[ACCURACY_FINE gps interval=0 fastestInterval=0 expireIn=+30s0ms num=1] null]
06-03 23:47:16.431  1472  1524 D OplusGnssWhiteListProxy: on get OplusGnssWhiteListProxy!
06-03 23:47:16.431  1472  1524 D LocationManagerService: Skip applyRequirementsLocked, provider:  provider manager: gps provider isEnabled(): false isBatterySaverDisabling: false isSettingsExempt(record): false record: UpdateRecord[gps 31785/com.teslacoilsw.launcher (background) Request[ACCURACY_FINE gps interval=0 fastestInterval=0 expireIn=+30s0ms num=1] null]
06-03 23:47:16.431  1472  1524 D OplusGnssWhiteListProxy: on get OplusGnssWhiteListProxy!
06-03 23:47:16.431  1472  1524 D LocationManagerService: Skip applyRequirementsLocked, provider:  provider manager: gps provider isEnabled(): false isBatterySaverDisabling: false isSettingsExempt(record): false record: UpdateRecord[gps 31785/com.teslacoilsw.launcher (background) Request[ACCURACY_FINE gps interval=0 fastestInterval=0 expireIn=+30s0ms num=1] null]
06-03 23:47:16.431  1472  1524 D OplusGnssWhiteListProxy: on get OplusGnssWhiteListProxy!
06-03 23:47:16.431  1472  1524 D LocationManagerService: Skip applyRequirementsLocked, provider:  provider manager: gps provider isEnabled(): false isBatterySaverDisabling: false isSettingsExempt(record): false record: UpdateRecord[gps 31785/com.teslacoilsw.launcher (background) Request[ACCURACY_FINE gps interval=0 fastestInterval=0 expireIn=+30s0ms num=1] null]
06-03 23:47:16.431  1472  1524 D OplusGnssWhiteListProxy: on get OplusGnssWhiteListProxy!
06-03 23:47:16.432  1472  1524 D LocationManagerService: Skip applyRequirementsLocked, provider:  provider manager: gps provider isEnabled(): false isBatterySaverDisabling: false isSettingsExempt(record): false record: UpdateRecord[gps 31785/com.teslacoilsw.launcher (background) Request[ACCURACY_FINE gps interval=0 fastestInterval=0 expireIn=+30s0ms num=1] null]
06-03 23:47:16.432  1472  1524 D OplusGnssWhiteListProxy: on get OplusGnssWhiteListProxy!
06-03 23:47:16.432  1472  1524 D LocationManagerService: Skip applyRequirementsLocked, provider:  provider manager: gps provider isEnabled(): false isBatterySaverDisabling: false isSettingsExempt(record): false record: UpdateRecord[gps 31785/com.teslacoilsw.launcher (background) Request[ACCURACY_FINE gps interval=0 fastestInterval=0 expireIn=+30s0ms num=1] null]
06-03 23:47:16.432  1472  1524 D OplusGnssWhiteListProxy: on get OplusGnssWhiteListProxy!
06-03 23:47:16.432  1472  1524 D LocationManagerService: Skip applyRequirementsLocked, provider:  provider manager: gps provider isEnabled(): false isBatterySaverDisabling: false isSettingsExempt(record): false record: UpdateRecord[gps 31785/com.teslacoilsw.launcher (background) Request[ACCURACY_FINE gps interval=0 fastestInterval=0 expireIn=+30s0ms num=1] null]
06-03 23:47:16.432  1472  1524 D OplusGnssWhiteListProxy: on get OplusGnssWhiteListProxy!
06-03 23:47:16.432  1472  1524 D LocationManagerService: Skip applyRequirementsLocked, provider:  provider manager: gps provider isEnabled(): false isBatterySaverDisabling: false isSettingsExempt(record): false record: UpdateRecord[gps 31785/com.teslacoilsw.launcher (background) Request[ACCURACY_FINE gps interval=0 fastestInterval=0 expireIn=+30s0ms num=1] null]
06-03 23:47:16.432  1472  1524 D OplusGnssWhiteListProxy: on get OplusGnssWhiteListProxy!
06-03 23:47:16.432  1472  1524 D LocationManagerService: Skip applyRequirementsLocked, provider:  provider manager: gps provider isEnabled(): false isBatterySaverDisabling: false isSettingsExempt(record): false record: UpdateRecord[gps 31785/com.teslacoilsw.launcher (background) Request[ACCURACY_FINE gps interval=0 fastestInterval=0 expireIn=+30s0ms num=1] null]
06-03 23:47:16.432  1472  1524 D OplusGnssWhiteListProxy: on get OplusGnssWhiteListProxy!
06-03 23:47:16.432  1472  1524 D LocationManagerService: Skip applyRequirementsLocked, provider:  provider manager: gps provider isEnabled(): false isBatterySaverDisabling: false isSettingsExempt(record): false record: UpdateRecord[gps 31785/com.teslacoilsw.launcher (background) Request[ACCURACY_FINE gps interval=0 fastestInterval=0 expireIn=+30s0ms num=1] null]
06-03 23:47:16.432  1472  1524 D OplusGnssWhiteListProxy: on get OplusGnssWhiteListProxy!
06-03 23:47:16.432  1472  1524 D LocationManagerService: Skip applyRequirementsLocked, provider:  provider manager: gps provider isEnabled(): false isBatterySaverDisabling: false isSettingsExempt(record): false record: UpdateRecord[gps 31785/com.teslacoilsw.launcher (background) Request[ACCURACY_FINE gps interval=0 fastestInterval=0 expireIn=+30s0ms num=1] null]
06-03 23:47:16.432  1472  1524 D OplusGnssWhiteListProxy: on get OplusGnssWhiteListProxy!
06-03 23:47:16.432  1472  1524 D LocationManagerService: Skip applyRequirementsLocked, provider:  provider manager: gps provider isEnabled(): false isBatterySaverDisabling: false isSettingsExempt(record): false record: UpdateRecord[gps 31785/com.teslacoilsw.launcher (background) Request[ACCURACY_FINE gps interval=0 fastestInterval=0 expireIn=+30s0ms num=1] null]
06-03 23:47:16.432  1472  1524 D OplusGnssWhiteListProxy: on get OplusGnssWhiteListProxy!
06-03 23:47:16.432  1472  1524 D LocationManagerService: Skip applyRequirementsLocked, provider:  provider manager: gps provider isEnabled(): false isBatterySaverDisabling: false isSettingsExempt(record): false record: UpdateRecord[gps 31785/com.teslacoilsw.launcher (background) Request[ACCURACY_FINE gps interval=0 fastestInterval=0 expireIn=+30s0ms num=1] null]
06-03 23:47:16.432  1472  1524 D OplusGnssWhiteListProxy: on get OplusGnssWhiteListProxy!
06-03 23:47:16.432  1472  1524 D LocationManagerService: Skip applyRequirementsLocked, provider:  provider manager: gps provider isEnabled(): false isBatterySaverDisabling: false isSettingsExempt(record): false record: UpdateRecord[gps 31785/com.teslacoilsw.launcher (background) Request[ACCURACY_FINE gps interval=0 fastestInterval=0 expireIn=+30s0ms num=1] null]
06-03 23:47:16.432  1472  1524 D OplusGnssWhiteListProxy: on get OplusGnssWhiteListProxy!
06-03 23:47:16.432  1472  1524 D LocationManagerService: Skip applyRequirementsLocked, provider:  provider manager: gps provider isEnabled(): false isBatterySaverDisabling: false isSettingsExempt(record): false record: UpdateRecord[gps 31785/com.teslacoilsw.launcher (background) Request[ACCURACY_FINE gps interval=0 fastestInterval=0 expireIn=+30s0ms num=1] null]
06-03 23:47:16.432  1472  1524 D OplusGnssWhiteListProxy: on get OplusGnssWhiteListProxy!
06-03 23:47:16.432  1472  1524 D LocationManagerService: Skip applyRequirementsLocked, provider:  provider manager: gps provider isEnabled(): false isBatterySaverDisabling: false isSettingsExempt(record): false record: UpdateRecord[gps 31785/com.teslacoilsw.launcher (background) Request[ACCURACY_FINE gps interval=0 fastestInterval=0 expireIn=+30s0ms num=1] null]
06-03 23:47:16.432  1472  1524 D OplusGnssWhiteListProxy: on get OplusGnssWhiteListProxy!
06-03 23:47:16.432  1472  1524 D LocationManagerService: Skip applyRequirementsLocked, provider:  provider manager: gps provider isEnabled(): false isBatterySaverDisabling: false isSettingsExempt(record): false record: UpdateRecord[gps 31785/com.teslacoilsw.launcher (background) Request[ACCURACY_FINE gps interval=0 fastestInterval=0 expireIn=+30s0ms num=1] null]
06-03 23:47:16.432  1472  1524 D OplusGnssWhiteListProxy: on get OplusGnssWhiteListProxy!
06-03 23:47:16.432  1472  1524 D LocationManagerService: Skip applyRequirementsLocked, provider:  provider manager: gps provider isEnabled(): false isBatterySaverDisabling: false isSettingsExempt(record): false record: UpdateRecord[gps 31785/com.teslacoilsw.launcher (background) Request[ACCURACY_FINE gps interval=0 fastestInterval=0 expireIn=+30s0ms num=1] null]
06-03 23:47:16.432  1472  1524 D OplusGnssWhiteListProxy: on get OplusGnssWhiteListProxy!
06-03 23:47:16.432  1472  1524 D LocationManagerService: Skip applyRequirementsLocked, provider:  provider manager: gps provider isEnabled(): false isBatterySaverDisabling: false isSettingsExempt(record): false record: UpdateRecord[gps 31785/com.teslacoilsw.launcher (background) Request[ACCURACY_FINE gps interval=0 fastestInterval=0 expireIn=+30s0ms num=1] null]
06-03 23:47:16.432  1472  1524 D OplusGnssWhiteListProxy: on get OplusGnssWhiteListProxy!
06-03 23:47:16.432  1472  1524 D LocationManagerService: Skip applyRequirementsLocked, provider:  provider manager: gps provider isEnabled(): false isBatterySaverDisabling: false isSettingsExempt(record): false record: UpdateRecord[gps 31785/com.teslacoilsw.launcher (background) Request[ACCURACY_FINE gps interval=0 fastestInterval=0 expireIn=+30s0ms num=1] null]
06-03 23:47:16.433  1472  1524 D OplusGnssWhiteListProxy: on get OplusGnssWhiteListProxy!
06-03 23:47:16.433  1472  1524 D LocationManagerService: Skip applyRequirementsLocked, provider:  provider manager: gps provider isEnabled(): false isBatterySaverDisabling: false isSettingsExempt(record): false record: UpdateRecord[gps 31785/com.teslacoilsw.launcher (background) Request[ACCURACY_FINE gps interval=0 fastestInterval=0 expireIn=+30s0ms num=1] null]
06-03 23:47:16.434   865   865 I BufferQueueConsumer: [com.teslacoilsw.launcher/com.teslacoilsw.launcher.NovaLauncher#0](id:3610000130e,api:0,p:-1,c:865) disconnect()
06-03 23:47:16.434   865   865 I BufferQueue: [com.teslacoilsw.launcher/com.teslacoilsw.launcher.NovaLauncher#0](this:0xb400007406918658,id:4878,api:1,p:-1,c:-1) onDestructor()
06-03 23:47:16.434   865   865 D OppoExLayer: ~Layer() sequence=28438, name=com.teslacoilsw.launcher/com.teslacoilsw.launcher.NovaLauncher#0@0xb4000073f5a7c000
06-03 23:47:16.435  1472  4338 I InputDispatcher: Window went away: com.teslacoilsw.launcher/com.teslacoilsw.launcher.NovaLauncher#0
06-03 23:47:16.435   814   890 I hwcomposer: [HRT] only_has_blit_dev_job:0, run simpleLayeringRule.
06-03 23:47:16.442 12548 12548 D LifecycleMonitor: Lifecycle status change: com.example.dogglers.MainActivity@b669986 in: PRE_ON_CREATE
06-03 23:47:16.443 12548 12548 V ActivityScenario: Activity lifecycle changed event received but ignored because the reported transition was not ON_CREATE while the last known transition was PRE_ON_CREATE
06-03 23:47:16.454   814   890 I hwcomposer: [HRT] only_has_blit_dev_job:0, run simpleLayeringRule.
06-03 23:47:16.468   814   890 I chatty  : uid=1000(system) HwBinder:814_2 identical 1 line
06-03 23:47:16.484   814   890 I hwcomposer: [HRT] only_has_blit_dev_job:0, run simpleLayeringRule.
06-03 23:47:16.491 21373 21421 D HoraeHelper: getAllShellTemps tSize : 4
06-03 23:47:16.491 21373 21421 D HoraeHelper: getAllShellTemps tSize : 4
06-03 23:47:16.501   814   890 I hwcomposer: [HRT] only_has_blit_dev_job:0, run simpleLayeringRule.
06-03 23:47:16.534   814   890 I chatty  : uid=1000(system) HwBinder:814_2 identical 2 lines
06-03 23:47:16.550   814   890 I hwcomposer: [HRT] only_has_blit_dev_job:0, run simpleLayeringRule.
06-03 23:47:16.563 12548 12548 W xample.doggler: Accessing hidden method Landroid/view/View;->computeFitSystemWindows(Landroid/graphics/Rect;Landroid/graphics/Rect;)Z (greylist, reflection, allowed)
06-03 23:47:16.564 12548 12548 W xample.doggler: Accessing hidden method Landroid/view/ViewGroup;->makeOptionalFitsSystemWindows()V (greylist, reflection, allowed)
06-03 23:47:16.567   814   890 I hwcomposer: [HRT] only_has_blit_dev_job:0, run simpleLayeringRule.
06-03 23:47:16.571 12548 12548 D LifecycleMonitor: Lifecycle status change: com.example.dogglers.MainActivity@b669986 in: CREATED
06-03 23:47:16.572 12548 12548 V ActivityScenario: Update currentActivityStage to CREATED, currentActivity=com.example.dogglers.MainActivity@b669986
06-03 23:47:16.574 12548 12548 D LifecycleMonitor: Lifecycle status change: com.example.dogglers.MainActivity@b669986 in: STARTED
06-03 23:47:16.574 12548 12548 V ActivityScenario: Update currentActivityStage to STARTED, currentActivity=com.example.dogglers.MainActivity@b669986
06-03 23:47:16.576 12548 12548 D LifecycleMonitor: Lifecycle status change: com.example.dogglers.MainActivity@b669986 in: RESUMED
06-03 23:47:16.576 12548 12548 V ActivityScenario: Update currentActivityStage to RESUMED, currentActivity=com.example.dogglers.MainActivity@b669986
06-03 23:47:16.581 12548 12548 I SurfaceFactory: [static] sSurfaceFactory = com.mediatek.view.impl.SurfaceFactoryImpl@647b82e
06-03 23:47:16.582   865   938 I SurfaceFlinger: [SF client] NEW(0xb4000073f0254cc0) for (12548:com.example.dogglers)
06-03 23:47:16.584   814   890 I hwcomposer: [HRT] only_has_blit_dev_job:0, run simpleLayeringRule.
06-03 23:47:16.591 12548 12590 D EventInjectionStrategy: Creating injection strategy with input manager.
06-03 23:47:16.591 12548 12590 W xample.doggler: Accessing hidden method Landroid/hardware/input/InputManager;->getInstance()Landroid/hardware/input/InputManager; (greylist, reflection, allowed)
06-03 23:47:16.592 12548 12590 W xample.doggler: Accessing hidden method Landroid/hardware/input/InputManager;->injectInputEvent(Landroid/view/InputEvent;I)Z (greylist, reflection, allowed)
06-03 23:47:16.592 12548 12590 W xample.doggler: Accessing hidden field Landroid/hardware/input/InputManager;->INJECT_INPUT_EVENT_MODE_WAIT_FOR_FINISH:I (greylist, reflection, allowed)
06-03 23:47:16.592 12548 12548 I OplusFeatureCache: Milliseconds spent on init(): 8
06-03 23:47:16.594 12548 12548 D OplusSlideAnimOptHelper: scrollEffectOpt enable = false
06-03 23:47:16.600   814   890 I hwcomposer: [HRT] only_has_blit_dev_job:0, run simpleLayeringRule.
06-03 23:47:16.605 12548 12548 D ViewRootImpl[MainActivity]: hardware acceleration = true , fakeHwAccelerated = false, sRendererDisabled = false, forceHwAccelerated = false, sSystemRendererDisabled = false
06-03 23:47:16.606  1472  4338 D OppoDisplayPolicy: com.example.dogglers, no change cutoutMode: 0
06-03 23:47:16.606   865   938 I SurfaceFlinger: [SF client] NEW(0xb4000073f02e74c0) for (1472:system_server)
06-03 23:47:16.607   865   938 D DispPerfService: get hint proc=3e0a620 com.example.dogglers, idx=0 none
06-03 23:47:16.609 12548 12548 E libEGL  : Invalid file path for libcolorx-loader.so
06-03 23:47:16.609 12548 12548 D libMEOW : applied 0 plugin for [com.example.dogglers].
06-03 23:47:16.609 12548 12548 E libEGL  : Invalid file path for libcolorx-loader.so
06-03 23:47:16.609 12548 12548 I chatty  : uid=10242(com.example.dogglers) identical 3 lines
06-03 23:47:16.609 12548 12548 E libEGL  : Invalid file path for libcolorx-loader.so
06-03 23:47:16.609 12548 12548 I InputTransport: Create ARC handle: 0xb40000782d074080
06-03 23:47:16.610 12548 12548 V PhoneWindow: DecorView setVisiblity: visibility = 0, Parent = android.view.ViewRootImpl@7829f06, this = DecorView@3b5b9c7[MainActivity]
06-03 23:47:16.611 12548 12548 D LifecycleMonitor: Lifecycle status change: androidx.test.core.app.InstrumentationActivityInvoker$BootstrapActivity@69eced6 in: STOPPED
06-03 23:47:16.612 12548 12548 V ActivityScenario: Activity lifecycle changed event received but ignored because the intent does not match. startActivityIntent=Intent { act=android.intent.action.MAIN cat=[android.intent.category.LAUNCHER] cmp=com.example.dogglers/.MainActivity }, activity.getIntent()=Intent { act=android.intent.action.MAIN cat=[android.intent.category.LAUNCHER] flg=0x10008000 cmp=com.example.dogglers/androidx.test.core.app.InstrumentationActivityInvoker$BootstrapActivity (has extras) mCallingUid=10242 }, activity=androidx.test.core.app.InstrumentationActivityInvoker$BootstrapActivity@69eced6
06-03 23:47:16.618   814   890 I hwcomposer: [HRT] only_has_blit_dev_job:0, run simpleLayeringRule.
06-03 23:47:16.632  1472  4338 D OppoDisplayPolicy: com.example.dogglers, no change cutoutMode: 0
06-03 23:47:16.634   865   938 D DispPerfService: get hint proc=com.example.dogglers, idx=0 none
06-03 23:47:16.634   865   938 I BufferQueueConsumer: [](id:36100001311,api:0,p:-1,c:865) connect(): controlledByApp=false
06-03 23:47:16.635   865   938 I BufferQueue: [unnamed-865-4881](this:0xb4000074a62f3e58,id:4881,api:0,p:-1,c:-1) BufferQueue core=(865:/system/bin/surfaceflinger)
06-03 23:47:16.636   814   890 I hwcomposer: [HRT] only_has_blit_dev_job:0, run simpleLayeringRule.
06-03 23:47:16.637   865  1393 D DispPerfService: get hint proc=Surface(name=3c9c3ca StatusBar), idx=0 none
06-03 23:47:16.638   865  1393 D DispPerfService: get hint proc=Surface(name=8790d11 NavigationBar0), idx=0 none
06-03 23:47:16.639  1472  4338 D Theia.NoFocusWindow: FocusWindowErrorScene cancelCheckFreezeScreen
06-03 23:47:16.646 12548 12602 E libEGL  : Invalid file path for libcolorx-loader.so
06-03 23:47:16.646 12548 12602 D libMEOW : applied 0 plugin for [com.example.dogglers].
06-03 23:47:16.650   814   890 I hwcomposer: [HRT] only_has_blit_dev_job:0, run simpleLayeringRule.
06-03 23:47:16.652 12548 12602 E EGL-gift: Cannot load register apis
06-03 23:47:16.652   540   540 I hwservicemanager: getTransport: Cannot find entry android.hardware.configstore@1.0::ISurfaceFlingerConfigs/default in either framework or device manifest.
06-03 23:47:16.654 12548 12602 E libEGL  : Invalid file path for libcolorx-loader.so
06-03 23:47:16.657 12548 12602 I chatty  : uid=10242(com.example.dogglers) RenderThread identical 62 lines
06-03 23:47:16.657 12548 12602 E libEGL  : Invalid file path for libcolorx-loader.so
06-03 23:47:16.658   865  1393 I BufferQueueProducer: [com.example.dogglers/com.example.dogglers.MainActivity#0](id:36100001311,api:1,p:12548,c:865) connect(): api=1 producerControlledByApp=false
06-03 23:47:16.666   865   865 D OppoExLayer: ~Layer() sequence=28463, name=Surface(name=3c9c3ca StatusBar)/@0xba48ab7 - animation-leash#0@0xb4000073f5a27000
06-03 23:47:16.666   865   865 D OppoExLayer: ~Layer() sequence=28464, name=Surface(name=8790d11 NavigationBar0)/@0x7dd0224 - animation-leash#0@0xb4000073f5a4b000
06-03 23:47:16.668  1472  3936 I InputDispatcher: Window went away: com.example.dogglers/com.example.dogglers.MainActivity#0
06-03 23:47:16.669   814   890 I hwcomposer: [HRT] only_has_blit_dev_job:0, run simpleLayeringRule.
06-03 23:47:16.673 12548 12602 E ion     : ioctl c0044901 failed with code -1: Invalid argument
06-03 23:47:16.713   865  1393 D DispPerfService: onframeavailable pid=12548, slot=4, seq=28467, name=com.example.dogglers:com.example.dogglers/com.example.dogglers.MainActivity#0
06-03 23:47:16.716   814   890 I hwcomposer: [HRT] only_has_blit_dev_job:0, run simpleLayeringRule.
06-03 23:47:16.718  1472  3821 I ColorHansManager : unfreeze uid: 10220 package: com.nearme.gamecenter reason: F-direct scene: FastFreezerScene
06-03 23:47:16.718  1472  1537 D ArtManagerInternalImpl: /data/misc/iorapd/com.example.dogglers/1/com.example.dogglers.MainActivity/compiled_traces/compiled_trace.pb doesn't exist
06-03 23:47:16.718  1472  3821 I ColorHansManager : unfreeze uid: 10236 package: com.twitter.android reason: F-direct scene: FastFreezerScene
06-03 23:47:16.718  1472  1537 I ActivityTaskManager: Displayed com.example.dogglers/.MainActivity: +439ms
06-03 23:47:16.719  1472  3821 I ColorHansManager : unfreeze uid: 10238 package: com.facebook.katana reason: F-direct scene: FastFreezerScene
06-03 23:47:16.719  1472  1528 D View    : [Warning] assignParent to null: this = DecorView@48a7ca5[dogglers]
06-03 23:47:16.720  1472  3821 I ColorHansManager : unfreeze uid: 10307 package: com.lenovo.anyshare.gps reason: F-direct scene: FastFreezerScene
06-03 23:47:16.720   865  1393 I BufferQueueProducer: [Splash Screen com.example.dogglers#0](id:36100001310,api:2,p:1472,c:865) disconnect(): api=2
06-03 23:47:16.720  1472  3821 I ColorHansManager : uid: 10307, state: M -> D
06-03 23:47:16.720  1472  3821 I ColorHansManager : unfreeze uid: 10290 package: com.komoe.fsgp reason: F-direct scene: FastFreezerScene
06-03 23:47:16.720  1472  3821 I ColorHansManager : uid: 10290, state: M -> D
06-03 23:47:16.721  1472  3821 I ColorHansManager : unfreeze uid: 10279 package: com.myfitnesspal.android reason: F-direct scene: FastFreezerScene
06-03 23:47:16.721   865  1393 D DispPerfService: get hint proc=Surface(name=790488b Splash Screen com.example.dogglers), idx=0 none
06-03 23:47:16.721  1472  3821 I ColorHansManager : uid: 10279, state: M -> D
06-03 23:47:16.721  1472  3821 I ColorHansManager : exit fastfreezer, reason:F-direct
06-03 23:47:16.722  1472  3822 W OplusLocationManagerService: NavigateMode doesn't match LocationMode
06-03 23:47:16.722  1472  3822 I ColorHansManager : stateRToFFreeze--imporant case: pkgName: com.myfitnesspal.android, reason: lastResumeProtect
06-03 23:47:16.722  1472  3822 W OplusLocationManagerService: NavigateMode doesn't match LocationMode
06-03 23:47:16.722  1472  3822 I ColorHansManager : stateRToFFreeze--imporant case: pkgName: com.komoe.fsgp, reason: lastResumeProtect
06-03 23:47:16.722  1472  3822 W OplusLocationManagerService: NavigateMode doesn't match LocationMode
06-03 23:47:16.722  1472  3822 I ColorHansManager : stateRToFFreeze--imporant case: pkgName: com.lenovo.anyshare.gps, reason: lastResumeProtect
06-03 23:47:16.724  1472  1528 I InputTransport: Destroy ARC handle: 0xb400007794ac0440
06-03 23:47:16.733  1472  4338 I InputDispatcher: Focus entered window: Window{3e0a620 u0 com.example.dogglers/com.example.dogglers.MainActivity} in display 0
06-03 23:47:16.733   814   890 I hwcomposer: [HRT] only_has_blit_dev_job:0, run simpleLayeringRule.
06-03 23:47:16.749  1472  4338 I InputDispatcher: Window went away: Window{790488b u0 Splash Screen com.example.dogglers}
06-03 23:47:16.749   814   890 I hwcomposer: [HRT] only_has_blit_dev_job:0, run simpleLayeringRule.
06-03 23:47:16.753 12548 12548 W xample.doggler: Accessing hidden method Landroid/os/MessageQueue;->next()Landroid/os/Message; (greylist, reflection, allowed)
06-03 23:47:16.753 12548 12548 W xample.doggler: Accessing hidden field Landroid/os/MessageQueue;->mMessages:Landroid/os/Message; (greylist, reflection, allowed)
06-03 23:47:16.754 12548 12548 W xample.doggler: Accessing hidden method Landroid/os/Message;->recycleUnchecked()V (greylist, reflection, allowed)
06-03 23:47:16.756  1472  4338 D InputMethodManagerService: isSecurity: attribute.packageName=com.example.dogglers
06-03 23:47:16.756  1472  4338 D InputMethodManagerService: isSecurity= false (  enable=false needShow=false inBlackList=false  isExist=true )
06-03 23:47:16.758  8485  8485 E libEGL  : Invalid file path for libcolorx-loader.so
06-03 23:47:16.758  8485  8485 I chatty  : uid=10137(com.google.android.inputmethod.latin) identical 4 lines
06-03 23:47:16.759  8485  8485 E libEGL  : Invalid file path for libcolorx-loader.so
06-03 23:47:16.759  8485  8485 I InputTransport: Create ARC handle: 0xb40000782c641740
06-03 23:47:16.761   865   938 D DispPerfService: get hint proc=Surface(name=8cf94b9 InputMethod), idx=0 none
06-03 23:47:16.763  8485  8485 I GoogleInputMethodService: GoogleInputMethodService.onFinishInput():3204
06-03 23:47:16.763  8485  8485 I GoogleInputMethodService: GoogleInputMethodService.updateDeviceLockedStatus():2100 checkRepeatedly = false, unlocked = true
06-03 23:47:16.764  8485  8485 I GoogleInputMethodService: GoogleInputMethodService.onStartInput():1903 onStartInput(EditorInfo{inputType=0x0(NULL) imeOptions=0x0 privateImeOptions=null actionName=UNSPECIFIED actionLabel=null actionId=0 initialSelStart=-1 initialSelEnd=-1 initialCapsMode=0x0 hintText=null label=null packageName=com.example.dogglers fieldId=-1 fieldName=null extras=null}, false)
06-03 23:47:16.764 12548 12548 W xample.doggler: Accessing hidden method Landroid/view/WindowManagerGlobal;->getInstance()Landroid/view/WindowManagerGlobal; (greylist, reflection, allowed)
06-03 23:47:16.764 12548 12548 W xample.doggler: Accessing hidden field Landroid/view/WindowManagerGlobal;->mViews:Ljava/util/ArrayList; (greylist, reflection, allowed)
06-03 23:47:16.764 12548 12548 W xample.doggler: Accessing hidden field Landroid/view/WindowManagerGlobal;->mParams:Ljava/util/ArrayList; (greylist, reflection, allowed)
06-03 23:47:16.764  8485  8485 I GoogleInputMethodService: GoogleInputMethodService.updateDeviceLockedStatus():2100 checkRepeatedly = true, unlocked = true
06-03 23:47:16.767   814   890 I hwcomposer: [HRT] only_has_blit_dev_job:0, run simpleLayeringRule.
06-03 23:47:16.767 12548 12548 I ViewInteraction: Checking 'MatchesViewAssertion{viewMatcher=(view has effective visibility <VISIBLE> and view.getGlobalVisibleRect() to return non-empty rectangle)}' assertion on view view.getId() is <2131230936/com.example.dogglers:id/grid_btn>
06-03 23:47:16.768  1472  4338 D OppoDisplayPolicy: com.android.systemui, change system app cutoutMode: color always
06-03 23:47:16.770  8485  8485 V PhoneWindow: DecorView setVisiblity: visibility = 8, Parent = android.view.ViewRootImpl@c231d3d, this = DecorView@80a3932[InputMethod]
06-03 23:47:16.773   841   870 I mtkpower@impl: [setMode] type:5, enabled:0
06-03 23:47:16.774 12548 12590 E Parcel  : Reading a NULL string not supported here.
06-03 23:47:16.778  1472  3042 I mtkpower_client: perf_lock_rel, hdl:66299, tid:3042
06-03 23:47:16.778  1472  3042 I mtkpower_client: perf_lock_acq, hdl:66299, dur:0, num:12, tid:3042
06-03 23:47:16.779   841   903 I libPowerHal: [perfLockRel] hdl:66299, idx:0
06-03 23:47:16.779   841   903 I libPowerHal: [PD] scn:0 hdl:66299 lock_user:system_server pid:1472 tid:3042 dur:0
06-03 23:47:16.779   841   903 I libPowerHal: system_server: cpu_ctrl set cpu freq: -1 -1 -1 -1
06-03 23:47:16.779   841   903 I libPowerHal: [PD] system_server update cmd:1410000 param:0
06-03 23:47:16.779   865  1393 D DispPerfService: get hint proc=ActivityRecord{df10ab9 u0 com.example.dogglers, idx=0 none
06-03 23:47:16.779   841   903 I libPowerHal: [PD] system_server update cmd:10000100 param:0
06-03 23:47:16.779   841   903 I libPowerHal: [PD] system_server update cmd:1c3c000, param:1
06-03 23:47:16.780   841   903 I libPowerHal: [perfLockAcq] idx:0 hdl:66300 hint:-1 pid:1472 duration:0 => ret_hdl:66300
06-03 23:47:16.780   841   903 I libPowerHal: [PE] scn:0 hdl:66300 lock_user:system_server pid:1472 tid:3042 dur:0
06-03 23:47:16.780  1472  3042 I mtkpower_client: ret_hdl:66300
06-03 23:47:16.780   841   903 I libPowerHal: system_server: cpu_ctrl set cpu freq: 2000000 -1 2203000 -1
06-03 23:47:16.780   841   903 I libPowerHal: [PE] system_server update cmd:1410000, param:1
06-03 23:47:16.781   841   903 I libPowerHal: [PE] system_server update cmd:10000100, param:0
06-03 23:47:16.781   841   903 I libPowerHal: [PE] system_server update cmd:1c3c000, param:0
06-03 23:47:16.781   841   870 I mtkpower@impl: [setMode] type:5, enabled:1
06-03 23:47:16.783   814   890 I hwcomposer: [HRT] only_has_blit_dev_job:0, run simpleLayeringRule.
06-03 23:47:16.794  1472  6015 D OppoDisplayPolicy: com.android.systemui, change system app cutoutMode: color always
06-03 23:47:16.799   814   890 I hwcomposer: [HRT] only_has_blit_dev_job:0, run simpleLayeringRule.
06-03 23:47:16.800 12548 12548 D LifecycleMonitor: Lifecycle status change: com.example.dogglers.MainActivity@b669986 in: PAUSED
06-03 23:47:16.800 12548 12548 V ActivityScenario: Update currentActivityStage to PAUSED, currentActivity=com.example.dogglers.MainActivity@b669986
06-03 23:47:16.801  1472  1483 W System  : A resource failed to call release.
06-03 23:47:16.805  1472  6047 I InputDispatcher: setFocusedApplication displayId=0 <invalid>
06-03 23:47:16.805   841   869 I mtkpower@impl: [notifyAppState] act com.example.dogglers.MainActivity => androidx.test.core.app.InstrumentationActivityInvoker$EmptyActivity
06-03 23:47:16.807   865  1393 D DispPerfService: get hint proc=Surface(name=3c9c3ca StatusBar), idx=0 none
06-03 23:47:16.807   865  1393 D DispPerfService: get hint proc=Surface(name=8790d11 NavigationBar0), idx=0 none
06-03 23:47:16.808  1472  6047 D Theia.NoFocusWindow: FocusWindowErrorScene CheckFreezeScreen
06-03 23:47:16.813  1472  3042 I mtkpower_client: perf_lock_rel, hdl:66300, tid:3042
06-03 23:47:16.813  1472  3042 I mtkpower_client: perf_lock_acq, hdl:66300, dur:0, num:12, tid:3042
06-03 23:47:16.815   865   865 D OppoExLayer: ~Layer() sequence=28458, name=Surface(name=8cf94b9 InputMethod)/@0xf89605f - animation-leash#1@0xb4000073f5a21000
06-03 23:47:16.816 12548 12628 E libEGL  : Invalid file path for libcolorx-loader.so
06-03 23:47:16.816 12548 12628 D libMEOW : applied 0 plugin for [com.example.dogglers].
06-03 23:47:16.816   814   890 I hwcomposer: [HRT] only_has_blit_dev_job:0, run simpleLayeringRule.
06-03 23:47:16.817   841   903 I libPowerHal: [perfLockRel] hdl:66300, idx:0
06-03 23:47:16.817   841   903 I libPowerHal: [PD] scn:0 hdl:66300 lock_user:system_server pid:1472 tid:3042 dur:0
06-03 23:47:16.817   841   903 I libPowerHal: system_server: cpu_ctrl set cpu freq: -1 -1 -1 -1
06-03 23:47:16.817   841   903 I libPowerHal: [PD] system_server update cmd:1410000 param:0
06-03 23:47:16.817   841   903 I libPowerHal: [PD] system_server update cmd:10000100 param:0
06-03 23:47:16.817   841   903 I libPowerHal: [PD] system_server update cmd:1c3c000, param:1
06-03 23:47:16.817 12548 12548 D LifecycleMonitor: Lifecycle status change: androidx.test.core.app.InstrumentationActivityInvoker$EmptyActivity@af6e58e in: PRE_ON_CREATE
06-03 23:47:16.818  1472  3042 I mtkpower_client: ret_hdl:66301
06-03 23:47:16.818 12548 12548 V ActivityScenario: Activity lifecycle changed event received but ignored because the intent does not match. startActivityIntent=Intent { act=android.intent.action.MAIN cat=[android.intent.category.LAUNCHER] cmp=com.example.dogglers/.MainActivity }, activity.getIntent()=Intent { act=android.intent.action.MAIN cat=[android.intent.category.LAUNCHER] flg=0x10000000 cmp=com.example.dogglers/androidx.test.core.app.InstrumentationActivityInvoker$EmptyActivity mCallingUid=10242 }, activity=androidx.test.core.app.InstrumentationActivityInvoker$EmptyActivity@af6e58e
06-03 23:47:16.818   841   903 I libPowerHal: [perfLockAcq] idx:0 hdl:66301 hint:-1 pid:1472 duration:0 => ret_hdl:66301
06-03 23:47:16.818   841   903 I libPowerHal: [PE] scn:0 hdl:66301 lock_user:system_server pid:1472 tid:3042 dur:0
06-03 23:47:16.818   841   903 I libPowerHal: system_server: cpu_ctrl set cpu freq: 2000000 -1 2203000 -1
06-03 23:47:16.818   841   903 I libPowerHal: [PE] system_server update cmd:1410000, param:1
06-03 23:47:16.818   841   903 I libPowerHal: [PE] system_server update cmd:10000100, param:0
06-03 23:47:16.818   841   903 I libPowerHal: [PE] system_server update cmd:1c3c000, param:0
06-03 23:47:16.828 12548 12548 D LifecycleMonitor: Lifecycle status change: androidx.test.core.app.InstrumentationActivityInvoker$EmptyActivity@af6e58e in: CREATED
06-03 23:47:16.828 12548 12548 V ActivityScenario: Activity lifecycle changed event received but ignored because the intent does not match. startActivityIntent=Intent { act=android.intent.action.MAIN cat=[android.intent.category.LAUNCHER] cmp=com.example.dogglers/.MainActivity }, activity.getIntent()=Intent { act=android.intent.action.MAIN cat=[android.intent.category.LAUNCHER] flg=0x10000000 cmp=com.example.dogglers/androidx.test.core.app.InstrumentationActivityInvoker$EmptyActivity mCallingUid=10242 }, activity=androidx.test.core.app.InstrumentationActivityInvoker$EmptyActivity@af6e58e
06-03 23:47:16.830 12548 12548 D LifecycleMonitor: Lifecycle status change: androidx.test.core.app.InstrumentationActivityInvoker$EmptyActivity@af6e58e in: STARTED
06-03 23:47:16.830 12548 12548 V ActivityScenario: Activity lifecycle changed event received but ignored because the intent does not match. startActivityIntent=Intent { act=android.intent.action.MAIN cat=[android.intent.category.LAUNCHER] cmp=com.example.dogglers/.MainActivity }, activity.getIntent()=Intent { act=android.intent.action.MAIN cat=[android.intent.category.LAUNCHER] flg=0x10000000 cmp=com.example.dogglers/androidx.test.core.app.InstrumentationActivityInvoker$EmptyActivity mCallingUid=10242 }, activity=androidx.test.core.app.InstrumentationActivityInvoker$EmptyActivity@af6e58e
06-03 23:47:16.832  1472  6047 I InputDispatcher: Focus left window: Window{3e0a620 u0 com.example.dogglers/com.example.dogglers.MainActivity} in display 0
06-03 23:47:16.832  1472  6047 I InputDispatcher: Window went away: Window{3e0a620 u0 com.example.dogglers/com.example.dogglers.MainActivity}
06-03 23:47:16.832   814   890 I hwcomposer: [HRT] only_has_blit_dev_job:0, run simpleLayeringRule.
06-03 23:47:16.833 12548 12548 D LifecycleMonitor: Lifecycle status change: androidx.test.core.app.InstrumentationActivityInvoker$EmptyActivity@af6e58e in: RESUMED
06-03 23:47:16.834 12548 12548 V ActivityScenario: Activity lifecycle changed event received but ignored because the intent does not match. startActivityIntent=Intent { act=android.intent.action.MAIN cat=[android.intent.category.LAUNCHER] cmp=com.example.dogglers/.MainActivity }, activity.getIntent()=Intent { act=android.intent.action.MAIN cat=[android.intent.category.LAUNCHER] flg=0x10000000 cmp=com.example.dogglers/androidx.test.core.app.InstrumentationActivityInvoker$EmptyActivity mCallingUid=10242 }, activity=androidx.test.core.app.InstrumentationActivityInvoker$EmptyActivity@af6e58e
06-03 23:47:16.834 12548 12548 V PhoneWindow: DecorView setVisiblity: visibility = 4, Parent = null, this = DecorView@1ffcc9a[]
06-03 23:47:16.834   865   938 I SurfaceFlinger: [SF client] NEW(0xb4000073f0256640) for (12548:com.example.dogglers)
06-03 23:47:16.838 12548 12548 D ViewRootImpl[InstrumentationActivityInvoker$EmptyActivity]: hardware acceleration = true , fakeHwAccelerated = false, sRendererDisabled = false, forceHwAccelerated = false, sSystemRendererDisabled = false
06-03 23:47:16.839  1472  6047 D OppoDisplayPolicy: com.example.dogglers, no change cutoutMode: 0
06-03 23:47:16.839   865  1393 D DispPerfService: get hint proc=a9684dc com.example.dogglers, idx=0 none
06-03 23:47:16.841 12548 12548 E libEGL  : Invalid file path for libcolorx-loader.so
06-03 23:47:16.841 12548 12548 I chatty  : uid=10242(com.example.dogglers) identical 4 lines
06-03 23:47:16.841 12548 12548 E libEGL  : Invalid file path for libcolorx-loader.so
06-03 23:47:16.841 12548 12548 I InputTransport: Create ARC handle: 0xb4000078213ffa60
06-03 23:47:16.842 12548 12548 V PhoneWindow: DecorView setVisiblity: visibility = 0, Parent = android.view.ViewRootImpl@252e8c1, this = DecorView@1ffcc9a[InstrumentationActivityInvoker$EmptyActivity]
06-03 23:47:16.844  8485  8485 V PhoneWindow: DecorView setVisiblity: visibility = 8, Parent = android.view.ViewRootImpl@c231d3d, this = DecorView@80a3932[InputMethod]
06-03 23:47:16.848   865   865 D OppoExLayer: ~Layer() sequence=28468, name=Surface(name=3c9c3ca StatusBar)/@0xba48ab7 - animation-leash#1@0xb4000073f5afd000
06-03 23:47:16.848   865   865 D OppoExLayer: ~Layer() sequence=28469, name=Surface(name=8790d11 NavigationBar0)/@0x7dd0224 - animation-leash#1@0xb4000073f5bc8000
06-03 23:47:16.849   814   890 I hwcomposer: [HRT] only_has_blit_dev_job:0, run simpleLayeringRule.
06-03 23:47:16.850  1472  6047 D OppoDisplayPolicy: com.example.dogglers, no change cutoutMode: 0
06-03 23:47:16.852   865  1393 D DispPerfService: get hint proc=com.example.dogglers, idx=0 none
06-03 23:47:16.852   865  1393 I BufferQueueConsumer: [](id:36100001312,api:0,p:-1,c:865) connect(): controlledByApp=false
06-03 23:47:16.852   865  1393 I BufferQueue: [unnamed-865-4882](this:0xb4000074068dfe58,id:4882,api:0,p:-1,c:-1) BufferQueue core=(865:/system/bin/surfaceflinger)
06-03 23:47:16.854   865  1393 D DispPerfService: get hint proc=Surface(name=3c9c3ca StatusBar), idx=0 none
06-03 23:47:16.854   865  1393 D DispPerfService: get hint proc=Surface(name=8790d11 NavigationBar0), idx=0 none
06-03 23:47:16.855  1472  6047 D Theia.NoFocusWindow: FocusWindowErrorScene cancelCheckFreezeScreen
06-03 23:47:16.859   865  1393 I BufferQueueProducer: [com.example.dogglers/androidx.test.core.app.InstrumentationActivityInvoker$EmptyActivity#0](id:36100001312,api:1,p:12548,c:865) connect(): api=1 producerControlledByApp=false
06-03 23:47:16.866   814   890 I hwcomposer: [HRT] only_has_blit_dev_job:0, run simpleLayeringRule.
06-03 23:47:16.881   865   865 D OppoExLayer: ~Layer() sequence=28473, name=Surface(name=3c9c3ca StatusBar)/@0xba48ab7 - animation-leash#0@0xb4000073f5837000
06-03 23:47:16.881   865   865 D OppoExLayer: ~Layer() sequence=28474, name=Surface(name=8790d11 NavigationBar0)/@0x7dd0224 - animation-leash#0@0xb4000073f5842000
06-03 23:47:16.881  1472  6047 I InputDispatcher: Window went away: com.example.dogglers/androidx.test.core.app.InstrumentationActivityInvoker$EmptyActivity#0
06-03 23:47:16.882   814   890 I hwcomposer: [HRT] only_has_blit_dev_job:0, run simpleLayeringRule.
06-03 23:47:16.890   865  1393 D DispPerfService: onframeavailable pid=12548, slot=0, seq=28476, name=com.example.dogglers:com.example.dogglers/androidx.test.core.app.InstrumentationActivityInvoker$EmptyActivity#0
06-03 23:47:16.894  1472  1537 I ActivityTaskManager: Displayed com.example.dogglers/androidx.test.core.app.InstrumentationActivityInvoker$EmptyActivity: +116ms
06-03 23:47:16.899   814   890 I hwcomposer: [HRT] only_has_blit_dev_job:0, run simpleLayeringRule.
06-03 23:47:16.902 12548 12548 D LifecycleMonitor: Lifecycle status change: com.example.dogglers.MainActivity@b669986 in: STOPPED
06-03 23:47:16.902 12548 12548 V ActivityScenario: Update currentActivityStage to STOPPED, currentActivity=com.example.dogglers.MainActivity@b669986
06-03 23:47:16.902  1472  3042 I mtkpower_client: perf_lock_rel, hdl:66301, tid:3042
06-03 23:47:16.903  1472  3042 I mtkpower_client: perf_lock_acq, hdl:66301, dur:0, num:12, tid:3042
06-03 23:47:16.903   841   903 I libPowerHal: [perfLockRel] hdl:66301, idx:0
06-03 23:47:16.903   841   903 I libPowerHal: [PD] scn:0 hdl:66301 lock_user:system_server pid:1472 tid:3042 dur:0
06-03 23:47:16.903   841   903 I libPowerHal: system_server: cpu_ctrl set cpu freq: -1 -1 -1 -1
06-03 23:47:16.903   841   903 I libPowerHal: [PD] system_server update cmd:1410000 param:0
06-03 23:47:16.903   841   903 I libPowerHal: [PD] system_server update cmd:10000100 param:0
06-03 23:47:16.903   841   903 I libPowerHal: [PD] system_server update cmd:1c3c000, param:1
06-03 23:47:16.903 12548 12548 V PhoneWindow: DecorView setVisiblity: visibility = 4, Parent = android.view.ViewRootImpl@7829f06, this = DecorView@3b5b9c7[MainActivity]
06-03 23:47:16.903  1472  3042 I mtkpower_client: ret_hdl:66302
06-03 23:47:16.903   841   903 I libPowerHal: [perfLockAcq] idx:0 hdl:66302 hint:-1 pid:1472 duration:0 => ret_hdl:66302
06-03 23:47:16.903   841   903 I libPowerHal: [PE] scn:0 hdl:66302 lock_user:system_server pid:1472 tid:3042 dur:0
06-03 23:47:16.904   841   903 I libPowerHal: system_server: cpu_ctrl set cpu freq: 2000000 -1 2203000 -1
06-03 23:47:16.904   841   903 I libPowerHal: [PE] system_server update cmd:1410000, param:1
06-03 23:47:16.904   841   903 I libPowerHal: [PE] system_server update cmd:10000100, param:0
06-03 23:47:16.904   841   903 I libPowerHal: [PE] system_server update cmd:1c3c000, param:0
06-03 23:47:16.904 12548 12548 D LifecycleMonitor: Lifecycle status change: com.example.dogglers.MainActivity@b669986 in: DESTROYED
06-03 23:47:16.904 12548 12548 V ActivityScenario: Update currentActivityStage to DESTROYED, currentActivity=null
06-03 23:47:16.906 12548 12590 E Parcel  : Reading a NULL string not supported here.
06-03 23:47:16.907  1472  3042 I mtkpower_client: perf_lock_rel, hdl:66302, tid:3042
06-03 23:47:16.907  1472  3042 I mtkpower_client: perf_lock_acq, hdl:66302, dur:0, num:12, tid:3042
06-03 23:47:16.907   841   903 I libPowerHal: [perfLockRel] hdl:66302, idx:0
06-03 23:47:16.907   841   903 I libPowerHal: [PD] scn:0 hdl:66302 lock_user:system_server pid:1472 tid:3042 dur:0
06-03 23:47:16.908   865  1393 I BufferQueueProducer: [com.example.dogglers/com.example.dogglers.MainActivity#0](id:36100001311,api:1,p:12548,c:865) disconnect(): api=1
06-03 23:47:16.908   841   903 I libPowerHal: system_server: cpu_ctrl set cpu freq: -1 -1 -1 -1
06-03 23:47:16.908   841   903 I libPowerHal: [PD] system_server update cmd:1410000 param:0
06-03 23:47:16.908   841   903 I libPowerHal: [PD] system_server update cmd:10000100 param:0
06-03 23:47:16.908   865   938 D DispPerfService: get hint proc=ActivityRecord{bc0a2d1 u0 com.example.dogglers, idx=0 none
06-03 23:47:16.908   841   903 I libPowerHal: [PD] system_server update cmd:1c3c000, param:1
06-03 23:47:16.908 12548 12548 D View    : [Warning] assignParent to null: this = DecorView@3b5b9c7[MainActivity]
06-03 23:47:16.908  1472  3042 I mtkpower_client: ret_hdl:66303
06-03 23:47:16.909   841   903 I libPowerHal: [perfLockAcq] idx:0 hdl:66303 hint:-1 pid:1472 duration:0 => ret_hdl:66303
06-03 23:47:16.910   841   903 I libPowerHal: [PE] scn:0 hdl:66303 lock_user:system_server pid:1472 tid:3042 dur:0
06-03 23:47:16.910   841   903 I libPowerHal: system_server: cpu_ctrl set cpu freq: 2000000 -1 2203000 -1
06-03 23:47:16.910   841   903 I libPowerHal: [PE] system_server update cmd:1410000, param:1
06-03 23:47:16.910   841   870 I mtkpower@impl: [setMode] type:5, enabled:1
06-03 23:47:16.910   841   903 I libPowerHal: [PE] system_server update cmd:10000100, param:0
06-03 23:47:16.910   841   903 I libPowerHal: [PE] system_server update cmd:1c3c000, param:0
06-03 23:47:16.915  1472  4338 I InputDispatcher: Focus entered window: Window{a9684dc u0 com.example.dogglers/androidx.test.core.app.InstrumentationActivityInvoker$EmptyActivity} in display 0
06-03 23:47:16.915   865   938 D DispPerfService: get hint proc=Surface(name=8cf94b9 InputMethod), idx=0 none
06-03 23:47:16.918   814   890 I hwcomposer: [HRT] only_has_blit_dev_job:0, run simpleLayeringRule.
06-03 23:47:16.920 12548 12548 I InputTransport: Destroy ARC handle: 0xb40000782d074080
06-03 23:47:16.920  8485  8485 V PhoneWindow: DecorView setVisiblity: visibility = 8, Parent = android.view.ViewRootImpl@c231d3d, this = DecorView@80a3932[InputMethod]
06-03 23:47:16.928 12548 12629 E Parcel  : Reading a NULL string not supported here.
06-03 23:47:16.929 30485 30502 I FontLog : Received query Noto Color Emoji Compat, URI content://com.google.android.gms.fonts [CONTEXT service_id=132 ]
