06-03 23:47:17.192 12548 12590 I TestRunner: started: clicking_horizontal_list_button_displays_horizontal_list(com.example.dogglers.ButtonTests)
06-03 23:47:17.196   865   865 D OppoExLayer: ~Layer() sequence=28479, name=ActivityRecord{bc0a2d1 u0 com.example.dogglers/androidx.test.core.app.InstrumentationActivityInvoker$EmptyActivity#0@0xb4000073f0109000
06-03 23:47:17.196   865   865 I BufferQueueConsumer: [com.example.dogglers/androidx.test.core.app.InstrumentationActivityInvoker$EmptyActivity#0](id:36100001312,api:0,p:-1,c:865) disconnect()
06-03 23:47:17.196   865   865 I BufferQueue: [com.example.dogglers/androidx.test.core.app.InstrumentationActivityInvoker$EmptyActivity#0](this:0xb4000074068dfe58,id:4882,api:1,p:-1,c:-1) onDestructor()
06-03 23:47:17.197   865   865 D OppoExLayer: ~Layer() sequence=28476, name=com.example.dogglers/androidx.test.core.app.InstrumentationActivityInvoker$EmptyActivity#0@0xb4000073f5a33000
06-03 23:47:17.197   865   865 D OppoExLayer: ~Layer() sequence=28475, name=a9684dc com.example.dogglers/androidx.test.core.app.InstrumentationActivityInvoker$EmptyActivity#0@0xb4000073f5845000
06-03 23:47:17.198  1472  6507 I InputDispatcher: Window went away: com.example.dogglers/androidx.test.core.app.InstrumentationActivityInvoker$EmptyActivity#0
06-03 23:47:17.200   814   890 I hwcomposer: [HRT] only_has_blit_dev_job:0, run simpleLayeringRule.
06-03 23:47:17.202 12548 12590 W Settings: Setting always_finish_activities has moved from android.provider.Settings.System to android.provider.Settings.Global, returning read-only value.
06-03 23:47:17.212 12548 12590 E Parcel  : Reading a NULL string not supported here.
06-03 23:47:17.212   865   865 D OppoExLayer: ~Layer() sequence=28459, name=Task=2532#0@0xb4000073f5827000
06-03 23:47:17.212   865   865 D OppoExLayer: ~Layer() sequence=28472, name=ActivityRecord{df10ab9 u0 com.example.dogglers/androidx.test.core.app.InstrumentationActivityInvoker$EmptyActivity#0@0xb4000073f5834000
06-03 23:47:17.215  1472  3042 I mtkpower_client: perf_lock_rel, hdl:66309, tid:3042
06-03 23:47:17.215  1472  3042 I mtkpower_client: perf_lock_acq, hdl:66309, dur:0, num:12, tid:3042
06-03 23:47:17.215   814   890 I hwcomposer: [HRT] only_has_blit_dev_job:0, run simpleLayeringRule.
06-03 23:47:17.215   841   903 I libPowerHal: [perfLockRel] hdl:66309, idx:0
06-03 23:47:17.215   841   903 I libPowerHal: [PD] scn:0 hdl:66309 lock_user:system_server pid:1472 tid:3042 dur:0
06-03 23:47:17.216   841   903 I libPowerHal: system_server: cpu_ctrl set cpu freq: -1 -1 -1 -1
06-03 23:47:17.216   841   903 I libPowerHal: [PD] system_server update cmd:1410000 param:0
06-03 23:47:17.216   841   903 I libPowerHal: [PD] system_server update cmd:10000100 param:0
06-03 23:47:17.216   841   903 I libPowerHal: [PD] system_server update cmd:1c3c000, param:1
06-03 23:47:17.217  1472  3042 I mtkpower_client: ret_hdl:66310
06-03 23:47:17.217   841   903 I libPowerHal: [perfLockAcq] idx:0 hdl:66310 hint:-1 pid:1472 duration:0 => ret_hdl:66310
06-03 23:47:17.217   841   903 I libPowerHal: [PE] scn:0 hdl:66310 lock_user:system_server pid:1472 tid:3042 dur:0
06-03 23:47:17.217   841   903 I libPowerHal: system_server: cpu_ctrl set cpu freq: 2000000 -1 2203000 -1
06-03 23:47:17.217   841   903 I libPowerHal: [PE] system_server update cmd:1410000, param:1
06-03 23:47:17.217   841   903 I libPowerHal: [PE] system_server update cmd:10000100, param:0
06-03 23:47:17.217   841   903 I libPowerHal: [PE] system_server update cmd:1c3c000, param:0
06-03 23:47:17.217   865   938 D DispPerfService: get hint proc=, idx=0 none
06-03 23:47:17.218  1472  3097 W Bitmap  : Called getWidth() on a recycle()'d bitmap! This is undefined behavior!
06-03 23:47:17.218  1472  3097 W Bitmap  : Called getHeight() on a recycle()'d bitmap! This is undefined behavior!
06-03 23:47:17.220   865   938 D DispPerfService: get hint proc=ActivityRecord{ca76396 u0 com.example.dogglers, idx=0 none
06-03 23:47:17.223   841   870 I mtkpower@impl: [setMode] type:5, enabled:1
06-03 23:47:17.228  1107 11962 E MMListParser: open file /proc/1472/cmdline err 13
06-03 23:47:17.227  1107  1107 W Binder:1107_5: type=1400 audit(0.0:203674): avc: denied { search } for name="1472" dev="proc" ino=12019 scontext=u:r:atlasservice:s0 tcontext=u:r:system_server:s0 tclass=dir permissive=0
06-03 23:47:17.229  1472  3042 I mtkpower_client: perf_lock_rel, hdl:66310, tid:3042
06-03 23:47:17.229  1472  3042 I mtkpower_client: perf_lock_acq, hdl:66310, dur:0, num:12, tid:3042
06-03 23:47:17.229  1472  6507 D OppoDisplayPolicy: com.android.systemui, change system app cutoutMode: color always
06-03 23:47:17.229   841   903 I libPowerHal: [perfLockRel] hdl:66310, idx:0
06-03 23:47:17.229   841   903 I libPowerHal: [PD] scn:0 hdl:66310 lock_user:system_server pid:1472 tid:3042 dur:0
06-03 23:47:17.229  1472  3097 D OplusSkImageProcessing: INFO:0x0,quality 95
06-03 23:47:17.229  1472  3097 E OplusSkImageProcessing: not in image processing list
06-03 23:47:17.229  1472  3097 D OplusSkImageProcessing: support_flag: 0,new_quality: 95
06-03 23:47:17.229  1472  3097 D system_server: ##Make: options.fQuality:95,quality:95,encoderMgr->imageprocessing_flag:0
06-03 23:47:17.229  1472  3097 D system_server: Resolution: 540 x 1200; FLAG:0
06-03 23:47:17.229  1472  3097 D system_server: Resolution: 540 x 1200;
06-03 23:47:17.229  1472  3097 D system_server: support: 0
06-03 23:47:17.229   841   903 I libPowerHal: system_server: cpu_ctrl set cpu freq: -1 -1 -1 -1
06-03 23:47:17.229   841   903 I libPowerHal: [PD] system_server update cmd:1410000 param:0
06-03 23:47:17.229   841   903 I libPowerHal: [PD] system_server update cmd:10000100 param:0
06-03 23:47:17.230   841   903 I libPowerHal: [PD] system_server update cmd:1c3c000, param:1
06-03 23:47:17.231   814   890 I hwcomposer: [HRT] only_has_blit_dev_job:0, run simpleLayeringRule.
06-03 23:47:17.231  1472  3042 I mtkpower_client: ret_hdl:66311
06-03 23:47:17.231   841   903 I libPowerHal: [perfLockAcq] idx:0 hdl:66311 hint:-1 pid:1472 duration:0 => ret_hdl:66311
06-03 23:47:17.231   841   903 I libPowerHal: [PE] scn:0 hdl:66311 lock_user:system_server pid:1472 tid:3042 dur:0
06-03 23:47:17.231   841   903 I libPowerHal: system_server: cpu_ctrl set cpu freq: 2000000 -1 2203000 -1
06-03 23:47:17.231   841   903 I libPowerHal: [PE] system_server update cmd:1410000, param:1
06-03 23:47:17.231   841   903 I libPowerHal: [PE] system_server update cmd:10000100, param:0
06-03 23:47:17.232   841   903 I libPowerHal: [PE] system_server update cmd:1c3c000, param:0
06-03 23:47:17.237  1472  5312 V SensorManager: setScreenShotDisableImpl
06-03 23:47:17.237  1472  5312 D SensorService: debug_oplusGeminiProximity setScreenShotDisable in SensorService
06-03 23:47:17.237  1472  3042 I mtkpower_client: perf_lock_rel, hdl:66311, tid:3042
06-03 23:47:17.237  1472  5312 I ColorHansManager : ColorHansManager : resume pkg: com.example.dogglers, uid:10242, prev pkg: com.teslacoilsw.launcher, prev uid: 10254
06-03 23:47:17.237  1472  3042 I mtkpower_client: perf_lock_acq, hdl:66311, dur:0, num:12, tid:3042
06-03 23:47:17.237  1472  3821 I ColorHansManager : enter fastfreezer
06-03 23:47:17.238   841   903 I libPowerHal: [perfLockRel] hdl:66311, idx:0
06-03 23:47:17.238   841   903 I libPowerHal: [PD] scn:0 hdl:66311 lock_user:system_server pid:1472 tid:3042 dur:0
06-03 23:47:17.238  1472  3821 W OplusLocationManagerService: NavigateMode doesn't match LocationMode
06-03 23:47:17.238  1472  3821 D ColorCommonListManager: uid:10259 is Protected by traffic because of downloading
06-03 23:47:17.238   841   903 I libPowerHal: system_server: cpu_ctrl set cpu freq: -1 -1 -1 -1
06-03 23:47:17.238   841   903 I libPowerHal: [PD] system_server update cmd:1410000 param:0
06-03 23:47:17.238   841   903 I libPowerHal: [PD] system_server update cmd:10000100 param:0
06-03 23:47:17.238   841   903 I libPowerHal: [PD] system_server update cmd:1c3c000, param:1
06-03 23:47:17.239  1472  3042 I mtkpower_client: ret_hdl:66312
06-03 23:47:17.239   841   903 I libPowerHal: [perfLockAcq] idx:0 hdl:66312 hint:-1 pid:1472 duration:0 => ret_hdl:66312
06-03 23:47:17.239   841   903 I libPowerHal: [PE] scn:0 hdl:66312 lock_user:system_server pid:1472 tid:3042 dur:0
06-03 23:47:17.239   841   903 I libPowerHal: system_server: cpu_ctrl set cpu freq: 2000000 -1 2203000 -1
06-03 23:47:17.239   841   903 I libPowerHal: [PE] system_server update cmd:1410000, param:1
06-03 23:47:17.239   841   903 I libPowerHal: [PE] system_server update cmd:10000100, param:0
06-03 23:47:17.239   841   903 I libPowerHal: [PE] system_server update cmd:1c3c000, param:0
06-03 23:47:17.240  1472  3821 I ColorHansManager : freeze uid: 10279 package: com.myfitnesspal.android reason: fastfreezer|10242 scene: FastFreezerScene
06-03 23:47:17.241  1472  5312 I InputDispatcher: setFocusedApplication displayId=0 <invalid>
06-03 23:47:17.241  1472  3991 V DCSEX-AppSwitchManager: OnAppSwitchObserver: onAppExit , info = OplusAppExitInfo = {  targetName = com.teslacoilsw.launcher hasResumingActivity = true resumingPackageName = com.example.dogglers resumingActivityName = androidx.test.core.app.InstrumentationActivityInvoker$BootstrapActivity resumingWindowMode = 1 isResumingMultiApp = false isResumingFirstStart = false extension = Bundle[{taskId=2533, uid=10242}]}
06-03 23:47:17.241  1472  3042 I mtkpower_client: perf_lock_rel, hdl:66312, tid:3042
06-03 23:47:17.241  1472  3042 I mtkpower_client: perf_lock_acq, hdl:66312, dur:0, num:12, tid:3042
06-03 23:47:17.241  1472  3821 I ColorHansManager : freeze uid: 10290 package: com.komoe.fsgp reason: fastfreezer|10242 scene: FastFreezerScene
06-03 23:47:17.242  1472  9793 D DCSEX-AppLaunchEventRecorder: onAppSwitch from = com.teslacoilsw.launcher to = com.example.dogglers
06-03 23:47:17.242   841   903 I libPowerHal: [perfNotifyAppState] foreground:com.example.dogglers, pid:12548, uid:10242
06-03 23:47:17.242   841   903 E UxUtility: notifyAppState error = NULL
06-03 23:47:17.242   841   903 I TouchUtility: notifyAppState error = NULL
06-03 23:47:17.242   841   869 I mtkpower@impl: [notifyAppState] pc:0, com.teslacoilsw.launcher => com.example.dogglers
06-03 23:47:17.242   841   869 I mtkpower@impl: [check_work_req] i:0, msg:1 hdl:66312, wait
06-03 23:47:17.242  4119  4363 W OppoGuardElf: ThermalControlUtils: mForegroundPkg=com.example.dogglers
06-03 23:47:17.243   841   903 I libPowerHal: [perfLockRel] hdl:66312, idx:0
06-03 23:47:17.243   841   903 I libPowerHal: [PD] scn:0 hdl:66312 lock_user:system_server pid:1472 tid:3042 dur:0
06-03 23:47:17.243  1472  5312 D Theia.NoFocusWindow: FocusWindowErrorScene CheckFreezeScreen
06-03 23:47:17.244  1472  3991 I ColorResourcePreloadManager: resume pkg: com.example.dogglers, uid:10242, prev pkg: com.teslacoilsw.launcher, prev uid: 10254
06-03 23:47:17.245   841   903 I libPowerHal: system_server: cpu_ctrl set cpu freq: -1 -1 -1 -1
06-03 23:47:17.245   841   903 I libPowerHal: [PD] system_server update cmd:1410000 param:0
06-03 23:47:17.245  1472  3991 E Process : get_ion_cache_memory: Unable to open /d/ion/system_stats
06-03 23:47:17.245 21514 21547 I [0]DCS-BackgroundAppData: sendAppBgEvent: has no pkgName=com.example.dogglers
06-03 23:47:17.245   841   903 I libPowerHal: [PD] system_server update cmd:10000100 param:0
06-03 23:47:17.245   841   903 I libPowerHal: [PD] system_server update cmd:1c3c000, param:1
06-03 23:47:17.245  1472  3042 I mtkpower_client: ret_hdl:66313
06-03 23:47:17.246   841   903 I libPowerHal: [perfLockAcq] idx:0 hdl:66313 hint:-1 pid:1472 duration:0 => ret_hdl:66313
06-03 23:47:17.246   841   903 I libPowerHal: [PE] scn:0 hdl:66313 lock_user:system_server pid:1472 tid:3042 dur:0
06-03 23:47:17.246   841   903 I libPowerHal: system_server: cpu_ctrl set cpu freq: 2000000 -1 2203000 -1
06-03 23:47:17.246   841   903 I libPowerHal: [PE] system_server update cmd:1410000, param:1
06-03 23:47:17.246   841   903 I libPowerHal: [PE] system_server update cmd:10000100, param:0
06-03 23:47:17.246   841   903 I libPowerHal: [PE] system_server update cmd:1c3c000, param:0
06-03 23:47:17.247  1472  3991 V DCSEX-AppSwitchManager: OnAppSwitchObserver: onAppEnter , info = OplusAppEnterInfo = {  windowMode = 1 targetName = com.example.dogglers multiApp = false firstStart = false launchedFromPackage = com.example.dogglers intent = Intent { act=android.intent.action.MAIN cat=[android.intent.category.LAUNCHER] flg=0x10008000 cmp=com.example.dogglers/androidx.test.core.app.InstrumentationActivityInvoker$BootstrapActivity (has extras) mCallingUid=10242 } extension = Bundle[{taskId=2533, uid=10242}]}
06-03 23:47:17.248   814   890 I hwcomposer: [HRT] only_has_blit_dev_job:0, run simpleLayeringRule.
06-03 23:47:17.248 12548 12564 W System  : A resource failed to call release.
06-03 23:47:17.250  4450  4468 D ZoomAppController: ignore onAppEnter: Invalid cvActionFlag = 0
06-03 23:47:17.251  1472  3042 I mtkpower_client: perf_lock_rel, hdl:66313, tid:3042
06-03 23:47:17.251  1472  3042 I mtkpower_client: perf_lock_acq, hdl:66313, dur:0, num:12, tid:3042
06-03 23:47:17.251 12548 12635 E libEGL  : Invalid file path for libcolorx-loader.so
06-03 23:47:17.251 12548 12635 D libMEOW : applied 0 plugin for [com.example.dogglers].
06-03 23:47:17.252   841   903 I libPowerHal: [perfLockRel] hdl:66313, idx:0
06-03 23:47:17.252   841   903 I libPowerHal: [PD] scn:0 hdl:66313 lock_user:system_server pid:1472 tid:3042 dur:0
06-03 23:47:17.253   841   903 I libPowerHal: system_server: cpu_ctrl set cpu freq: -1 -1 -1 -1
06-03 23:47:17.253   841   903 I libPowerHal: [PD] system_server update cmd:1410000 param:0
06-03 23:47:17.253   841   903 I libPowerHal: [PD] system_server update cmd:10000100 param:0
06-03 23:47:17.253   841   903 I libPowerHal: [PD] system_server update cmd:1c3c000, param:1
06-03 23:47:17.253  1472  3042 I mtkpower_client: ret_hdl:66314
06-03 23:47:17.253   841   903 I libPowerHal: [perfLockAcq] idx:0 hdl:66314 hint:-1 pid:1472 duration:0 => ret_hdl:66314
06-03 23:47:17.253   841   903 I libPowerHal: [PE] scn:0 hdl:66314 lock_user:system_server pid:1472 tid:3042 dur:0
06-03 23:47:17.253   841   903 I libPowerHal: system_server: cpu_ctrl set cpu freq: 2000000 -1 2203000 -1
06-03 23:47:17.253   841   903 I libPowerHal: [PE] system_server update cmd:1410000, param:1
06-03 23:47:17.254   841   903 I libPowerHal: [PE] system_server update cmd:10000100, param:0
06-03 23:47:17.254   841   903 I libPowerHal: [PE] system_server update cmd:1c3c000, param:0
06-03 23:47:17.256   865   938 I SurfaceFlinger: [SF client] NEW(0xb4000073f02e7f40) for (1472:system_server)
06-03 23:47:17.257 12548 12548 D LifecycleMonitor: Lifecycle status change: androidx.test.core.app.InstrumentationActivityInvoker$BootstrapActivity@d288869 in: PRE_ON_CREATE
06-03 23:47:17.258 12548 12548 V ActivityScenario: Activity lifecycle changed event received but ignored because the intent does not match. startActivityIntent=Intent { act=android.intent.action.MAIN cat=[android.intent.category.LAUNCHER] cmp=com.example.dogglers/.MainActivity }, activity.getIntent()=Intent { act=android.intent.action.MAIN cat=[android.intent.category.LAUNCHER] flg=0x10008000 cmp=com.example.dogglers/androidx.test.core.app.InstrumentationActivityInvoker$BootstrapActivity (has extras) mCallingUid=10242 }, activity=androidx.test.core.app.InstrumentationActivityInvoker$BootstrapActivity@d288869
06-03 23:47:17.259  1472  1528 D ViewRootImpl[dogglers]: hardware acceleration = false , fakeHwAccelerated = true, sRendererDisabled = false, forceHwAccelerated = false, sSystemRendererDisabled = false
06-03 23:47:17.259  1472  1528 D OppoDisplayPolicy: com.example.dogglers, no change cutoutMode: 0
06-03 23:47:17.260  1472  3821 I ColorHansManager : freeze uid: 10307 package: com.lenovo.anyshare.gps reason: fastfreezer|10242 scene: FastFreezerScene
06-03 23:47:17.260  1472  3821 I ColorHansManager : freeze uid: 10220 package: com.nearme.gamecenter reason: fastfreezer|10242 scene: FastFreezerScene
06-03 23:47:17.261   865   938 D DispPerfService: get hint proc=, idx=0 none
06-03 23:47:17.262   865   865 D OppoExLayer: ~Layer() sequence=28471, name=Surface(name=8cf94b9 InputMethod)/@0xf89605f - animation-leash#0@0xb4000073f00ff000
06-03 23:47:17.263  1472  1528 E libEGL  : Invalid file path for libcolorx-loader.so
06-03 23:47:17.264  1472  1528 I chatty  : uid=1000(system) android.anim identical 4 lines
06-03 23:47:17.264  1472  1528 E libEGL  : Invalid file path for libcolorx-loader.so
06-03 23:47:17.264  1472  1528 I InputTransport: Create ARC handle: 0xb400007792b62ca0
06-03 23:47:17.265   814   890 I hwcomposer: [HRT] only_has_blit_dev_job:0, run simpleLayeringRule.
06-03 23:47:17.265  1472  3821 I ColorHansManager : freeze uid: 10236 package: com.twitter.android reason: fastfreezer|10242 scene: FastFreezerScene
06-03 23:47:17.269  1472  1528 D OppoDisplayPolicy: com.example.dogglers, no change cutoutMode: 0
06-03 23:47:17.271  1472  3821 I ColorHansManager : freeze uid: 10238 package: com.facebook.katana reason: fastfreezer|10242 scene: FastFreezerScene
06-03 23:47:17.271   865  1818 D DispPerfService: get hint proc=, idx=0 none
06-03 23:47:17.271   865  1818 I BufferQueueConsumer: [](id:36100001315,api:0,p:-1,c:865) connect(): controlledByApp=false
06-03 23:47:17.272   865  1818 I BufferQueue: [unnamed-865-4885](this:0xb4000073f5ab3258,id:4885,api:0,p:-1,c:-1) BufferQueue core=(865:/system/bin/surfaceflinger)
06-03 23:47:17.275  1472  1528 D Surface : lockCanvas
06-03 23:47:17.275  1472  1525 D OplusAppBwCore: onUidImportance: 10242, 100
06-03 23:47:17.276   865  1818 I BufferQueueProducer: [Splash Screen com.example.dogglers#0](id:36100001315,api:2,p:1472,c:865) connect(): api=2 producerControlledByApp=false
06-03 23:47:17.277  1472  3936 D AS.AudioService: getParameters() keyValuePairs:OPLUS_AUDIO_GET_FOCUS_STACK
06-03 23:47:17.277 21514 21547 I [0]DCS-StrategyManager: isNeedUpload: cache, appID: 20120, logTag: ORMS, eventID: ABNORMAL
06-03 23:47:17.279  1472  3936 I InputDispatcher: Focus left window: Window{47402ca u0 com.teslacoilsw.launcher/com.teslacoilsw.launcher.NovaLauncher} in display 0
06-03 23:47:17.279  1472  3936 I InputDispatcher: Window went away: Window{47402ca u0 com.teslacoilsw.launcher/com.teslacoilsw.launcher.NovaLauncher}
06-03 23:47:17.280   814   890 I hwcomposer: [HRT] only_has_blit_dev_job:0, run simpleLayeringRule.
06-03 23:47:17.280  4119  4363 W OppoGuardElf: ThermalControllHandler: tempLevel=5,userMode=2,gameUserMode=-1,appType=-1,envTempType=0,appStates=[]
06-03 23:47:17.283  4119  4363 W OppoGuardElf: ThermalControllerCenter: mSafetyState=10000
06-03 23:47:17.285   865   938 D DispPerfService: onframeavailable pid=1472, slot=0, seq=28494, name=system_server:Splash Screen com.example.dogglers#0
06-03 23:47:17.287  4119  4363 W OppoGuardElf: ThermalControlUtils: mForegroundPkg=com.example.dogglers
06-03 23:47:17.287  4119  4363 W OppoGuardElf: ThermalControllHandler: tempGear=5,configItemName=common_config
06-03 23:47:17.287  4119  6494 W OppoGuardElf: ThermalControllHandler: MSG_THERMAL_CONTROL_CATEGORY_CHANGED
06-03 23:47:17.291 12548 12548 D LifecycleMonitor: Lifecycle status change: androidx.test.core.app.InstrumentationActivityInvoker$BootstrapActivity@d288869 in: CREATED
06-03 23:47:17.292 12548 12548 V ActivityScenario: Activity lifecycle changed event received but ignored because the intent does not match. startActivityIntent=Intent { act=android.intent.action.MAIN cat=[android.intent.category.LAUNCHER] cmp=com.example.dogglers/.MainActivity }, activity.getIntent()=Intent { act=android.intent.action.MAIN cat=[android.intent.category.LAUNCHER] flg=0x10008000 cmp=com.example.dogglers/androidx.test.core.app.InstrumentationActivityInvoker$BootstrapActivity (has extras) mCallingUid=10242 }, activity=androidx.test.core.app.InstrumentationActivityInvoker$BootstrapActivity@d288869
06-03 23:47:17.295  3621  3621 I LWPCore_GLWallpaperService: engine paused
06-03 23:47:17.296  1472  3936 I InputDispatcher: Window went away: Splash Screen com.example.dogglers#0
06-03 23:47:17.296   814   890 I hwcomposer: [HRT] only_has_blit_dev_job:0, run simpleLayeringRule.
06-03 23:47:17.296   865   938 D DispPerfService: get hint proc=Surface(name=3c9c3ca StatusBar), idx=0 none
06-03 23:47:17.297   865   937 I BufferQueueProducer: [com.teslacoilsw.launcher/com.teslacoilsw.launcher.NovaLauncher#0](id:36100001314,api:1,p:31785,c:865) disconnect(): api=1
06-03 23:47:17.297   865   938 D DispPerfService: get hint proc=Surface(name=8790d11 NavigationBar0), idx=0 none
06-03 23:47:17.307   865   937 I BufferQueueProducer: [com.coloros.lwpcore.service.daynight.DayNightWallpaperService#0](id:36100000003,api:1,p:3621,c:865) disconnect(): api=1
06-03 23:47:17.312 12548 12548 D LifecycleMonitor: Lifecycle status change: androidx.test.core.app.InstrumentationActivityInvoker$BootstrapActivity@d288869 in: STARTED
06-03 23:47:17.312 12548 12548 V ActivityScenario: Activity lifecycle changed event received but ignored because the intent does not match. startActivityIntent=Intent { act=android.intent.action.MAIN cat=[android.intent.category.LAUNCHER] cmp=com.example.dogglers/.MainActivity }, activity.getIntent()=Intent { act=android.intent.action.MAIN cat=[android.intent.category.LAUNCHER] flg=0x10008000 cmp=com.example.dogglers/androidx.test.core.app.InstrumentationActivityInvoker$BootstrapActivity (has extras) mCallingUid=10242 }, activity=androidx.test.core.app.InstrumentationActivityInvoker$BootstrapActivity@d288869
06-03 23:47:17.315   814   890 I hwcomposer: [HRT] only_has_blit_dev_job:0, run simpleLayeringRule.
06-03 23:47:17.316  1472  3042 I mtkpower_client: perf_lock_rel, hdl:66314, tid:3042
06-03 23:47:17.316  1472  3042 I mtkpower_client: perf_lock_acq, hdl:66314, dur:0, num:12, tid:3042
06-03 23:47:17.316   841   903 I libPowerHal: [perfLockRel] hdl:66314, idx:0
06-03 23:47:17.316   841   903 I libPowerHal: [PD] scn:0 hdl:66314 lock_user:system_server pid:1472 tid:3042 dur:0
06-03 23:47:17.317   841   903 I libPowerHal: system_server: cpu_ctrl set cpu freq: -1 -1 -1 -1
06-03 23:47:17.317   841   903 I libPowerHal: [PD] system_server update cmd:1410000 param:0
06-03 23:47:17.317   841   903 I libPowerHal: [PD] system_server update cmd:10000100 param:0
06-03 23:47:17.317   841   903 I libPowerHal: [PD] system_server update cmd:1c3c000, param:1
06-03 23:47:17.317   865   937 D DispPerfService: get hint proc=ActivityRecord{595e156 u0 com.example.dogglers, idx=0 none
06-03 23:47:17.317  1472  3042 I mtkpower_client: ret_hdl:66315
06-03 23:47:17.318   841   903 I libPowerHal: [perfLockAcq] idx:0 hdl:66315 hint:-1 pid:1472 duration:0 => ret_hdl:66315
06-03 23:47:17.318   841   903 I libPowerHal: [PE] scn:0 hdl:66315 lock_user:system_server pid:1472 tid:3042 dur:0
06-03 23:47:17.318   841   903 I libPowerHal: system_server: cpu_ctrl set cpu freq: 2000000 -1 2203000 -1
06-03 23:47:17.318   841   903 I libPowerHal: [PE] system_server update cmd:1410000, param:1
06-03 23:47:17.318   841   903 I libPowerHal: [PE] system_server update cmd:10000100, param:0
06-03 23:47:17.318   841   903 I libPowerHal: [PE] system_server update cmd:1c3c000, param:0
06-03 23:47:17.319   841   870 I mtkpower@impl: [setMode] type:5, enabled:1
06-03 23:47:17.329 12548 12548 D LifecycleMonitor: Lifecycle status change: androidx.test.core.app.InstrumentationActivityInvoker$BootstrapActivity@d288869 in: RESUMED
06-03 23:47:17.330 12548 12548 V ActivityScenario: Activity lifecycle changed event received but ignored because the intent does not match. startActivityIntent=Intent { act=android.intent.action.MAIN cat=[android.intent.category.LAUNCHER] cmp=com.example.dogglers/.MainActivity }, activity.getIntent()=Intent { act=android.intent.action.MAIN cat=[android.intent.category.LAUNCHER] flg=0x10008000 cmp=com.example.dogglers/androidx.test.core.app.InstrumentationActivityInvoker$BootstrapActivity (has extras) mCallingUid=10242 }, activity=androidx.test.core.app.InstrumentationActivityInvoker$BootstrapActivity@d288869
06-03 23:47:17.331   814   890 I hwcomposer: [HRT] only_has_blit_dev_job:0, run simpleLayeringRule.
06-03 23:47:17.336  1472  3826 E Process : get_ion_cache_memory: Unable to open /d/ion/system_stats
06-03 23:47:17.336 12548 12548 D LifecycleMonitor: Lifecycle status change: androidx.test.core.app.InstrumentationActivityInvoker$BootstrapActivity@d288869 in: PAUSED
06-03 23:47:17.336 12548 12548 V ActivityScenario: Activity lifecycle changed event received but ignored because the intent does not match. startActivityIntent=Intent { act=android.intent.action.MAIN cat=[android.intent.category.LAUNCHER] cmp=com.example.dogglers/.MainActivity }, activity.getIntent()=Intent { act=android.intent.action.MAIN cat=[android.intent.category.LAUNCHER] flg=0x10008000 cmp=com.example.dogglers/androidx.test.core.app.InstrumentationActivityInvoker$BootstrapActivity (has extras) mCallingUid=10242 }, activity=androidx.test.core.app.InstrumentationActivityInvoker$BootstrapActivity@d288869
06-03 23:47:17.338  1472  1483 W System  : A resource failed to call release.
06-03 23:47:17.338  1472  1483 I chatty  : uid=1000(system) FinalizerDaemon identical 2 lines
06-03 23:47:17.338  1472  1483 W System  : A resource failed to call release.
06-03 23:47:17.341  1472  3936 I InputDispatcher: setFocusedApplication displayId=0 ActivityRecord{595e156 u0 com.example.dogglers/.MainActivity t2533}
06-03 23:47:17.341   841   869 I mtkpower@impl: [notifyAppState] act androidx.test.core.app.InstrumentationActivityInvoker$EmptyActivity => com.example.dogglers.MainActivity
06-03 23:47:17.345   865   865 D OppoExLayer: ~Layer() sequence=28487, name=Surface(name=3c9c3ca StatusBar)/@0xba48ab7 - animation-leash#1@0xb4000073f5473000
06-03 23:47:17.345   865   865 D OppoExLayer: ~Layer() sequence=28488, name=Surface(name=8790d11 NavigationBar0)/@0x7dd0224 - animation-leash#1@0xb4000073f5483000
06-03 23:47:17.345   865   865 D OppoExLayer: ~Layer() sequence=28481, name=Surface(name=8cf94b9 InputMethod)/@0xf89605f - animation-leash#0@0xb40000740635a000
06-03 23:47:17.346   814   890 I hwcomposer: [HRT] only_has_blit_dev_job:0, run simpleLayeringRule.
06-03 23:47:17.348  1472  3042 I mtkpower_client: perf_lock_rel, hdl:66315, tid:3042
06-03 23:47:17.348 12548 12636 E libEGL  : Invalid file path for libcolorx-loader.so
06-03 23:47:17.348 12548 12636 D libMEOW : applied 0 plugin for [com.example.dogglers].
06-03 23:47:17.348  1472  3042 I mtkpower_client: perf_lock_acq, hdl:66315, dur:0, num:12, tid:3042
06-03 23:47:17.348   841   903 I libPowerHal: [perfLockRel] hdl:66315, idx:0
06-03 23:47:17.348   841   903 I libPowerHal: [PD] scn:0 hdl:66315 lock_user:system_server pid:1472 tid:3042 dur:0
06-03 23:47:17.348   841   903 I libPowerHal: system_server: cpu_ctrl set cpu freq: -1 -1 -1 -1
06-03 23:47:17.348   841   903 I libPowerHal: [PD] system_server update cmd:1410000 param:0
06-03 23:47:17.348   841   903 I libPowerHal: [PD] system_server update cmd:10000100 param:0
06-03 23:47:17.348   841   903 I libPowerHal: [PD] system_server update cmd:1c3c000, param:1
06-03 23:47:17.349  1472  3042 I mtkpower_client: ret_hdl:66316
06-03 23:47:17.349   841   903 I libPowerHal: [perfLockAcq] idx:0 hdl:66316 hint:-1 pid:1472 duration:0 => ret_hdl:66316
06-03 23:47:17.349   841   903 I libPowerHal: [PE] scn:0 hdl:66316 lock_user:system_server pid:1472 tid:3042 dur:0
06-03 23:47:17.349   841   903 I libPowerHal: system_server: cpu_ctrl set cpu freq: 2000000 -1 2203000 -1
06-03 23:47:17.349   841   903 I libPowerHal: [PE] system_server update cmd:1410000, param:1
06-03 23:47:17.349   841   903 I libPowerHal: [PE] system_server update cmd:10000100, param:0
06-03 23:47:17.349   841   903 I libPowerHal: [PE] system_server update cmd:1c3c000, param:0
06-03 23:47:17.350  1472  1528 D Surface : lockCanvas
06-03 23:47:17.351  8485  8485 V PhoneWindow: DecorView setVisiblity: visibility = 8, Parent = android.view.ViewRootImpl@c231d3d, this = DecorView@80a3932[InputMethod]
06-03 23:47:17.351  8485  8485 V PhoneWindow: DecorView setVisiblity: visibility = 8, Parent = android.view.ViewRootImpl@c231d3d, this = DecorView@80a3932[InputMethod]
06-03 23:47:17.354  4602  4614 E oiface  : packageSwitch pkg com.example.dogglers, enter
06-03 23:47:17.354  4602  4614 E oiface  : current package is com.example.dogglers and pid is 12548
06-03 23:47:17.358 31785 31785 V PhoneWindow: DecorView setVisiblity: visibility = 4, Parent = android.view.ViewRootImpl@4afeb73, this = DecorView@c70c5c4[NovaLauncher]
06-03 23:47:17.360  1472  1525 D OplusAppBwCore: onUidImportance: 10254, 400
06-03 23:47:17.361 12548 12548 D LifecycleMonitor: Lifecycle status change: com.example.dogglers.MainActivity@db9fbaa in: PRE_ON_CREATE
06-03 23:47:17.362 12548 12548 V ActivityScenario: Activity lifecycle changed event received but ignored because the reported transition was not ON_CREATE while the last known transition was PRE_ON_CREATE
06-03 23:47:17.363   814   890 I hwcomposer: [HRT] only_has_blit_dev_job:0, run simpleLayeringRule.
06-03 23:47:17.364  1472  1524 D LocationManagerService: request from uid 10254 is now background
06-03 23:47:17.368  1472  1524 I chatty  : uid=1000(system) android.fg identical 192 lines
06-03 23:47:17.368  1472  1524 D LocationManagerService: request from uid 10254 is now background
06-03 23:47:17.368  1472  1524 D OplusGnssWhiteListProxy: on get OplusGnssWhiteListProxy!
06-03 23:47:17.368  1472  1524 D LocationManagerService: Skip applyRequirementsLocked, provider:  provider manager: gps provider isEnabled(): false isBatterySaverDisabling: false isSettingsExempt(record): false record: UpdateRecord[gps 31785/com.teslacoilsw.launcher (background) Request[ACCURACY_FINE gps interval=0 fastestInterval=0 expireIn=+30s0ms num=1] null]
06-03 23:47:17.368  1472  1524 D OplusGnssWhiteListProxy: on get OplusGnssWhiteListProxy!
06-03 23:47:17.368  1472  1524 D LocationManagerService: Skip applyRequirementsLocked, provider:  provider manager: gps provider isEnabled(): false isBatterySaverDisabling: false isSettingsExempt(record): false record: UpdateRecord[gps 31785/com.teslacoilsw.launcher (background) Request[ACCURACY_FINE gps interval=0 fastestInterval=0 expireIn=+30s0ms num=1] null]
06-03 23:47:17.368  1472  1524 D OplusGnssWhiteListProxy: on get OplusGnssWhiteListProxy!
06-03 23:47:17.368  1472  1524 D LocationManagerService: Skip applyRequirementsLocked, provider:  provider manager: gps provider isEnabled(): false isBatterySaverDisabling: false isSettingsExempt(record): false record: UpdateRecord[gps 31785/com.teslacoilsw.launcher (background) Request[ACCURACY_FINE gps interval=0 fastestInterval=0 expireIn=+30s0ms num=1] null]
06-03 23:47:17.369  1472  1524 D OplusGnssWhiteListProxy: on get OplusGnssWhiteListProxy!
06-03 23:47:17.369  1472  1524 D LocationManagerService: Skip applyRequirementsLocked, provider:  provider manager: gps provider isEnabled(): false isBatterySaverDisabling: false isSettingsExempt(record): false record: UpdateRecord[gps 31785/com.teslacoilsw.launcher (background) Request[ACCURACY_FINE gps interval=0 fastestInterval=0 expireIn=+30s0ms num=1] null]
06-03 23:47:17.369  1472  1524 D OplusGnssWhiteListProxy: on get OplusGnssWhiteListProxy!
06-03 23:47:17.369  1472  1524 D LocationManagerService: Skip applyRequirementsLocked, provider:  provider manager: gps provider isEnabled(): false isBatterySaverDisabling: false isSettingsExempt(record): false record: UpdateRecord[gps 31785/com.teslacoilsw.launcher (background) Request[ACCURACY_FINE gps interval=0 fastestInterval=0 expireIn=+30s0ms num=1] null]
06-03 23:47:17.369  1472  1524 D OplusGnssWhiteListProxy: on get OplusGnssWhiteListProxy!
06-03 23:47:17.369  1472  1524 D LocationManagerService: Skip applyRequirementsLocked, provider:  provider manager: gps provider isEnabled(): false isBatterySaverDisabling: false isSettingsExempt(record): false record: UpdateRecord[gps 31785/com.teslacoilsw.launcher (background) Request[ACCURACY_FINE gps interval=0 fastestInterval=0 expireIn=+30s0ms num=1] null]
06-03 23:47:17.369  1472  1524 D OplusGnssWhiteListProxy: on get OplusGnssWhiteListProxy!
06-03 23:47:17.369  1472  1524 D LocationManagerService: Skip applyRequirementsLocked, provider:  provider manager: gps provider isEnabled(): false isBatterySaverDisabling: false isSettingsExempt(record): false record: UpdateRecord[gps 31785/com.teslacoilsw.launcher (background) Request[ACCURACY_FINE gps interval=0 fastestInterval=0 expireIn=+30s0ms num=1] null]
06-03 23:47:17.369  1472  1524 D OplusGnssWhiteListProxy: on get OplusGnssWhiteListProxy!
06-03 23:47:17.369  1472  1524 D LocationManagerService: Skip applyRequirementsLocked, provider:  provider manager: gps provider isEnabled(): false isBatterySaverDisabling: false isSettingsExempt(record): false record: UpdateRecord[gps 31785/com.teslacoilsw.launcher (background) Request[ACCURACY_FINE gps interval=0 fastestInterval=0 expireIn=+30s0ms num=1] null]
06-03 23:47:17.369  1472  1524 D OplusGnssWhiteListProxy: on get OplusGnssWhiteListProxy!
06-03 23:47:17.369  1472  1524 D LocationManagerService: Skip applyRequirementsLocked, provider:  provider manager: gps provider isEnabled(): false isBatterySaverDisabling: false isSettingsExempt(record): false record: UpdateRecord[gps 31785/com.teslacoilsw.launcher (background) Request[ACCURACY_FINE gps interval=0 fastestInterval=0 expireIn=+30s0ms num=1] null]
06-03 23:47:17.369  1472  1524 D OplusGnssWhiteListProxy: on get OplusGnssWhiteListProxy!
06-03 23:47:17.369  1472  1524 D LocationManagerService: Skip applyRequirementsLocked, provider:  provider manager: gps provider isEnabled(): false isBatterySaverDisabling: false isSettingsExempt(record): false record: UpdateRecord[gps 31785/com.teslacoilsw.launcher (background) Request[ACCURACY_FINE gps interval=0 fastestInterval=0 expireIn=+30s0ms num=1] null]
06-03 23:47:17.369  1472  1524 D OplusGnssWhiteListProxy: on get OplusGnssWhiteListProxy!
06-03 23:47:17.369  1472  1524 D LocationManagerService: Skip applyRequirementsLocked, provider:  provider manager: gps provider isEnabled(): false isBatterySaverDisabling: false isSettingsExempt(record): false record: UpdateRecord[gps 31785/com.teslacoilsw.launcher (background) Request[ACCURACY_FINE gps interval=0 fastestInterval=0 expireIn=+30s0ms num=1] null]
06-03 23:47:17.369  1472  1524 D OplusGnssWhiteListProxy: on get OplusGnssWhiteListProxy!
06-03 23:47:17.369  1472  1524 D LocationManagerService: Skip applyRequirementsLocked, provider:  provider manager: gps provider isEnabled(): false isBatterySaverDisabling: false isSettingsExempt(record): false record: UpdateRecord[gps 31785/com.teslacoilsw.launcher (background) Request[ACCURACY_FINE gps interval=0 fastestInterval=0 expireIn=+30s0ms num=1] null]
06-03 23:47:17.369  1472  1524 D OplusGnssWhiteListProxy: on get OplusGnssWhiteListProxy!
06-03 23:47:17.369  1472  1524 D LocationManagerService: Skip applyRequirementsLocked, provider:  provider manager: gps provider isEnabled(): false isBatterySaverDisabling: false isSettingsExempt(record): false record: UpdateRecord[gps 31785/com.teslacoilsw.launcher (background) Request[ACCURACY_FINE gps interval=0 fastestInterval=0 expireIn=+30s0ms num=1] null]
06-03 23:47:17.369  1472  1524 D OplusGnssWhiteListProxy: on get OplusGnssWhiteListProxy!
06-03 23:47:17.369  1472  1524 D LocationManagerService: Skip applyRequirementsLocked, provider:  provider manager: gps provider isEnabled(): false isBatterySaverDisabling: false isSettingsExempt(record): false record: UpdateRecord[gps 31785/com.teslacoilsw.launcher (background) Request[ACCURACY_FINE gps interval=0 fastestInterval=0 expireIn=+30s0ms num=1] null]
06-03 23:47:17.369  1472  1524 D OplusGnssWhiteListProxy: on get OplusGnssWhiteListProxy!
06-03 23:47:17.369  1472  1524 D LocationManagerService: Skip applyRequirementsLocked, provider:  provider manager: gps provider isEnabled(): false isBatterySaverDisabling: false isSettingsExempt(record): false record: UpdateRecord[gps 31785/com.teslacoilsw.launcher (background) Request[ACCURACY_FINE gps interval=0 fastestInterval=0 expireIn=+30s0ms num=1] null]
06-03 23:47:17.369  1472  1524 D OplusGnssWhiteListProxy: on get OplusGnssWhiteListProxy!
06-03 23:47:17.369  1472  1524 D LocationManagerService: Skip applyRequirementsLocked, provider:  provider manager: gps provider isEnabled(): false isBatterySaverDisabling: false isSettingsExempt(record): false record: UpdateRecord[gps 31785/com.teslacoilsw.launcher (background) Request[ACCURACY_FINE gps interval=0 fastestInterval=0 expireIn=+30s0ms num=1] null]
06-03 23:47:17.369  1472  1524 D OplusGnssWhiteListProxy: on get OplusGnssWhiteListProxy!
06-03 23:47:17.370  1472  1524 D LocationManagerService: Skip applyRequirementsLocked, provider:  provider manager: gps provider isEnabled(): false isBatterySaverDisabling: false isSettingsExempt(record): false record: UpdateRecord[gps 31785/com.teslacoilsw.launcher (background) Request[ACCURACY_FINE gps interval=0 fastestInterval=0 expireIn=+30s0ms num=1] null]
06-03 23:47:17.370  1472  1524 D OplusGnssWhiteListProxy: on get OplusGnssWhiteListProxy!
06-03 23:47:17.370  1472  1524 D LocationManagerService: Skip applyRequirementsLocked, provider:  provider manager: gps provider isEnabled(): false isBatterySaverDisabling: false isSettingsExempt(record): false record: UpdateRecord[gps 31785/com.teslacoilsw.launcher (background) Request[ACCURACY_FINE gps interval=0 fastestInterval=0 expireIn=+30s0ms num=1] null]
06-03 23:47:17.370  1472  1524 D OplusGnssWhiteListProxy: on get OplusGnssWhiteListProxy!
06-03 23:47:17.370  1472  1524 D LocationManagerService: Skip applyRequirementsLocked, provider:  provider manager: gps provider isEnabled(): false isBatterySaverDisabling: false isSettingsExempt(record): false record: UpdateRecord[gps 31785/com.teslacoilsw.launcher (background) Request[ACCURACY_FINE gps interval=0 fastestInterval=0 expireIn=+30s0ms num=1] null]
06-03 23:47:17.370  1472  1524 D OplusGnssWhiteListProxy: on get OplusGnssWhiteListProxy!
06-03 23:47:17.370  1472  1524 D LocationManagerService: Skip applyRequirementsLocked, provider:  provider manager: gps provider isEnabled(): false isBatterySaverDisabling: false isSettingsExempt(record): false record: UpdateRecord[gps 31785/com.teslacoilsw.launcher (background) Request[ACCURACY_FINE gps interval=0 fastestInterval=0 expireIn=+30s0ms num=1] null]
06-03 23:47:17.370  1472  1524 D OplusGnssWhiteListProxy: on get OplusGnssWhiteListProxy!
06-03 23:47:17.370  1472  1524 D LocationManagerService: Skip applyRequirementsLocked, provider:  provider manager: gps provider isEnabled(): false isBatterySaverDisabling: false isSettingsExempt(record): false record: UpdateRecord[gps 31785/com.teslacoilsw.launcher (background) Request[ACCURACY_FINE gps interval=0 fastestInterval=0 expireIn=+30s0ms num=1] null]
06-03 23:47:17.370  1472  1524 D OplusGnssWhiteListProxy: on get OplusGnssWhiteListProxy!
06-03 23:47:17.370  1472  1524 D LocationManagerService: Skip applyRequirementsLocked, provider:  provider manager: gps provider isEnabled(): false isBatterySaverDisabling: false isSettingsExempt(record): false record: UpdateRecord[gps 31785/com.teslacoilsw.launcher (background) Request[ACCURACY_FINE gps interval=0 fastestInterval=0 expireIn=+30s0ms num=1] null]
06-03 23:47:17.370  1472  1524 D OplusGnssWhiteListProxy: on get OplusGnssWhiteListProxy!
06-03 23:47:17.370  1472  1524 D LocationManagerService: Skip applyRequirementsLocked, provider:  provider manager: gps provider isEnabled(): false isBatterySaverDisabling: false isSettingsExempt(record): false record: UpdateRecord[gps 31785/com.teslacoilsw.launcher (background) Request[ACCURACY_FINE gps interval=0 fastestInterval=0 expireIn=+30s0ms num=1] null]
06-03 23:47:17.370  1472  1524 D OplusGnssWhiteListProxy: on get OplusGnssWhiteListProxy!
06-03 23:47:17.370  1472  1524 D LocationManagerService: Skip applyRequirementsLocked, provider:  provider manager: gps provider isEnabled(): false isBatterySaverDisabling: false isSettingsExempt(record): false record: UpdateRecord[gps 31785/com.teslacoilsw.launcher (background) Request[ACCURACY_FINE gps interval=0 fastestInterval=0 expireIn=+30s0ms num=1] null]
06-03 23:47:17.370  1472  1524 D OplusGnssWhiteListProxy: on get OplusGnssWhiteListProxy!
06-03 23:47:17.370  1472  1524 D LocationManagerService: Skip applyRequirementsLocked, provider:  provider manager: gps provider isEnabled(): false isBatterySaverDisabling: false isSettingsExempt(record): false record: UpdateRecord[gps 31785/com.teslacoilsw.launcher (background) Request[ACCURACY_FINE gps interval=0 fastestInterval=0 expireIn=+30s0ms num=1] null]
06-03 23:47:17.370  1472  1524 D OplusGnssWhiteListProxy: on get OplusGnssWhiteListProxy!
06-03 23:47:17.370  1472  1524 D LocationManagerService: Skip applyRequirementsLocked, provider:  provider manager: gps provider isEnabled(): false isBatterySaverDisabling: false isSettingsExempt(record): false record: UpdateRecord[gps 31785/com.teslacoilsw.launcher (background) Request[ACCURACY_FINE gps interval=0 fastestInterval=0 expireIn=+30s0ms num=1] null]
06-03 23:47:17.370  1472  1524 D OplusGnssWhiteListProxy: on get OplusGnssWhiteListProxy!
06-03 23:47:17.370  1472  1524 D LocationManagerService: Skip applyRequirementsLocked, provider:  provider manager: gps provider isEnabled(): false isBatterySaverDisabling: false isSettingsExempt(record): false record: UpdateRecord[gps 31785/com.teslacoilsw.launcher (background) Request[ACCURACY_FINE gps interval=0 fastestInterval=0 expireIn=+30s0ms num=1] null]
06-03 23:47:17.370  1472  1524 D OplusGnssWhiteListProxy: on get OplusGnssWhiteListProxy!
06-03 23:47:17.370  1472  1524 D LocationManagerService: Skip applyRequirementsLocked, provider:  provider manager: gps provider isEnabled(): false isBatterySaverDisabling: false isSettingsExempt(record): false record: UpdateRecord[gps 31785/com.teslacoilsw.launcher (background) Request[ACCURACY_FINE gps interval=0 fastestInterval=0 expireIn=+30s0ms num=1] null]
06-03 23:47:17.370  1472  1524 D OplusGnssWhiteListProxy: on get OplusGnssWhiteListProxy!
06-03 23:47:17.370  1472  1524 D LocationManagerService: Skip applyRequirementsLocked, provider:  provider manager: gps provider isEnabled(): false isBatterySaverDisabling: false isSettingsExempt(record): false record: UpdateRecord[gps 31785/com.teslacoilsw.launcher (background) Request[ACCURACY_FINE gps interval=0 fastestInterval=0 expireIn=+30s0ms num=1] null]
06-03 23:47:17.370  1472  1524 D OplusGnssWhiteListProxy: on get OplusGnssWhiteListProxy!
06-03 23:47:17.370  1472  1524 D LocationManagerService: Skip applyRequirementsLocked, provider:  provider manager: gps provider isEnabled(): false isBatterySaverDisabling: false isSettingsExempt(record): false record: UpdateRecord[gps 31785/com.teslacoilsw.launcher (background) Request[ACCURACY_FINE gps interval=0 fastestInterval=0 expireIn=+30s0ms num=1] null]
06-03 23:47:17.370  1472  1524 D OplusGnssWhiteListProxy: on get OplusGnssWhiteListProxy!
06-03 23:47:17.370  1472  1524 D LocationManagerService: Skip applyRequirementsLocked, provider:  provider manager: gps provider isEnabled(): false isBatterySaverDisabling: false isSettingsExempt(record): false record: UpdateRecord[gps 31785/com.teslacoilsw.launcher (background) Request[ACCURACY_FINE gps interval=0 fastestInterval=0 expireIn=+30s0ms num=1] null]
06-03 23:47:17.370  1472  1524 D OplusGnssWhiteListProxy: on get OplusGnssWhiteListProxy!
06-03 23:47:17.371  1472  1524 D LocationManagerService: Skip applyRequirementsLocked, provider:  provider manager: gps provider isEnabled(): false isBatterySaverDisabling: false isSettingsExempt(record): false record: UpdateRecord[gps 31785/com.teslacoilsw.launcher (background) Request[ACCURACY_FINE gps interval=0 fastestInterval=0 expireIn=+30s0ms num=1] null]
06-03 23:47:17.371  1472  1524 D OplusGnssWhiteListProxy: on get OplusGnssWhiteListProxy!
06-03 23:47:17.371  1472  1524 D LocationManagerService: Skip applyRequirementsLocked, provider:  provider manager: gps provider isEnabled(): false isBatterySaverDisabling: false isSettingsExempt(record): false record: UpdateRecord[gps 31785/com.teslacoilsw.launcher (background) Request[ACCURACY_FINE gps interval=0 fastestInterval=0 expireIn=+30s0ms num=1] null]
06-03 23:47:17.371  1472  1524 D OplusGnssWhiteListProxy: on get OplusGnssWhiteListProxy!
06-03 23:47:17.371  1472  1524 D LocationManagerService: Skip applyRequirementsLocked, provider:  provider manager: gps provider isEnabled(): false isBatterySaverDisabling: false isSettingsExempt(record): false record: UpdateRecord[gps 31785/com.teslacoilsw.launcher (background) Request[ACCURACY_FINE gps interval=0 fastestInterval=0 expireIn=+30s0ms num=1] null]
06-03 23:47:17.371  1472  1524 D OplusGnssWhiteListProxy: on get OplusGnssWhiteListProxy!
06-03 23:47:17.371  1472  1524 D LocationManagerService: Skip applyRequirementsLocked, provider:  provider manager: gps provider isEnabled(): false isBatterySaverDisabling: false isSettingsExempt(record): false record: UpdateRecord[gps 31785/com.teslacoilsw.launcher (background) Request[ACCURACY_FINE gps interval=0 fastestInterval=0 expireIn=+30s0ms num=1] null]
06-03 23:47:17.371  1472  1524 D OplusGnssWhiteListProxy: on get OplusGnssWhiteListProxy!
06-03 23:47:17.371  1472  1524 D LocationManagerService: Skip applyRequirementsLocked, provider:  provider manager: gps provider isEnabled(): false isBatterySaverDisabling: false isSettingsExempt(record): false record: UpdateRecord[gps 31785/com.teslacoilsw.launcher (background) Request[ACCURACY_FINE gps interval=0 fastestInterval=0 expireIn=+30s0ms num=1] null]
06-03 23:47:17.371  1472  1524 D OplusGnssWhiteListProxy: on get OplusGnssWhiteListProxy!
06-03 23:47:17.371  1472  1524 D LocationManagerService: Skip applyRequirementsLocked, provider:  provider manager: gps provider isEnabled(): false isBatterySaverDisabling: false isSettingsExempt(record): false record: UpdateRecord[gps 31785/com.teslacoilsw.launcher (background) Request[ACCURACY_FINE gps interval=0 fastestInterval=0 expireIn=+30s0ms num=1] null]
06-03 23:47:17.371  1472  1524 D OplusGnssWhiteListProxy: on get OplusGnssWhiteListProxy!
06-03 23:47:17.371  1472  1524 D LocationManagerService: Skip applyRequirementsLocked, provider:  provider manager: gps provider isEnabled(): false isBatterySaverDisabling: false isSettingsExempt(record): false record: UpdateRecord[gps 31785/com.teslacoilsw.launcher (background) Request[ACCURACY_FINE gps interval=0 fastestInterval=0 expireIn=+30s0ms num=1] null]
06-03 23:47:17.371  1472  1524 D OplusGnssWhiteListProxy: on get OplusGnssWhiteListProxy!
06-03 23:47:17.371  1472  1524 D LocationManagerService: Skip applyRequirementsLocked, provider:  provider manager: gps provider isEnabled(): false isBatterySaverDisabling: false isSettingsExempt(record): false record: UpdateRecord[gps 31785/com.teslacoilsw.launcher (background) Request[ACCURACY_FINE gps interval=0 fastestInterval=0 expireIn=+30s0ms num=1] null]
06-03 23:47:17.371  1472  1524 D OplusGnssWhiteListProxy: on get OplusGnssWhiteListProxy!
06-03 23:47:17.371  1472  1524 D LocationManagerService: Skip applyRequirementsLocked, provider:  provider manager: gps provider isEnabled(): false isBatterySaverDisabling: false isSettingsExempt(record): false record: UpdateRecord[gps 31785/com.teslacoilsw.launcher (background) Request[ACCURACY_FINE gps interval=0 fastestInterval=0 expireIn=+30s0ms num=1] null]
06-03 23:47:17.371  1472  1524 D OplusGnssWhiteListProxy: on get OplusGnssWhiteListProxy!
06-03 23:47:17.371  1472  1524 D LocationManagerService: Skip applyRequirementsLocked, provider:  provider manager: gps provider isEnabled(): false isBatterySaverDisabling: false isSettingsExempt(record): false record: UpdateRecord[gps 31785/com.teslacoilsw.launcher (background) Request[ACCURACY_FINE gps interval=0 fastestInterval=0 expireIn=+30s0ms num=1] null]
06-03 23:47:17.371  1472  1524 D OplusGnssWhiteListProxy: on get OplusGnssWhiteListProxy!
06-03 23:47:17.371  1472  1524 D LocationManagerService: Skip applyRequirementsLocked, provider:  provider manager: gps provider isEnabled(): false isBatterySaverDisabling: false isSettingsExempt(record): false record: UpdateRecord[gps 31785/com.teslacoilsw.launcher (background) Request[ACCURACY_FINE gps interval=0 fastestInterval=0 expireIn=+30s0ms num=1] null]
06-03 23:47:17.371  1472  1524 D OplusGnssWhiteListProxy: on get OplusGnssWhiteListProxy!
06-03 23:47:17.371  1472  1524 D LocationManagerService: Skip applyRequirementsLocked, provider:  provider manager: gps provider isEnabled(): false isBatterySaverDisabling: false isSettingsExempt(record): false record: UpdateRecord[gps 31785/com.teslacoilsw.launcher (background) Request[ACCURACY_FINE gps interval=0 fastestInterval=0 expireIn=+30s0ms num=1] null]
06-03 23:47:17.371  1472  1524 D OplusGnssWhiteListProxy: on get OplusGnssWhiteListProxy!
06-03 23:47:17.371  1472  1524 D LocationManagerService: Skip applyRequirementsLocked, provider:  provider manager: gps provider isEnabled(): false isBatterySaverDisabling: false isSettingsExempt(record): false record: UpdateRecord[gps 31785/com.teslacoilsw.launcher (background) Request[ACCURACY_FINE gps interval=0 fastestInterval=0 expireIn=+30s0ms num=1] null]
06-03 23:47:17.371  1472  1524 D OplusGnssWhiteListProxy: on get OplusGnssWhiteListProxy!
06-03 23:47:17.371  1472  1524 D LocationManagerService: Skip applyRequirementsLocked, provider:  provider manager: gps provider isEnabled(): false isBatterySaverDisabling: false isSettingsExempt(record): false record: UpdateRecord[gps 31785/com.teslacoilsw.launcher (background) Request[ACCURACY_FINE gps interval=0 fastestInterval=0 expireIn=+30s0ms num=1] null]
06-03 23:47:17.372  1472  1524 D OplusGnssWhiteListProxy: on get OplusGnssWhiteListProxy!
