06-03 23:47:16.929 30485 30502 I FontLog : Query [emojicompat-emoji-font] resolved to {Noto Color Emoji Compat, wdth 100.0, wght 400, ital 0.0, bestEffort false} [CONTEXT service_id=132 ]
06-03 23:47:16.929 12548 12548 D LifecycleMonitor: Lifecycle status change: androidx.test.core.app.InstrumentationActivityInvoker$EmptyActivity@af6e58e in: PAUSED
06-03 23:47:16.930 12548 12548 V ActivityScenario: Activity lifecycle changed event received but ignored because the intent does not match. startActivityIntent=Intent { act=android.intent.action.MAIN cat=[android.intent.category.LAUNCHER] cmp=com.example.dogglers/.MainActivity }, activity.getIntent()=Intent { act=android.intent.action.MAIN cat=[android.intent.category.LAUNCHER] flg=0x10000000 cmp=com.example.dogglers/androidx.test.core.app.InstrumentationActivityInvoker$EmptyActivity mCallingUid=10242 }, activity=androidx.test.core.app.InstrumentationActivityInvoker$EmptyActivity@af6e58e
06-03 23:47:16.930 30485 30502 I FontLog : Fetch {Noto Color Emoji Compat, wdth 100.0, wght 400, ital 0.0, bestEffort false} end status Status{statusCode=SUCCESS, resolution=null} [CONTEXT service_id=132 ]
06-03 23:47:16.931   865   865 D OppoExLayer: ~Layer() sequence=28466, name=3e0a620 com.example.dogglers/com.example.dogglers.MainActivity#0@0xb4000073f00e2000
06-03 23:47:16.931   865   865 I BufferQueueConsumer: [com.example.dogglers/com.example.dogglers.MainActivity#0](id:36100001311,api:0,p:-1,c:865) disconnect()
06-03 23:47:16.931   865   865 I BufferQueue: [com.example.dogglers/com.example.dogglers.MainActivity#0](this:0xb4000074a62f3e58,id:4881,api:1,p:-1,c:-1) onDestructor()
06-03 23:47:16.932   865   865 D OppoExLayer: ~Layer() sequence=28467, name=com.example.dogglers/com.example.dogglers.MainActivity#0@0xb4000073f00f4000
06-03 23:47:16.932   865   865 D OppoExLayer: ~Layer() sequence=28470, name=Surface(name=790488b Splash Screen com.example.dogglers)/@0x4cfcbb6 - animation-leash#0@0xb4000073f58b7000
06-03 23:47:16.932   865   865 D OppoExLayer: ~Layer() sequence=28461, name=790488b Splash Screen com.example.dogglers#0@0xb4000073f5aec000
06-03 23:47:16.933   865   865 I BufferQueueConsumer: [Splash Screen com.example.dogglers#0](id:36100001310,api:0,p:-1,c:865) disconnect()
06-03 23:47:16.933   865   865 I BufferQueue: [Splash Screen com.example.dogglers#0](this:0xb400007424f44058,id:4880,api:2,p:-1,c:-1) onDestructor()
06-03 23:47:16.933   865   865 D OppoExLayer: ~Layer() sequence=28462, name=Splash Screen com.example.dogglers#0@0xb4000074069e5000
06-03 23:47:16.933  1472  4338 I InputDispatcher: setFocusedApplication displayId=0 <invalid>
06-03 23:47:16.934  1472  6015 I InputDispatcher: Window went away: Splash Screen com.example.dogglers#0
06-03 23:47:16.934  1472  6015 I InputDispatcher: Window went away: com.example.dogglers/com.example.dogglers.MainActivity#0
06-03 23:47:16.934   814   890 I hwcomposer: [HRT] only_has_blit_dev_job:0, run simpleLayeringRule.
06-03 23:47:16.935  1472  4338 D Theia.NoFocusWindow: FocusWindowErrorScene CheckFreezeScreen
06-03 23:47:16.942 12548 12548 D LifecycleMonitor: Lifecycle status change: androidx.test.core.app.InstrumentationActivityInvoker$BootstrapActivity@69eced6 in: DESTROYED
06-03 23:47:16.943 12548 12548 V ActivityScenario: Activity lifecycle changed event received but ignored because the intent does not match. startActivityIntent=Intent { act=android.intent.action.MAIN cat=[android.intent.category.LAUNCHER] cmp=com.example.dogglers/.MainActivity }, activity.getIntent()=Intent { act=android.intent.action.MAIN cat=[android.intent.category.LAUNCHER] flg=0x10008000 cmp=com.example.dogglers/androidx.test.core.app.InstrumentationActivityInvoker$BootstrapActivity (has extras) mCallingUid=10242 }, activity=androidx.test.core.app.InstrumentationActivityInvoker$BootstrapActivity@69eced6
06-03 23:47:16.945  1472  6047 D InputMethodManagerService: isSecurity: attribute.packageName=com.example.dogglers
06-03 23:47:16.945  1472  6047 D InputMethodManagerService: isSecurity= false (  enable=false needShow=false inBlackList=false  isExist=true )
06-03 23:47:16.947   865   865 D OppoExLayer: ~Layer() sequence=28460, name=ActivityRecord{4c950c5 u0 com.example.dogglers/androidx.test.core.app.InstrumentationActivityInvoker$BootstrapActivity#0@0xb4000073f5ae9000
06-03 23:47:16.948  1472  3936 I InputDispatcher: Focus left window: Window{a9684dc u0 com.example.dogglers/androidx.test.core.app.InstrumentationActivityInvoker$EmptyActivity} in display 0
06-03 23:47:16.948  1472  3936 I InputDispatcher: Window went away: Window{a9684dc u0 com.example.dogglers/androidx.test.core.app.InstrumentationActivityInvoker$EmptyActivity}
06-03 23:47:16.948 30485 11250 I FontLog : Pulling font file for id = 379, cache size = 9 [CONTEXT service_id=132 ]
06-03 23:47:16.948   814   890 I hwcomposer: [HRT] only_has_blit_dev_job:0, run simpleLayeringRule.
06-03 23:47:16.953 30485 11250 I FontLog : Pulling font file for id = 379, cache size = 9 [CONTEXT service_id=132 ]
06-03 23:47:16.959   865   938 D DispPerfService: get hint proc=Surface(name=8cf94b9 InputMethod), idx=0 none
06-03 23:47:16.960 20839 20978 E Parcel  : Reading a NULL string not supported here.
06-03 23:47:16.961  1472  3042 I mtkpower_client: perf_lock_rel, hdl:66303, tid:3042
06-03 23:47:16.961  8485  8485 I GoogleInputMethodService: GoogleInputMethodService.onFinishInput():3204
06-03 23:47:16.961  1472  3042 I mtkpower_client: perf_lock_acq, hdl:66303, dur:0, num:12, tid:3042
06-03 23:47:16.961 12548 12630 E libEGL  : Invalid file path for libcolorx-loader.so
06-03 23:47:16.961 12548 12630 D libMEOW : applied 0 plugin for [com.example.dogglers].
06-03 23:47:16.961   841   903 I libPowerHal: [perfLockRel] hdl:66303, idx:0
06-03 23:47:16.961  8485  8485 I GoogleInputMethodService: GoogleInputMethodService.updateDeviceLockedStatus():2100 checkRepeatedly = false, unlocked = true
06-03 23:47:16.961   841   903 I libPowerHal: [PD] scn:0 hdl:66303 lock_user:system_server pid:1472 tid:3042 dur:0
06-03 23:47:16.962  8485  8485 I GoogleInputMethodService: GoogleInputMethodService.onStartInput():1903 onStartInput(EditorInfo{inputType=0x0(NULL) imeOptions=0x0 privateImeOptions=null actionName=UNSPECIFIED actionLabel=null actionId=0 initialSelStart=-1 initialSelEnd=-1 initialCapsMode=0x0 hintText=null label=null packageName=com.example.dogglers fieldId=-1 fieldName=null extras=null}, false)
06-03 23:47:16.962   841   903 I libPowerHal: system_server: cpu_ctrl set cpu freq: -1 -1 -1 -1
06-03 23:47:16.962   841   903 I libPowerHal: [PD] system_server update cmd:1410000 param:0
06-03 23:47:16.962   841   903 I libPowerHal: [PD] system_server update cmd:10000100 param:0
06-03 23:47:16.962   841   903 I libPowerHal: [PD] system_server update cmd:1c3c000, param:1
06-03 23:47:16.962  8485  8485 I GoogleInputMethodService: GoogleInputMethodService.updateDeviceLockedStatus():2100 checkRepeatedly = true, unlocked = true
06-03 23:47:16.962  1472  3042 I mtkpower_client: ret_hdl:66304
06-03 23:47:16.963   841   903 I libPowerHal: [perfLockAcq] idx:0 hdl:66304 hint:-1 pid:1472 duration:0 => ret_hdl:66304
06-03 23:47:16.963   841   903 I libPowerHal: [PE] scn:0 hdl:66304 lock_user:system_server pid:1472 tid:3042 dur:0
06-03 23:47:16.963   841   903 I libPowerHal: system_server: cpu_ctrl set cpu freq: 2000000 -1 2203000 -1
06-03 23:47:16.963   841   903 I libPowerHal: [PE] system_server update cmd:1410000, param:1
06-03 23:47:16.963   841   903 I libPowerHal: [PE] system_server update cmd:10000100, param:0
06-03 23:47:16.963   841   903 I libPowerHal: [PE] system_server update cmd:1c3c000, param:0
06-03 23:47:16.963 20839 20978 E Parcel  : Reading a NULL string not supported here.
06-03 23:47:16.964 12548 12548 D LifecycleMonitor: Lifecycle status change: androidx.test.core.app.InstrumentationActivityInvoker$EmptyActivity@4cbe49f in: PRE_ON_CREATE
06-03 23:47:16.964 12548 12548 V ActivityScenario: Activity lifecycle changed event received but ignored because the intent does not match. startActivityIntent=Intent { act=android.intent.action.MAIN cat=[android.intent.category.LAUNCHER] cmp=com.example.dogglers/.MainActivity }, activity.getIntent()=Intent { act=android.intent.action.MAIN cat=[android.intent.category.LAUNCHER] flg=0x10000000 cmp=com.example.dogglers/androidx.test.core.app.InstrumentationActivityInvoker$EmptyActivity mCallingUid=10242 }, activity=androidx.test.core.app.InstrumentationActivityInvoker$EmptyActivity@4cbe49f
06-03 23:47:16.965   814   890 I hwcomposer: [HRT] only_has_blit_dev_job:0, run simpleLayeringRule.
06-03 23:47:16.967 20839 20978 E Parcel  : Reading a NULL string not supported here.
06-03 23:47:16.967  1472  6015 D OppoDisplayPolicy: com.android.systemui, change system app cutoutMode: color always
06-03 23:47:16.969 20839 20978 E Parcel  : Reading a NULL string not supported here.
06-03 23:47:16.974 20839 20978 I chatty  : uid=10184(com.coloros.gamespace) pool-3-thread-2 identical 2 lines
06-03 23:47:16.977 20839 20978 E Parcel  : Reading a NULL string not supported here.
06-03 23:47:16.979 12548 12548 D LifecycleMonitor: Lifecycle status change: androidx.test.core.app.InstrumentationActivityInvoker$EmptyActivity@4cbe49f in: CREATED
06-03 23:47:16.979 12548 12548 V ActivityScenario: Activity lifecycle changed event received but ignored because the intent does not match. startActivityIntent=Intent { act=android.intent.action.MAIN cat=[android.intent.category.LAUNCHER] cmp=com.example.dogglers/.MainActivity }, activity.getIntent()=Intent { act=android.intent.action.MAIN cat=[android.intent.category.LAUNCHER] flg=0x10000000 cmp=com.example.dogglers/androidx.test.core.app.InstrumentationActivityInvoker$EmptyActivity mCallingUid=10242 }, activity=androidx.test.core.app.InstrumentationActivityInvoker$EmptyActivity@4cbe49f
06-03 23:47:16.980 20839 20978 E Parcel  : Reading a NULL string not supported here.
06-03 23:47:16.981   814   890 I hwcomposer: [HRT] only_has_blit_dev_job:0, run simpleLayeringRule.
06-03 23:47:16.983 20839 20978 E Parcel  : Reading a NULL string not supported here.
06-03 23:47:16.983 12548 12548 D LifecycleMonitor: Lifecycle status change: androidx.test.core.app.InstrumentationActivityInvoker$EmptyActivity@4cbe49f in: STARTED
06-03 23:47:16.984 12548 12548 V ActivityScenario: Activity lifecycle changed event received but ignored because the intent does not match. startActivityIntent=Intent { act=android.intent.action.MAIN cat=[android.intent.category.LAUNCHER] cmp=com.example.dogglers/.MainActivity }, activity.getIntent()=Intent { act=android.intent.action.MAIN cat=[android.intent.category.LAUNCHER] flg=0x10000000 cmp=com.example.dogglers/androidx.test.core.app.InstrumentationActivityInvoker$EmptyActivity mCallingUid=10242 }, activity=androidx.test.core.app.InstrumentationActivityInvoker$EmptyActivity@4cbe49f
06-03 23:47:16.985 20839 20978 E Parcel  : Reading a NULL string not supported here.
06-03 23:47:16.986 12548 12548 D LifecycleMonitor: Lifecycle status change: androidx.test.core.app.InstrumentationActivityInvoker$EmptyActivity@4cbe49f in: RESUMED
06-03 23:47:16.986 12548 12548 V ActivityScenario: Activity lifecycle changed event received but ignored because the intent does not match. startActivityIntent=Intent { act=android.intent.action.MAIN cat=[android.intent.category.LAUNCHER] cmp=com.example.dogglers/.MainActivity }, activity.getIntent()=Intent { act=android.intent.action.MAIN cat=[android.intent.category.LAUNCHER] flg=0x10000000 cmp=com.example.dogglers/androidx.test.core.app.InstrumentationActivityInvoker$EmptyActivity mCallingUid=10242 }, activity=androidx.test.core.app.InstrumentationActivityInvoker$EmptyActivity@4cbe49f
06-03 23:47:16.986 12548 12548 V PhoneWindow: DecorView setVisiblity: visibility = 4, Parent = null, this = DecorView@da281b5[]
06-03 23:47:16.987   865   938 I SurfaceFlinger: [SF client] NEW(0xb4000073f02e7e80) for (12548:com.example.dogglers)
06-03 23:47:16.988 20839 20978 E Parcel  : Reading a NULL string not supported here.
06-03 23:47:16.990 12548 12548 D ViewRootImpl[InstrumentationActivityInvoker$EmptyActivity]: hardware acceleration = true , fakeHwAccelerated = false, sRendererDisabled = false, forceHwAccelerated = false, sSystemRendererDisabled = false
06-03 23:47:16.991  1472  6015 D OppoDisplayPolicy: com.example.dogglers, no change cutoutMode: 0
06-03 23:47:16.992   865   938 D DispPerfService: get hint proc=873e58d com.example.dogglers, idx=0 none
06-03 23:47:16.994 12548 12548 E libEGL  : Invalid file path for libcolorx-loader.so
06-03 23:47:16.994 12548 12548 I chatty  : uid=10242(com.example.dogglers) identical 4 lines
06-03 23:47:16.994 12548 12548 E libEGL  : Invalid file path for libcolorx-loader.so
06-03 23:47:16.994 12548 12548 I InputTransport: Create ARC handle: 0xb40000782d0890a0
06-03 23:47:16.994 12548 12548 V PhoneWindow: DecorView setVisiblity: visibility = 0, Parent = android.view.ViewRootImpl@78bc8d8, this = DecorView@da281b5[InstrumentationActivityInvoker$EmptyActivity]
06-03 23:47:16.997  8485  8485 V PhoneWindow: DecorView setVisiblity: visibility = 8, Parent = android.view.ViewRootImpl@c231d3d, this = DecorView@80a3932[InputMethod]
06-03 23:47:16.998   814   890 I hwcomposer: [HRT] only_has_blit_dev_job:0, run simpleLayeringRule.
06-03 23:47:17.002  1472  5312 D OppoDisplayPolicy: com.example.dogglers, no change cutoutMode: 0
06-03 23:47:17.006   865  1818 D DispPerfService: get hint proc=com.example.dogglers, idx=0 none
06-03 23:47:17.006   865  1818 I BufferQueueConsumer: [](id:36100001313,api:0,p:-1,c:865) connect(): controlledByApp=false
06-03 23:47:17.006   865  1818 I BufferQueue: [unnamed-865-4883](this:0xb4000073f5ab2458,id:4883,api:0,p:-1,c:-1) BufferQueue core=(865:/system/bin/surfaceflinger)
06-03 23:47:17.008  1472  3042 I mtkpower_client: perf_lock_rel, hdl:66304, tid:3042
06-03 23:47:17.008   865  1818 D DispPerfService: get hint proc=Surface(name=3c9c3ca StatusBar), idx=0 none
06-03 23:47:17.008  1472  3042 I mtkpower_client: perf_lock_acq, hdl:66304, dur:0, num:12, tid:3042
06-03 23:47:17.008   841   903 I libPowerHal: [perfLockRel] hdl:66304, idx:0
06-03 23:47:17.008   841   903 I libPowerHal: [PD] scn:0 hdl:66304 lock_user:system_server pid:1472 tid:3042 dur:0
06-03 23:47:17.009   841   903 I libPowerHal: system_server: cpu_ctrl set cpu freq: -1 -1 -1 -1
06-03 23:47:17.009   841   903 I libPowerHal: [PD] system_server update cmd:1410000 param:0
06-03 23:47:17.009   841   903 I libPowerHal: [PD] system_server update cmd:10000100 param:0
06-03 23:47:17.009   841   903 I libPowerHal: [PD] system_server update cmd:1c3c000, param:1
06-03 23:47:17.009   865  1818 D DispPerfService: get hint proc=Surface(name=8790d11 NavigationBar0), idx=0 none
06-03 23:47:17.010  1472  3042 I mtkpower_client: ret_hdl:66305
06-03 23:47:17.010   841   903 I libPowerHal: [perfLockAcq] idx:0 hdl:66305 hint:-1 pid:1472 duration:0 => ret_hdl:66305
06-03 23:47:17.010   841   903 I libPowerHal: [PE] scn:0 hdl:66305 lock_user:system_server pid:1472 tid:3042 dur:0
06-03 23:47:17.010   841   903 I libPowerHal: system_server: cpu_ctrl set cpu freq: 2000000 -1 2203000 -1
06-03 23:47:17.010   841   903 I libPowerHal: [PE] system_server update cmd:1410000, param:1
06-03 23:47:17.010   841   903 I libPowerHal: [PE] system_server update cmd:10000100, param:0
06-03 23:47:17.010   841   903 I libPowerHal: [PE] system_server update cmd:1c3c000, param:0
06-03 23:47:17.011  1472  5312 D Theia.NoFocusWindow: FocusWindowErrorScene cancelCheckFreezeScreen
06-03 23:47:17.014   814   890 I hwcomposer: [HRT] only_has_blit_dev_job:0, run simpleLayeringRule.
06-03 23:47:17.015   865   938 I BufferQueueProducer: [com.example.dogglers/androidx.test.core.app.InstrumentationActivityInvoker$EmptyActivity#1](id:36100001313,api:1,p:12548,c:865) connect(): api=1 producerControlledByApp=false
06-03 23:47:17.017  1472  5312 D OppoDisplayPolicy: com.android.systemui, change system app cutoutMode: color always
06-03 23:47:17.025   865   938 D DispPerfService: onframeavailable pid=12548, slot=2, seq=28483, name=com.example.dogglers:com.example.dogglers/androidx.test.core.app.InstrumentationActivityInvoker$EmptyActivity#1
06-03 23:47:17.028  1472  1537 I ActivityTaskManager: Displayed com.example.dogglers/androidx.test.core.app.InstrumentationActivityInvoker$EmptyActivity: +121ms
06-03 23:47:17.030  1472  6015 I InputDispatcher: Window went away: com.example.dogglers/androidx.test.core.app.InstrumentationActivityInvoker$EmptyActivity#1
06-03 23:47:17.031   814   890 I hwcomposer: [HRT] only_has_blit_dev_job:0, run simpleLayeringRule.
06-03 23:47:17.033  8485  8485 V PhoneWindow: DecorView setVisiblity: visibility = 8, Parent = android.view.ViewRootImpl@c231d3d, this = DecorView@80a3932[InputMethod]
06-03 23:47:17.043 20839 20978 E Parcel  : Reading a NULL string not supported here.
06-03 23:47:17.047   865   865 D OppoExLayer: ~Layer() sequence=28478, name=Surface(name=8790d11 NavigationBar0)/@0x7dd0224 - animation-leash#1@0xb4000073f58af000
06-03 23:47:17.047   865   865 D OppoExLayer: ~Layer() sequence=28477, name=Surface(name=3c9c3ca StatusBar)/@0xba48ab7 - animation-leash#1@0xb4000073f5a7c000
06-03 23:47:17.047   865   865 D OppoExLayer: ~Layer() sequence=28465, name=ActivityRecord{18c22d5 u0 com.example.dogglers/.MainActivity#0@0xb4000073f03e7000
06-03 23:47:17.048  1472  6015 I InputDispatcher: Focus entered window: Window{873e58d u0 com.example.dogglers/androidx.test.core.app.InstrumentationActivityInvoker$EmptyActivity} in display 0
06-03 23:47:17.049   865   938 I BufferQueueProducer: [com.example.dogglers/androidx.test.core.app.InstrumentationActivityInvoker$EmptyActivity#0](id:36100001312,api:1,p:12548,c:865) disconnect(): api=1
06-03 23:47:17.049   814   890 I hwcomposer: [HRT] only_has_blit_dev_job:0, run simpleLayeringRule.
06-03 23:47:17.055  8485  8485 V PhoneWindow: DecorView setVisiblity: visibility = 8, Parent = android.view.ViewRootImpl@c231d3d, this = DecorView@80a3932[InputMethod]
06-03 23:47:17.059  1472  5312 D Theia.NoFocusWindow: FocusWindowErrorScene CheckFreezeScreen
06-03 23:47:17.059  1472  5312 I InputDispatcher: setFocusedApplication displayId=0 ActivityRecord{ab94c4b u0 com.teslacoilsw.launcher/.NovaLauncher t2289}
06-03 23:47:17.059  1472  3042 I mtkpower_client: perf_lock_rel, hdl:66305, tid:3042
06-03 23:47:17.059  1472  3042 I mtkpower_client: perf_lock_acq, hdl:66305, dur:0, num:12, tid:3042
06-03 23:47:17.060   841   903 I libPowerHal: [perfLockRel] hdl:66305, idx:0
06-03 23:47:17.060   841   903 I libPowerHal: [PD] scn:0 hdl:66305 lock_user:system_server pid:1472 tid:3042 dur:0
06-03 23:47:17.060   841   903 I libPowerHal: system_server: cpu_ctrl set cpu freq: -1 -1 -1 -1
06-03 23:47:17.060   841   903 I libPowerHal: [PD] system_server update cmd:1410000 param:0
06-03 23:47:17.060   841   903 I libPowerHal: [PD] system_server update cmd:10000100 param:0
06-03 23:47:17.060   841   903 I libPowerHal: [PD] system_server update cmd:1c3c000, param:1
06-03 23:47:17.061  1472  3042 I mtkpower_client: ret_hdl:66306
06-03 23:47:17.061   841   903 I libPowerHal: [perfLockAcq] idx:0 hdl:66306 hint:-1 pid:1472 duration:0 => ret_hdl:66306
06-03 23:47:17.061   841   903 I libPowerHal: [PE] scn:0 hdl:66306 lock_user:system_server pid:1472 tid:3042 dur:0
06-03 23:47:17.061   841   903 I libPowerHal: system_server: cpu_ctrl set cpu freq: 2000000 -1 2203000 -1
06-03 23:47:17.061   841   903 I libPowerHal: [PE] system_server update cmd:1410000, param:1
06-03 23:47:17.061   841   903 I libPowerHal: [PE] system_server update cmd:10000100, param:0
06-03 23:47:17.062   841   903 I libPowerHal: [PE] system_server update cmd:1c3c000, param:0
06-03 23:47:17.064  1472  6015 I InputDispatcher: Focus left window: Window{873e58d u0 com.example.dogglers/androidx.test.core.app.InstrumentationActivityInvoker$EmptyActivity} in display 0
06-03 23:47:17.064  1472  6015 I InputDispatcher: Window went away: Window{873e58d u0 com.example.dogglers/androidx.test.core.app.InstrumentationActivityInvoker$EmptyActivity}
06-03 23:47:17.065   814   890 I hwcomposer: [HRT] only_has_blit_dev_job:0, run simpleLayeringRule.
06-03 23:47:17.067  1472  1525 D OplusAppBwCore: onUidImportance: 10254, 100
06-03 23:47:17.068  1472  1524 D LocationManagerService: request from uid 10254 is now foreground
06-03 23:47:17.070  1472  1524 I chatty  : uid=1000(system) android.fg identical 192 lines
06-03 23:47:17.070  1472  1524 D LocationManagerService: request from uid 10254 is now foreground
06-03 23:47:17.070  1472  1524 D OplusGnssWhiteListProxy: on get OplusGnssWhiteListProxy!
06-03 23:47:17.070  1472  1524 D LocationManagerService: Skip applyRequirementsLocked, provider:  provider manager: gps provider isEnabled(): false isBatterySaverDisabling: false isSettingsExempt(record): false record: UpdateRecord[gps 31785/com.teslacoilsw.launcher Request[ACCURACY_FINE gps interval=0 fastestInterval=0 expireIn=+30s0ms num=1] null]
06-03 23:47:17.070  1472  1524 D OplusGnssWhiteListProxy: on get OplusGnssWhiteListProxy!
06-03 23:47:17.070  1472  1524 D LocationManagerService: Skip applyRequirementsLocked, provider:  provider manager: gps provider isEnabled(): false isBatterySaverDisabling: false isSettingsExempt(record): false record: UpdateRecord[gps 31785/com.teslacoilsw.launcher Request[ACCURACY_FINE gps interval=0 fastestInterval=0 expireIn=+30s0ms num=1] null]
06-03 23:47:17.070  1472  1524 D OplusGnssWhiteListProxy: on get OplusGnssWhiteListProxy!
06-03 23:47:17.070  1472  1524 D LocationManagerService: Skip applyRequirementsLocked, provider:  provider manager: gps provider isEnabled(): false isBatterySaverDisabling: false isSettingsExempt(record): false record: UpdateRecord[gps 31785/com.teslacoilsw.launcher Request[ACCURACY_FINE gps interval=0 fastestInterval=0 expireIn=+30s0ms num=1] null]
06-03 23:47:17.070  1472  1524 D OplusGnssWhiteListProxy: on get OplusGnssWhiteListProxy!
06-03 23:47:17.070  1472  1524 D LocationManagerService: Skip applyRequirementsLocked, provider:  provider manager: gps provider isEnabled(): false isBatterySaverDisabling: false isSettingsExempt(record): false record: UpdateRecord[gps 31785/com.teslacoilsw.launcher Request[ACCURACY_FINE gps interval=0 fastestInterval=0 expireIn=+30s0ms num=1] null]
06-03 23:47:17.070  1472  1524 D OplusGnssWhiteListProxy: on get OplusGnssWhiteListProxy!
06-03 23:47:17.070  1472  1524 D LocationManagerService: Skip applyRequirementsLocked, provider:  provider manager: gps provider isEnabled(): false isBatterySaverDisabling: false isSettingsExempt(record): false record: UpdateRecord[gps 31785/com.teslacoilsw.launcher Request[ACCURACY_FINE gps interval=0 fastestInterval=0 expireIn=+30s0ms num=1] null]
06-03 23:47:17.070  1472  1524 D OplusGnssWhiteListProxy: on get OplusGnssWhiteListProxy!
06-03 23:47:17.070  1472  1524 D LocationManagerService: Skip applyRequirementsLocked, provider:  provider manager: gps provider isEnabled(): false isBatterySaverDisabling: false isSettingsExempt(record): false record: UpdateRecord[gps 31785/com.teslacoilsw.launcher Request[ACCURACY_FINE gps interval=0 fastestInterval=0 expireIn=+30s0ms num=1] null]
06-03 23:47:17.070  1472  1524 D OplusGnssWhiteListProxy: on get OplusGnssWhiteListProxy!
06-03 23:47:17.070  1472  1524 D LocationManagerService: Skip applyRequirementsLocked, provider:  provider manager: gps provider isEnabled(): false isBatterySaverDisabling: false isSettingsExempt(record): false record: UpdateRecord[gps 31785/com.teslacoilsw.launcher Request[ACCURACY_FINE gps interval=0 fastestInterval=0 expireIn=+30s0ms num=1] null]
06-03 23:47:17.070  1472  1524 D OplusGnssWhiteListProxy: on get OplusGnssWhiteListProxy!
06-03 23:47:17.070  1472  1524 D LocationManagerService: Skip applyRequirementsLocked, provider:  provider manager: gps provider isEnabled(): false isBatterySaverDisabling: false isSettingsExempt(record): false record: UpdateRecord[gps 31785/com.teslacoilsw.launcher Request[ACCURACY_FINE gps interval=0 fastestInterval=0 expireIn=+30s0ms num=1] null]
06-03 23:47:17.070  1472  1524 D OplusGnssWhiteListProxy: on get OplusGnssWhiteListProxy!
06-03 23:47:17.070  1472  1524 D LocationManagerService: Skip applyRequirementsLocked, provider:  provider manager: gps provider isEnabled(): false isBatterySaverDisabling: false isSettingsExempt(record): false record: UpdateRecord[gps 31785/com.teslacoilsw.launcher Request[ACCURACY_FINE gps interval=0 fastestInterval=0 expireIn=+30s0ms num=1] null]
06-03 23:47:17.070  1472  1524 D OplusGnssWhiteListProxy: on get OplusGnssWhiteListProxy!
06-03 23:47:17.070  1472  1524 D LocationManagerService: Skip applyRequirementsLocked, provider:  provider manager: gps provider isEnabled(): false isBatterySaverDisabling: false isSettingsExempt(record): false record: UpdateRecord[gps 31785/com.teslacoilsw.launcher Request[ACCURACY_FINE gps interval=0 fastestInterval=0 expireIn=+30s0ms num=1] null]
06-03 23:47:17.070  1472  1524 D OplusGnssWhiteListProxy: on get OplusGnssWhiteListProxy!
06-03 23:47:17.070  1472  1524 D LocationManagerService: Skip applyRequirementsLocked, provider:  provider manager: gps provider isEnabled(): false isBatterySaverDisabling: false isSettingsExempt(record): false record: UpdateRecord[gps 31785/com.teslacoilsw.launcher Request[ACCURACY_FINE gps interval=0 fastestInterval=0 expireIn=+30s0ms num=1] null]
06-03 23:47:17.070  1472  1524 D OplusGnssWhiteListProxy: on get OplusGnssWhiteListProxy!
06-03 23:47:17.071  1472  1524 D LocationManagerService: Skip applyRequirementsLocked, provider:  provider manager: gps provider isEnabled(): false isBatterySaverDisabling: false isSettingsExempt(record): false record: UpdateRecord[gps 31785/com.teslacoilsw.launcher Request[ACCURACY_FINE gps interval=0 fastestInterval=0 expireIn=+30s0ms num=1] null]
06-03 23:47:17.071  1472  1524 D OplusGnssWhiteListProxy: on get OplusGnssWhiteListProxy!
06-03 23:47:17.071  1472  1524 D LocationManagerService: Skip applyRequirementsLocked, provider:  provider manager: gps provider isEnabled(): false isBatterySaverDisabling: false isSettingsExempt(record): false record: UpdateRecord[gps 31785/com.teslacoilsw.launcher Request[ACCURACY_FINE gps interval=0 fastestInterval=0 expireIn=+30s0ms num=1] null]
06-03 23:47:17.071  1472  1524 D OplusGnssWhiteListProxy: on get OplusGnssWhiteListProxy!
06-03 23:47:17.071  1472  1524 D LocationManagerService: Skip applyRequirementsLocked, provider:  provider manager: gps provider isEnabled(): false isBatterySaverDisabling: false isSettingsExempt(record): false record: UpdateRecord[gps 31785/com.teslacoilsw.launcher Request[ACCURACY_FINE gps interval=0 fastestInterval=0 expireIn=+30s0ms num=1] null]
06-03 23:47:17.071  1472  1524 D OplusGnssWhiteListProxy: on get OplusGnssWhiteListProxy!
06-03 23:47:17.071  1472  1524 D LocationManagerService: Skip applyRequirementsLocked, provider:  provider manager: gps provider isEnabled(): false isBatterySaverDisabling: false isSettingsExempt(record): false record: UpdateRecord[gps 31785/com.teslacoilsw.launcher Request[ACCURACY_FINE gps interval=0 fastestInterval=0 expireIn=+30s0ms num=1] null]
06-03 23:47:17.071  1472  1524 D OplusGnssWhiteListProxy: on get OplusGnssWhiteListProxy!
06-03 23:47:17.071  1472  1524 D LocationManagerService: Skip applyRequirementsLocked, provider:  provider manager: gps provider isEnabled(): false isBatterySaverDisabling: false isSettingsExempt(record): false record: UpdateRecord[gps 31785/com.teslacoilsw.launcher Request[ACCURACY_FINE gps interval=0 fastestInterval=0 expireIn=+30s0ms num=1] null]
06-03 23:47:17.071  1472  1524 D OplusGnssWhiteListProxy: on get OplusGnssWhiteListProxy!
06-03 23:47:17.071  1472  1524 D LocationManagerService: Skip applyRequirementsLocked, provider:  provider manager: gps provider isEnabled(): false isBatterySaverDisabling: false isSettingsExempt(record): false record: UpdateRecord[gps 31785/com.teslacoilsw.launcher Request[ACCURACY_FINE gps interval=0 fastestInterval=0 expireIn=+30s0ms num=1] null]
06-03 23:47:17.071  1472  1524 D OplusGnssWhiteListProxy: on get OplusGnssWhiteListProxy!
06-03 23:47:17.071  1472  1524 D LocationManagerService: Skip applyRequirementsLocked, provider:  provider manager: gps provider isEnabled(): false isBatterySaverDisabling: false isSettingsExempt(record): false record: UpdateRecord[gps 31785/com.teslacoilsw.launcher Request[ACCURACY_FINE gps interval=0 fastestInterval=0 expireIn=+30s0ms num=1] null]
06-03 23:47:17.071  1472  1524 D OplusGnssWhiteListProxy: on get OplusGnssWhiteListProxy!
06-03 23:47:17.071  1472  1524 D LocationManagerService: Skip applyRequirementsLocked, provider:  provider manager: gps provider isEnabled(): false isBatterySaverDisabling: false isSettingsExempt(record): false record: UpdateRecord[gps 31785/com.teslacoilsw.launcher Request[ACCURACY_FINE gps interval=0 fastestInterval=0 expireIn=+30s0ms num=1] null]
06-03 23:47:17.071  1472  1524 D OplusGnssWhiteListProxy: on get OplusGnssWhiteListProxy!
06-03 23:47:17.071  1472  1524 D LocationManagerService: Skip applyRequirementsLocked, provider:  provider manager: gps provider isEnabled(): false isBatterySaverDisabling: false isSettingsExempt(record): false record: UpdateRecord[gps 31785/com.teslacoilsw.launcher Request[ACCURACY_FINE gps interval=0 fastestInterval=0 expireIn=+30s0ms num=1] null]
06-03 23:47:17.071  1472  1524 D OplusGnssWhiteListProxy: on get OplusGnssWhiteListProxy!
06-03 23:47:17.071  1472  1524 D LocationManagerService: Skip applyRequirementsLocked, provider:  provider manager: gps provider isEnabled(): false isBatterySaverDisabling: false isSettingsExempt(record): false record: UpdateRecord[gps 31785/com.teslacoilsw.launcher Request[ACCURACY_FINE gps interval=0 fastestInterval=0 expireIn=+30s0ms num=1] null]
06-03 23:47:17.071  1472  1524 D OplusGnssWhiteListProxy: on get OplusGnssWhiteListProxy!
06-03 23:47:17.071  1472  1524 D LocationManagerService: Skip applyRequirementsLocked, provider:  provider manager: gps provider isEnabled(): false isBatterySaverDisabling: false isSettingsExempt(record): false record: UpdateRecord[gps 31785/com.teslacoilsw.launcher Request[ACCURACY_FINE gps interval=0 fastestInterval=0 expireIn=+30s0ms num=1] null]
06-03 23:47:17.071  1472  1524 D OplusGnssWhiteListProxy: on get OplusGnssWhiteListProxy!
06-03 23:47:17.071  1472  1524 D LocationManagerService: Skip applyRequirementsLocked, provider:  provider manager: gps provider isEnabled(): false isBatterySaverDisabling: false isSettingsExempt(record): false record: UpdateRecord[gps 31785/com.teslacoilsw.launcher Request[ACCURACY_FINE gps interval=0 fastestInterval=0 expireIn=+30s0ms num=1] null]
06-03 23:47:17.071  1472  1524 D OplusGnssWhiteListProxy: on get OplusGnssWhiteListProxy!
06-03 23:47:17.071  1472  1524 D LocationManagerService: Skip applyRequirementsLocked, provider:  provider manager: gps provider isEnabled(): false isBatterySaverDisabling: false isSettingsExempt(record): false record: UpdateRecord[gps 31785/com.teslacoilsw.launcher Request[ACCURACY_FINE gps interval=0 fastestInterval=0 expireIn=+30s0ms num=1] null]
06-03 23:47:17.071  1472  1524 D OplusGnssWhiteListProxy: on get OplusGnssWhiteListProxy!
06-03 23:47:17.071  1472  1524 D LocationManagerService: Skip applyRequirementsLocked, provider:  provider manager: gps provider isEnabled(): false isBatterySaverDisabling: false isSettingsExempt(record): false record: UpdateRecord[gps 31785/com.teslacoilsw.launcher Request[ACCURACY_FINE gps interval=0 fastestInterval=0 expireIn=+30s0ms num=1] null]
06-03 23:47:17.071  1472  1524 D OplusGnssWhiteListProxy: on get OplusGnssWhiteListProxy!
06-03 23:47:17.071  1472  1524 D LocationManagerService: Skip applyRequirementsLocked, provider:  provider manager: gps provider isEnabled(): false isBatterySaverDisabling: false isSettingsExempt(record): false record: UpdateRecord[gps 31785/com.teslacoilsw.launcher Request[ACCURACY_FINE gps interval=0 fastestInterval=0 expireIn=+30s0ms num=1] null]
06-03 23:47:17.071  1472  1524 D OplusGnssWhiteListProxy: on get OplusGnssWhiteListProxy!
06-03 23:47:17.071  1472  1524 D LocationManagerService: Skip applyRequirementsLocked, provider:  provider manager: gps provider isEnabled(): false isBatterySaverDisabling: false isSettingsExempt(record): false record: UpdateRecord[gps 31785/com.teslacoilsw.launcher Request[ACCURACY_FINE gps interval=0 fastestInterval=0 expireIn=+30s0ms num=1] null]
06-03 23:47:17.071  1472  1524 D OplusGnssWhiteListProxy: on get OplusGnssWhiteListProxy!
06-03 23:47:17.071  1472  1524 D LocationManagerService: Skip applyRequirementsLocked, provider:  provider manager: gps provider isEnabled(): false isBatterySaverDisabling: false isSettingsExempt(record): false record: UpdateRecord[gps 31785/com.teslacoilsw.launcher Request[ACCURACY_FINE gps interval=0 fastestInterval=0 expireIn=+30s0ms num=1] null]
06-03 23:47:17.071  1472  1524 D OplusGnssWhiteListProxy: on get OplusGnssWhiteListProxy!
06-03 23:47:17.071  1472  1524 D LocationManagerService: Skip applyRequirementsLocked, provider:  provider manager: gps provider isEnabled(): false isBatterySaverDisabling: false isSettingsExempt(record): false record: UpdateRecord[gps 31785/com.teslacoilsw.launcher Request[ACCURACY_FINE gps interval=0 fastestInterval=0 expireIn=+30s0ms num=1] null]
06-03 23:47:17.071  1472  1524 D OplusGnssWhiteListProxy: on get OplusGnssWhiteListProxy!
06-03 23:47:17.071  1472  1524 D LocationManagerService: Skip applyRequirementsLocked, provider:  provider manager: gps provider isEnabled(): false isBatterySaverDisabling: false isSettingsExempt(record): false record: UpdateRecord[gps 31785/com.teslacoilsw.launcher Request[ACCURACY_FINE gps interval=0 fastestInterval=0 expireIn=+30s0ms num=1] null]
06-03 23:47:17.071  1472  1524 D OplusGnssWhiteListProxy: on get OplusGnssWhiteListProxy!
06-03 23:47:17.071  1472  1524 D LocationManagerService: Skip applyRequirementsLocked, provider:  provider manager: gps provider isEnabled(): false isBatterySaverDisabling: false isSettingsExempt(record): false record: UpdateRecord[gps 31785/com.teslacoilsw.launcher Request[ACCURACY_FINE gps interval=0 fastestInterval=0 expireIn=+30s0ms num=1] null]
06-03 23:47:17.071  1472  1524 D OplusGnssWhiteListProxy: on get OplusGnssWhiteListProxy!
06-03 23:47:17.071  1472  1524 D LocationManagerService: Skip applyRequirementsLocked, provider:  provider manager: gps provider isEnabled(): false isBatterySaverDisabling: false isSettingsExempt(record): false record: UpdateRecord[gps 31785/com.teslacoilsw.launcher Request[ACCURACY_FINE gps interval=0 fastestInterval=0 expireIn=+30s0ms num=1] null]
06-03 23:47:17.071  1472  1524 D OplusGnssWhiteListProxy: on get OplusGnssWhiteListProxy!
06-03 23:47:17.071 12548 12548 D LifecycleMonitor: Lifecycle status change: androidx.test.core.app.InstrumentationActivityInvoker$EmptyActivity@4cbe49f in: PAUSED
06-03 23:47:17.071  1472  1524 D LocationManagerService: Skip applyRequirementsLocked, provider:  provider manager: gps provider isEnabled(): false isBatterySaverDisabling: false isSettingsExempt(record): false record: UpdateRecord[gps 31785/com.teslacoilsw.launcher Request[ACCURACY_FINE gps interval=0 fastestInterval=0 expireIn=+30s0ms num=1] null]
06-03 23:47:17.071  1472  1524 D OplusGnssWhiteListProxy: on get OplusGnssWhiteListProxy!
06-03 23:47:17.071  1472  1524 D LocationManagerService: Skip applyRequirementsLocked, provider:  provider manager: gps provider isEnabled(): false isBatterySaverDisabling: false isSettingsExempt(record): false record: UpdateRecord[gps 31785/com.teslacoilsw.launcher Request[ACCURACY_FINE gps interval=0 fastestInterval=0 expireIn=+30s0ms num=1] null]
06-03 23:47:17.071  1472  1524 D OplusGnssWhiteListProxy: on get OplusGnssWhiteListProxy!
06-03 23:47:17.071  1472  1524 D LocationManagerService: Skip applyRequirementsLocked, provider:  provider manager: gps provider isEnabled(): false isBatterySaverDisabling: false isSettingsExempt(record): false record: UpdateRecord[gps 31785/com.teslacoilsw.launcher Request[ACCURACY_FINE gps interval=0 fastestInterval=0 expireIn=+30s0ms num=1] null]
06-03 23:47:17.071  1472  1524 D OplusGnssWhiteListProxy: on get OplusGnssWhiteListProxy!
06-03 23:47:17.071  1472  1524 D LocationManagerService: Skip applyRequirementsLocked, provider:  provider manager: gps provider isEnabled(): false isBatterySaverDisabling: false isSettingsExempt(record): false record: UpdateRecord[gps 31785/com.teslacoilsw.launcher Request[ACCURACY_FINE gps interval=0 fastestInterval=0 expireIn=+30s0ms num=1] null]
06-03 23:47:17.071  1472  1524 D OplusGnssWhiteListProxy: on get OplusGnssWhiteListProxy!
06-03 23:47:17.071  1472  1524 D LocationManagerService: Skip applyRequirementsLocked, provider:  provider manager: gps provider isEnabled(): false isBatterySaverDisabling: false isSettingsExempt(record): false record: UpdateRecord[gps 31785/com.teslacoilsw.launcher Request[ACCURACY_FINE gps interval=0 fastestInterval=0 expireIn=+30s0ms num=1] null]
06-03 23:47:17.071  1472  1524 D OplusGnssWhiteListProxy: on get OplusGnssWhiteListProxy!
06-03 23:47:17.071  1472  1524 D LocationManagerService: Skip applyRequirementsLocked, provider:  provider manager: gps provider isEnabled(): false isBatterySaverDisabling: false isSettingsExempt(record): false record: UpdateRecord[gps 31785/com.teslacoilsw.launcher Request[ACCURACY_FINE gps interval=0 fastestInterval=0 expireIn=+30s0ms num=1] null]
06-03 23:47:17.071  1472  1524 D OplusGnssWhiteListProxy: on get OplusGnssWhiteListProxy!
06-03 23:47:17.071  1472  1524 D LocationManagerService: Skip applyRequirementsLocked, provider:  provider manager: gps provider isEnabled(): false isBatterySaverDisabling: false isSettingsExempt(record): false record: UpdateRecord[gps 31785/com.teslacoilsw.launcher Request[ACCURACY_FINE gps interval=0 fastestInterval=0 expireIn=+30s0ms num=1] null]
06-03 23:47:17.071  1472  1524 D OplusGnssWhiteListProxy: on get OplusGnssWhiteListProxy!
06-03 23:47:17.071  1472  1524 D LocationManagerService: Skip applyRequirementsLocked, provider:  provider manager: gps provider isEnabled(): false isBatterySaverDisabling: false isSettingsExempt(record): false record: UpdateRecord[gps 31785/com.teslacoilsw.launcher Request[ACCURACY_FINE gps interval=0 fastestInterval=0 expireIn=+30s0ms num=1] null]
06-03 23:47:17.071  1472  1524 D OplusGnssWhiteListProxy: on get OplusGnssWhiteListProxy!
06-03 23:47:17.071  1472  1524 D LocationManagerService: Skip applyRequirementsLocked, provider:  provider manager: gps provider isEnabled(): false isBatterySaverDisabling: false isSettingsExempt(record): false record: UpdateRecord[gps 31785/com.teslacoilsw.launcher Request[ACCURACY_FINE gps interval=0 fastestInterval=0 expireIn=+30s0ms num=1] null]
06-03 23:47:17.071  1472  1524 D OplusGnssWhiteListProxy: on get OplusGnssWhiteListProxy!
06-03 23:47:17.071 12548 12548 V ActivityScenario: Activity lifecycle changed event received but ignored because the intent does not match. startActivityIntent=Intent { act=android.intent.action.MAIN cat=[android.intent.category.LAUNCHER] cmp=com.example.dogglers/.MainActivity }, activity.getIntent()=Intent { act=android.intent.action.MAIN cat=[android.intent.category.LAUNCHER] flg=0x10000000 cmp=com.example.dogglers/androidx.test.core.app.InstrumentationActivityInvoker$EmptyActivity mCallingUid=10242 }, activity=androidx.test.core.app.InstrumentationActivityInvoker$EmptyActivity@4cbe49f
06-03 23:47:17.071  1472  1524 D LocationManagerService: Skip applyRequirementsLocked, provider:  provider manager: gps provider isEnabled(): false isBatterySaverDisabling: false isSettingsExempt(record): false record: UpdateRecord[gps 31785/com.teslacoilsw.launcher Request[ACCURACY_FINE gps interval=0 fastestInterval=0 expireIn=+30s0ms num=1] null]
06-03 23:47:17.072  1472  1524 D OplusGnssWhiteListProxy: on get OplusGnssWhiteListProxy!
06-03 23:47:17.072  1472  1524 D LocationManagerService: Skip applyRequirementsLocked, provider:  provider manager: gps provider isEnabled(): false isBatterySaverDisabling: false isSettingsExempt(record): false record: UpdateRecord[gps 31785/com.teslacoilsw.launcher Request[ACCURACY_FINE gps interval=0 fastestInterval=0 expireIn=+30s0ms num=1] null]
06-03 23:47:17.072  1472  1524 D OplusGnssWhiteListProxy: on get OplusGnssWhiteListProxy!
06-03 23:47:17.072  1472  1524 D LocationManagerService: Skip applyRequirementsLocked, provider:  provider manager: gps provider isEnabled(): false isBatterySaverDisabling: false isSettingsExempt(record): false record: UpdateRecord[gps 31785/com.teslacoilsw.launcher Request[ACCURACY_FINE gps interval=0 fastestInterval=0 expireIn=+30s0ms num=1] null]
06-03 23:47:17.072  1472  1524 D OplusGnssWhiteListProxy: on get OplusGnssWhiteListProxy!
06-03 23:47:17.072  1472  1524 D LocationManagerService: Skip applyRequirementsLocked, provider:  provider manager: gps provider isEnabled(): false isBatterySaverDisabling: false isSettingsExempt(record): false record: UpdateRecord[gps 31785/com.teslacoilsw.launcher Request[ACCURACY_FINE gps interval=0 fastestInterval=0 expireIn=+30s0ms num=1] null]
06-03 23:47:17.072  1472  1524 D OplusGnssWhiteListProxy: on get OplusGnssWhiteListProxy!
06-03 23:47:17.072  1472  1524 D LocationManagerService: Skip applyRequirementsLocked, provider:  provider manager: gps provider isEnabled(): false isBatterySaverDisabling: false isSettingsExempt(record): false record: UpdateRecord[gps 31785/com.teslacoilsw.launcher Request[ACCURACY_FINE gps interval=0 fastestInterval=0 expireIn=+30s0ms num=1] null]
06-03 23:47:17.072  1472  1524 D OplusGnssWhiteListProxy: on get OplusGnssWhiteListProxy!
06-03 23:47:17.072  1472  1524 D LocationManagerService: Skip applyRequirementsLocked, provider:  provider manager: gps provider isEnabled(): false isBatterySaverDisabling: false isSettingsExempt(record): false record: UpdateRecord[gps 31785/com.teslacoilsw.launcher Request[ACCURACY_FINE gps interval=0 fastestInterval=0 expireIn=+30s0ms num=1] null]
06-03 23:47:17.072  1472  1524 D OplusGnssWhiteListProxy: on get OplusGnssWhiteListProxy!
06-03 23:47:17.072  1472  1524 D LocationManagerService: Skip applyRequirementsLocked, provider:  provider manager: gps provider isEnabled(): false isBatterySaverDisabling: false isSettingsExempt(record): false record: UpdateRecord[gps 31785/com.teslacoilsw.launcher Request[ACCURACY_FINE gps interval=0 fastestInterval=0 expireIn=+30s0ms num=1] null]
06-03 23:47:17.072  1472  1524 D OplusGnssWhiteListProxy: on get OplusGnssWhiteListProxy!
06-03 23:47:17.072  1472  1524 D LocationManagerService: Skip applyRequirementsLocked, provider:  provider manager: gps provider isEnabled(): false isBatterySaverDisabling: false isSettingsExempt(record): false record: UpdateRecord[gps 31785/com.teslacoilsw.launcher Request[ACCURACY_FINE gps interval=0 fastestInterval=0 expireIn=+30s0ms num=1] null]
06-03 23:47:17.072  1472  1524 D OplusGnssWhiteListProxy: on get OplusGnssWhiteListProxy!
06-03 23:47:17.072  1472  1524 D LocationManagerService: Skip applyRequirementsLocked, provider:  provider manager: gps provider isEnabled(): false isBatterySaverDisabling: false isSettingsExempt(record): false record: UpdateRecord[gps 31785/com.teslacoilsw.launcher Request[ACCURACY_FINE gps interval=0 fastestInterval=0 expireIn=+30s0ms num=1] null]
06-03 23:47:17.072  1472  1524 D OplusGnssWhiteListProxy: on get OplusGnssWhiteListProxy!
06-03 23:47:17.072  1472  1524 D LocationManagerService: Skip applyRequirementsLocked, provider:  provider manager: gps provider isEnabled(): false isBatterySaverDisabling: false isSettingsExempt(record): false record: UpdateRecord[gps 31785/com.teslacoilsw.launcher Request[ACCURACY_FINE gps interval=0 fastestInterval=0 expireIn=+30s0ms num=1] null]
06-03 23:47:17.072  1472  1524 D OplusGnssWhiteListProxy: on get OplusGnssWhiteListProxy!
06-03 23:47:17.072  1472  1524 D LocationManagerService: Skip applyRequirementsLocked, provider:  provider manager: gps provider isEnabled(): false isBatterySaverDisabling: false isSettingsExempt(record): false record: UpdateRecord[gps 31785/com.teslacoilsw.launcher Request[ACCURACY_FINE gps interval=0 fastestInterval=0 expireIn=+30s0ms num=1] null]
06-03 23:47:17.072  1472  1524 D OplusGnssWhiteListProxy: on get OplusGnssWhiteListProxy!
06-03 23:47:17.072  1472  1524 D LocationManagerService: Skip applyRequirementsLocked, provider:  provider manager: gps provider isEnabled(): false isBatterySaverDisabling: false isSettingsExempt(record): false record: UpdateRecord[gps 31785/com.teslacoilsw.launcher Request[ACCURACY_FINE gps interval=0 fastestInterval=0 expireIn=+30s0ms num=1] null]
06-03 23:47:17.072  1472  1524 D OplusGnssWhiteListProxy: on get OplusGnssWhiteListProxy!
06-03 23:47:17.072  1472  1524 D LocationManagerService: Skip applyRequirementsLocked, provider:  provider manager: gps provider isEnabled(): false isBatterySaverDisabling: false isSettingsExempt(record): false record: UpdateRecord[gps 31785/com.teslacoilsw.launcher Request[ACCURACY_FINE gps interval=0 fastestInterval=0 expireIn=+30s0ms num=1] null]
06-03 23:47:17.072  1472  1524 D OplusGnssWhiteListProxy: on get OplusGnssWhiteListProxy!
06-03 23:47:17.072  1472  1524 D LocationManagerService: Skip applyRequirementsLocked, provider:  provider manager: gps provider isEnabled(): false isBatterySaverDisabling: false isSettingsExempt(record): false record: UpdateRecord[gps 31785/com.teslacoilsw.launcher Request[ACCURACY_FINE gps interval=0 fastestInterval=0 expireIn=+30s0ms num=1] null]
06-03 23:47:17.072  1472  1524 D OplusGnssWhiteListProxy: on get OplusGnssWhiteListProxy!
06-03 23:47:17.072  1472  1524 D LocationManagerService: Skip applyRequirementsLocked, provider:  provider manager: gps provider isEnabled(): false isBatterySaverDisabling: false isSettingsExempt(record): false record: UpdateRecord[gps 31785/com.teslacoilsw.launcher Request[ACCURACY_FINE gps interval=0 fastestInterval=0 expireIn=+30s0ms num=1] null]
06-03 23:47:17.072  1472  1524 D OplusGnssWhiteListProxy: on get OplusGnssWhiteListProxy!
06-03 23:47:17.072  1472  1524 D LocationManagerService: Skip applyRequirementsLocked, provider:  provider manager: gps provider isEnabled(): false isBatterySaverDisabling: false isSettingsExempt(record): false record: UpdateRecord[gps 31785/com.teslacoilsw.launcher Request[ACCURACY_FINE gps interval=0 fastestInterval=0 expireIn=+30s0ms num=1] null]
06-03 23:47:17.072  1472  1524 D OplusGnssWhiteListProxy: on get OplusGnssWhiteListProxy!
06-03 23:47:17.072  1472  1524 D LocationManagerService: Skip applyRequirementsLocked, provider:  provider manager: gps provider isEnabled(): false isBatterySaverDisabling: false isSettingsExempt(record): false record: UpdateRecord[gps 31785/com.teslacoilsw.launcher Request[ACCURACY_FINE gps interval=0 fastestInterval=0 expireIn=+30s0ms num=1] null]
06-03 23:47:17.072  1472  1524 D OplusGnssWhiteListProxy: on get OplusGnssWhiteListProxy!
06-03 23:47:17.072  1472  1524 D LocationManagerService: Skip applyRequirementsLocked, provider:  provider manager: gps provider isEnabled(): false isBatterySaverDisabling: false isSettingsExempt(record): false record: UpdateRecord[gps 31785/com.teslacoilsw.launcher Request[ACCURACY_FINE gps interval=0 fastestInterval=0 expireIn=+30s0ms num=1] null]
06-03 23:47:17.072  1472  1524 D OplusGnssWhiteListProxy: on get OplusGnssWhiteListProxy!
06-03 23:47:17.072  1472  1524 D LocationManagerService: Skip applyRequirementsLocked, provider:  provider manager: gps provider isEnabled(): false isBatterySaverDisabling: false isSettingsExempt(record): false record: UpdateRecord[gps 31785/com.teslacoilsw.launcher Request[ACCURACY_FINE gps interval=0 fastestInterval=0 expireIn=+30s0ms num=1] null]
06-03 23:47:17.072  1472  1524 D OplusGnssWhiteListProxy: on get OplusGnssWhiteListProxy!
06-03 23:47:17.072  1472  1524 D LocationManagerService: Skip applyRequirementsLocked, provider:  provider manager: gps provider isEnabled(): false isBatterySaverDisabling: false isSettingsExempt(record): false record: UpdateRecord[gps 31785/com.teslacoilsw.launcher Request[ACCURACY_FINE gps interval=0 fastestInterval=0 expireIn=+30s0ms num=1] null]
06-03 23:47:17.072  1472  1524 D OplusGnssWhiteListProxy: on get OplusGnssWhiteListProxy!
06-03 23:47:17.072  1472  1524 D LocationManagerService: Skip applyRequirementsLocked, provider:  provider manager: gps provider isEnabled(): false isBatterySaverDisabling: false isSettingsExempt(record): false record: UpdateRecord[gps 31785/com.teslacoilsw.launcher Request[ACCURACY_FINE gps interval=0 fastestInterval=0 expireIn=+30s0ms num=1] null]
06-03 23:47:17.072  1472  1524 D OplusGnssWhiteListProxy: on get OplusGnssWhiteListProxy!
06-03 23:47:17.072  1472  1524 D LocationManagerService: Skip applyRequirementsLocked, provider:  provider manager: gps provider isEnabled(): false isBatterySaverDisabling: false isSettingsExempt(record): false record: UpdateRecord[gps 31785/com.teslacoilsw.launcher Request[ACCURACY_FINE gps interval=0 fastestInterval=0 expireIn=+30s0ms num=1] null]
06-03 23:47:17.072  1472  1524 D OplusGnssWhiteListProxy: on get OplusGnssWhiteListProxy!
06-03 23:47:17.072  1472  1524 D LocationManagerService: Skip applyRequirementsLocked, provider:  provider manager: gps provider isEnabled(): false isBatterySaverDisabling: false isSettingsExempt(record): false record: UpdateRecord[gps 31785/com.teslacoilsw.launcher Request[ACCURACY_FINE gps interval=0 fastestInterval=0 expireIn=+30s0ms num=1] null]
06-03 23:47:17.072  1472  1524 D OplusGnssWhiteListProxy: on get OplusGnssWhiteListProxy!
