06-03 23:47:17.375  1472  1524 D OplusGnssWhiteListProxy: on get OplusGnssWhiteListProxy!
06-03 23:47:17.375  1472  1524 D LocationManagerService: Skip applyRequirementsLocked, provider:  provider manager: gps provider isEnabled(): false isBatterySaverDisabling: false isSettingsExempt(record): false record: UpdateRecord[gps 31785/com.teslacoilsw.launcher (background) Request[ACCURACY_FINE gps interval=0 fastestInterval=0 expireIn=+30s0ms num=1] null]
06-03 23:47:17.375  1472  1524 D OplusGnssWhiteListProxy: on get OplusGnssWhiteListProxy!
06-03 23:47:17.376  1472  1524 D LocationManagerService: Skip applyRequirementsLocked, provider:  provider manager: gps provider isEnabled(): false isBatterySaverDisabling: false isSettingsExempt(record): false record: UpdateRecord[gps 31785/com.teslacoilsw.launcher (background) Request[ACCURACY_FINE gps interval=0 fastestInterval=0 expireIn=+30s0ms num=1] null]
06-03 23:47:17.376  1472  1524 D OplusGnssWhiteListProxy: on get OplusGnssWhiteListProxy!
06-03 23:47:17.376  1472  1524 D LocationManagerService: Skip applyRequirementsLocked, provider:  provider manager: gps provider isEnabled(): false isBatterySaverDisabling: false isSettingsExempt(record): false record: UpdateRecord[gps 31785/com.teslacoilsw.launcher (background) Request[ACCURACY_FINE gps interval=0 fastestInterval=0 expireIn=+30s0ms num=1] null]
06-03 23:47:17.376  1472  1524 D OplusGnssWhiteListProxy: on get OplusGnssWhiteListProxy!
06-03 23:47:17.376  1472  1524 D LocationManagerService: Skip applyRequirementsLocked, provider:  provider manager: gps provider isEnabled(): false isBatterySaverDisabling: false isSettingsExempt(record): false record: UpdateRecord[gps 31785/com.teslacoilsw.launcher (background) Request[ACCURACY_FINE gps interval=0 fastestInterval=0 expireIn=+30s0ms num=1] null]
06-03 23:47:17.376  1472  1524 D OplusGnssWhiteListProxy: on get OplusGnssWhiteListProxy!
06-03 23:47:17.376  1472  1524 D LocationManagerService: Skip applyRequirementsLocked, provider:  provider manager: gps provider isEnabled(): false isBatterySaverDisabling: false isSettingsExempt(record): false record: UpdateRecord[gps 31785/com.teslacoilsw.launcher (background) Request[ACCURACY_FINE gps interval=0 fastestInterval=0 expireIn=+30s0ms num=1] null]
06-03 23:47:17.376  1472  1524 D OplusGnssWhiteListProxy: on get OplusGnssWhiteListProxy!
06-03 23:47:17.376  1472  1524 D LocationManagerService: Skip applyRequirementsLocked, provider:  provider manager: gps provider isEnabled(): false isBatterySaverDisabling: false isSettingsExempt(record): false record: UpdateRecord[gps 31785/com.teslacoilsw.launcher (background) Request[ACCURACY_FINE gps interval=0 fastestInterval=0 expireIn=+30s0ms num=1] null]
06-03 23:47:17.376  1472  1524 D OplusGnssWhiteListProxy: on get OplusGnssWhiteListProxy!
06-03 23:47:17.376  1472  1524 D LocationManagerService: Skip applyRequirementsLocked, provider:  provider manager: gps provider isEnabled(): false isBatterySaverDisabling: false isSettingsExempt(record): false record: UpdateRecord[gps 31785/com.teslacoilsw.launcher (background) Request[ACCURACY_FINE gps interval=0 fastestInterval=0 expireIn=+30s0ms num=1] null]
06-03 23:47:17.376  1472  1524 D OplusGnssWhiteListProxy: on get OplusGnssWhiteListProxy!
06-03 23:47:17.376  1472  1524 D LocationManagerService: Skip applyRequirementsLocked, provider:  provider manager: gps provider isEnabled(): false isBatterySaverDisabling: false isSettingsExempt(record): false record: UpdateRecord[gps 31785/com.teslacoilsw.launcher (background) Request[ACCURACY_FINE gps interval=0 fastestInterval=0 expireIn=+30s0ms num=1] null]
06-03 23:47:17.376  1472  1524 D OplusGnssWhiteListProxy: on get OplusGnssWhiteListProxy!
06-03 23:47:17.376  1472  1524 D LocationManagerService: Skip applyRequirementsLocked, provider:  provider manager: gps provider isEnabled(): false isBatterySaverDisabling: false isSettingsExempt(record): false record: UpdateRecord[gps 31785/com.teslacoilsw.launcher (background) Request[ACCURACY_FINE gps interval=0 fastestInterval=0 expireIn=+30s0ms num=1] null]
06-03 23:47:17.376  1472  1524 D OplusGnssWhiteListProxy: on get OplusGnssWhiteListProxy!
06-03 23:47:17.376  1472  1524 D LocationManagerService: Skip applyRequirementsLocked, provider:  provider manager: gps provider isEnabled(): false isBatterySaverDisabling: false isSettingsExempt(record): false record: UpdateRecord[gps 31785/com.teslacoilsw.launcher (background) Request[ACCURACY_FINE gps interval=0 fastestInterval=0 expireIn=+30s0ms num=1] null]
06-03 23:47:17.376  1472  1524 D OplusGnssWhiteListProxy: on get OplusGnssWhiteListProxy!
06-03 23:47:17.376  1472  1524 D LocationManagerService: Skip applyRequirementsLocked, provider:  provider manager: gps provider isEnabled(): false isBatterySaverDisabling: false isSettingsExempt(record): false record: UpdateRecord[gps 31785/com.teslacoilsw.launcher (background) Request[ACCURACY_FINE gps interval=0 fastestInterval=0 expireIn=+30s0ms num=1] null]
06-03 23:47:17.376  1472  1524 D OplusGnssWhiteListProxy: on get OplusGnssWhiteListProxy!
06-03 23:47:17.376  1472  1524 D LocationManagerService: Skip applyRequirementsLocked, provider:  provider manager: gps provider isEnabled(): false isBatterySaverDisabling: false isSettingsExempt(record): false record: UpdateRecord[gps 31785/com.teslacoilsw.launcher (background) Request[ACCURACY_FINE gps interval=0 fastestInterval=0 expireIn=+30s0ms num=1] null]
06-03 23:47:17.376  1472  1524 D OplusGnssWhiteListProxy: on get OplusGnssWhiteListProxy!
06-03 23:47:17.376  1472  1524 D LocationManagerService: Skip applyRequirementsLocked, provider:  provider manager: gps provider isEnabled(): false isBatterySaverDisabling: false isSettingsExempt(record): false record: UpdateRecord[gps 31785/com.teslacoilsw.launcher (background) Request[ACCURACY_FINE gps interval=0 fastestInterval=0 expireIn=+30s0ms num=1] null]
06-03 23:47:17.376  1472  1524 D OplusGnssWhiteListProxy: on get OplusGnssWhiteListProxy!
06-03 23:47:17.376  1472  1524 D LocationManagerService: Skip applyRequirementsLocked, provider:  provider manager: gps provider isEnabled(): false isBatterySaverDisabling: false isSettingsExempt(record): false record: UpdateRecord[gps 31785/com.teslacoilsw.launcher (background) Request[ACCURACY_FINE gps interval=0 fastestInterval=0 expireIn=+30s0ms num=1] null]
06-03 23:47:17.376  1472  1524 D OplusGnssWhiteListProxy: on get OplusGnssWhiteListProxy!
06-03 23:47:17.376  1472  1524 D LocationManagerService: Skip applyRequirementsLocked, provider:  provider manager: gps provider isEnabled(): false isBatterySaverDisabling: false isSettingsExempt(record): false record: UpdateRecord[gps 31785/com.teslacoilsw.launcher (background) Request[ACCURACY_FINE gps interval=0 fastestInterval=0 expireIn=+30s0ms num=1] null]
06-03 23:47:17.376  1472  1524 D OplusGnssWhiteListProxy: on get OplusGnssWhiteListProxy!
06-03 23:47:17.376  1472  1524 D LocationManagerService: Skip applyRequirementsLocked, provider:  provider manager: gps provider isEnabled(): false isBatterySaverDisabling: false isSettingsExempt(record): false record: UpdateRecord[gps 31785/com.teslacoilsw.launcher (background) Request[ACCURACY_FINE gps interval=0 fastestInterval=0 expireIn=+30s0ms num=1] null]
06-03 23:47:17.376  1472  1524 D OplusGnssWhiteListProxy: on get OplusGnssWhiteListProxy!
06-03 23:47:17.376  1472  1524 D LocationManagerService: Skip applyRequirementsLocked, provider:  provider manager: gps provider isEnabled(): false isBatterySaverDisabling: false isSettingsExempt(record): false record: UpdateRecord[gps 31785/com.teslacoilsw.launcher (background) Request[ACCURACY_FINE gps interval=0 fastestInterval=0 expireIn=+30s0ms num=1] null]
06-03 23:47:17.376  1472  1524 D OplusGnssWhiteListProxy: on get OplusGnssWhiteListProxy!
06-03 23:47:17.376  1472  1524 D LocationManagerService: Skip applyRequirementsLocked, provider:  provider manager: gps provider isEnabled(): false isBatterySaverDisabling: false isSettingsExempt(record): false record: UpdateRecord[gps 31785/com.teslacoilsw.launcher (background) Request[ACCURACY_FINE gps interval=0 fastestInterval=0 expireIn=+30s0ms num=1] null]
06-03 23:47:17.376  1472  1524 D OplusGnssWhiteListProxy: on get OplusGnssWhiteListProxy!
06-03 23:47:17.376  1472  1524 D LocationManagerService: Skip applyRequirementsLocked, provider:  provider manager: gps provider isEnabled(): false isBatterySaverDisabling: false isSettingsExempt(record): false record: UpdateRecord[gps 31785/com.teslacoilsw.launcher (background) Request[ACCURACY_FINE gps interval=0 fastestInterval=0 expireIn=+30s0ms num=1] null]
06-03 23:47:17.376  1472  1524 D OplusGnssWhiteListProxy: on get OplusGnssWhiteListProxy!
06-03 23:47:17.376  1472  1524 D LocationManagerService: Skip applyRequirementsLocked, provider:  provider manager: gps provider isEnabled(): false isBatterySaverDisabling: false isSettingsExempt(record): false record: UpdateRecord[gps 31785/com.teslacoilsw.launcher (background) Request[ACCURACY_FINE gps interval=0 fastestInterval=0 expireIn=+30s0ms num=1] null]
06-03 23:47:17.376  1472  1524 D OplusGnssWhiteListProxy: on get OplusGnssWhiteListProxy!
06-03 23:47:17.376  1472  1524 D LocationManagerService: Skip applyRequirementsLocked, provider:  provider manager: gps provider isEnabled(): false isBatterySaverDisabling: false isSettingsExempt(record): false record: UpdateRecord[gps 31785/com.teslacoilsw.launcher (background) Request[ACCURACY_FINE gps interval=0 fastestInterval=0 expireIn=+30s0ms num=1] null]
06-03 23:47:17.376  1472  1524 D OplusGnssWhiteListProxy: on get OplusGnssWhiteListProxy!
06-03 23:47:17.376  1472  1524 D LocationManagerService: Skip applyRequirementsLocked, provider:  provider manager: gps provider isEnabled(): false isBatterySaverDisabling: false isSettingsExempt(record): false record: UpdateRecord[gps 31785/com.teslacoilsw.launcher (background) Request[ACCURACY_FINE gps interval=0 fastestInterval=0 expireIn=+30s0ms num=1] null]
06-03 23:47:17.376  1472  1524 D OplusGnssWhiteListProxy: on get OplusGnssWhiteListProxy!
06-03 23:47:17.376  1472  1524 D LocationManagerService: Skip applyRequirementsLocked, provider:  provider manager: gps provider isEnabled(): false isBatterySaverDisabling: false isSettingsExempt(record): false record: UpdateRecord[gps 31785/com.teslacoilsw.launcher (background) Request[ACCURACY_FINE gps interval=0 fastestInterval=0 expireIn=+30s0ms num=1] null]
06-03 23:47:17.376  1472  1524 D OplusGnssWhiteListProxy: on get OplusGnssWhiteListProxy!
06-03 23:47:17.376  1472  1524 D LocationManagerService: Skip applyRequirementsLocked, provider:  provider manager: gps provider isEnabled(): false isBatterySaverDisabling: false isSettingsExempt(record): false record: UpdateRecord[gps 31785/com.teslacoilsw.launcher (background) Request[ACCURACY_FINE gps interval=0 fastestInterval=0 expireIn=+30s0ms num=1] null]
06-03 23:47:17.376  1472  1524 D OplusGnssWhiteListProxy: on get OplusGnssWhiteListProxy!
06-03 23:47:17.376  1472  1524 D LocationManagerService: Skip applyRequirementsLocked, provider:  provider manager: gps provider isEnabled(): false isBatterySaverDisabling: false isSettingsExempt(record): false record: UpdateRecord[gps 31785/com.teslacoilsw.launcher (background) Request[ACCURACY_FINE gps interval=0 fastestInterval=0 expireIn=+30s0ms num=1] null]
06-03 23:47:17.376  1472  1524 D OplusGnssWhiteListProxy: on get OplusGnssWhiteListProxy!
06-03 23:47:17.376  1472  1524 D LocationManagerService: Skip applyRequirementsLocked, provider:  provider manager: gps provider isEnabled(): false isBatterySaverDisabling: false isSettingsExempt(record): false record: UpdateRecord[gps 31785/com.teslacoilsw.launcher (background) Request[ACCURACY_FINE gps interval=0 fastestInterval=0 expireIn=+30s0ms num=1] null]
06-03 23:47:17.376  1472  1524 D OplusGnssWhiteListProxy: on get OplusGnssWhiteListProxy!
06-03 23:47:17.376  1472  1524 D LocationManagerService: Skip applyRequirementsLocked, provider:  provider manager: gps provider isEnabled(): false isBatterySaverDisabling: false isSettingsExempt(record): false record: UpdateRecord[gps 31785/com.teslacoilsw.launcher (background) Request[ACCURACY_FINE gps interval=0 fastestInterval=0 expireIn=+30s0ms num=1] null]
06-03 23:47:17.376  1472  1524 D OplusGnssWhiteListProxy: on get OplusGnssWhiteListProxy!
06-03 23:47:17.376  1472  1524 D LocationManagerService: Skip applyRequirementsLocked, provider:  provider manager: gps provider isEnabled(): false isBatterySaverDisabling: false isSettingsExempt(record): false record: UpdateRecord[gps 31785/com.teslacoilsw.launcher (background) Request[ACCURACY_FINE gps interval=0 fastestInterval=0 expireIn=+30s0ms num=1] null]
06-03 23:47:17.376  1472  1524 D OplusGnssWhiteListProxy: on get OplusGnssWhiteListProxy!
06-03 23:47:17.376  1472  1524 D LocationManagerService: Skip applyRequirementsLocked, provider:  provider manager: gps provider isEnabled(): false isBatterySaverDisabling: false isSettingsExempt(record): false record: UpdateRecord[gps 31785/com.teslacoilsw.launcher (background) Request[ACCURACY_FINE gps interval=0 fastestInterval=0 expireIn=+30s0ms num=1] null]
06-03 23:47:17.376  1472  1524 D OplusGnssWhiteListProxy: on get OplusGnssWhiteListProxy!
06-03 23:47:17.376  1472  1524 D LocationManagerService: Skip applyRequirementsLocked, provider:  provider manager: gps provider isEnabled(): false isBatterySaverDisabling: false isSettingsExempt(record): false record: UpdateRecord[gps 31785/com.teslacoilsw.launcher (background) Request[ACCURACY_FINE gps interval=0 fastestInterval=0 expireIn=+30s0ms num=1] null]
06-03 23:47:17.376  1472  1524 D OplusGnssWhiteListProxy: on get OplusGnssWhiteListProxy!
06-03 23:47:17.376  1472  1524 D LocationManagerService: Skip applyRequirementsLocked, provider:  provider manager: gps provider isEnabled(): false isBatterySaverDisabling: false isSettingsExempt(record): false record: UpdateRecord[gps 31785/com.teslacoilsw.launcher (background) Request[ACCURACY_FINE gps interval=0 fastestInterval=0 expireIn=+30s0ms num=1] null]
06-03 23:47:17.376  1472  1524 D OplusGnssWhiteListProxy: on get OplusGnssWhiteListProxy!
06-03 23:47:17.376  1472  1524 D LocationManagerService: Skip applyRequirementsLocked, provider:  provider manager: gps provider isEnabled(): false isBatterySaverDisabling: false isSettingsExempt(record): false record: UpdateRecord[gps 31785/com.teslacoilsw.launcher (background) Request[ACCURACY_FINE gps interval=0 fastestInterval=0 expireIn=+30s0ms num=1] null]
06-03 23:47:17.376  1472  1524 D OplusGnssWhiteListProxy: on get OplusGnssWhiteListProxy!
06-03 23:47:17.377  1472  1524 D LocationManagerService: Skip applyRequirementsLocked, provider:  provider manager: gps provider isEnabled(): false isBatterySaverDisabling: false isSettingsExempt(record): false record: UpdateRecord[gps 31785/com.teslacoilsw.launcher (background) Request[ACCURACY_FINE gps interval=0 fastestInterval=0 expireIn=+30s0ms num=1] null]
06-03 23:47:17.377  1472  1524 D OplusGnssWhiteListProxy: on get OplusGnssWhiteListProxy!
06-03 23:47:17.377  1472  1524 D LocationManagerService: Skip applyRequirementsLocked, provider:  provider manager: gps provider isEnabled(): false isBatterySaverDisabling: false isSettingsExempt(record): false record: UpdateRecord[gps 31785/com.teslacoilsw.launcher (background) Request[ACCURACY_FINE gps interval=0 fastestInterval=0 expireIn=+30s0ms num=1] null]
06-03 23:47:17.377  1472  1524 D OplusGnssWhiteListProxy: on get OplusGnssWhiteListProxy!
06-03 23:47:17.377  1472  1524 D LocationManagerService: Skip applyRequirementsLocked, provider:  provider manager: gps provider isEnabled(): false isBatterySaverDisabling: false isSettingsExempt(record): false record: UpdateRecord[gps 31785/com.teslacoilsw.launcher (background) Request[ACCURACY_FINE gps interval=0 fastestInterval=0 expireIn=+30s0ms num=1] null]
06-03 23:47:17.377  1472  1524 D OplusGnssWhiteListProxy: on get OplusGnssWhiteListProxy!
06-03 23:47:17.377  1472  1524 D LocationManagerService: Skip applyRequirementsLocked, provider:  provider manager: gps provider isEnabled(): false isBatterySaverDisabling: false isSettingsExempt(record): false record: UpdateRecord[gps 31785/com.teslacoilsw.launcher (background) Request[ACCURACY_FINE gps interval=0 fastestInterval=0 expireIn=+30s0ms num=1] null]
06-03 23:47:17.377  1472  1524 D OplusGnssWhiteListProxy: on get OplusGnssWhiteListProxy!
06-03 23:47:17.377  1472  1524 D LocationManagerService: Skip applyRequirementsLocked, provider:  provider manager: gps provider isEnabled(): false isBatterySaverDisabling: false isSettingsExempt(record): false record: UpdateRecord[gps 31785/com.teslacoilsw.launcher (background) Request[ACCURACY_FINE gps interval=0 fastestInterval=0 expireIn=+30s0ms num=1] null]
06-03 23:47:17.377  1472  1524 D OplusGnssWhiteListProxy: on get OplusGnssWhiteListProxy!
06-03 23:47:17.377  1472  1524 D LocationManagerService: Skip applyRequirementsLocked, provider:  provider manager: gps provider isEnabled(): false isBatterySaverDisabling: false isSettingsExempt(record): false record: UpdateRecord[gps 31785/com.teslacoilsw.launcher (background) Request[ACCURACY_FINE gps interval=0 fastestInterval=0 expireIn=+30s0ms num=1] null]
06-03 23:47:17.377  1472  1524 D OplusGnssWhiteListProxy: on get OplusGnssWhiteListProxy!
06-03 23:47:17.377  1472  1524 D LocationManagerService: Skip applyRequirementsLocked, provider:  provider manager: gps provider isEnabled(): false isBatterySaverDisabling: false isSettingsExempt(record): false record: UpdateRecord[gps 31785/com.teslacoilsw.launcher (background) Request[ACCURACY_FINE gps interval=0 fastestInterval=0 expireIn=+30s0ms num=1] null]
06-03 23:47:17.378   865   865 I BufferQueueConsumer: [com.teslacoilsw.launcher/com.teslacoilsw.launcher.NovaLauncher#0](id:36100001314,api:0,p:-1,c:865) disconnect()
06-03 23:47:17.378   865   865 I BufferQueue: [com.teslacoilsw.launcher/com.teslacoilsw.launcher.NovaLauncher#0](this:0xb400007406346a58,id:4884,api:1,p:-1,c:-1) onDestructor()
06-03 23:47:17.378   865   865 D OppoExLayer: ~Layer() sequence=28486, name=com.teslacoilsw.launcher/com.teslacoilsw.launcher.NovaLauncher#0@0xb4000073f01ee000
06-03 23:47:17.379  1472  5312 I InputDispatcher: Window went away: com.teslacoilsw.launcher/com.teslacoilsw.launcher.NovaLauncher#0
06-03 23:47:17.380   814   890 I hwcomposer: [HRT] only_has_blit_dev_job:0, run simpleLayeringRule.
06-03 23:47:17.383  4602  4612 E oiface  : Average freq 2107217 for 0s.
06-03 23:47:17.383  4602  4612 E oiface  : Average freq 1913043 for 0s.
06-03 23:47:17.384  4602  4612 E oiface  : get gpu freq table failed
06-03 23:47:17.387  4602  4612 E oiface  : client  not found, skipped
06-03 23:47:17.387  4602  4612 D oiface  : forground package is com.example.dogglers
06-03 23:47:17.395   814   890 I hwcomposer: [HRT] only_has_blit_dev_job:0, run simpleLayeringRule.
06-03 23:47:17.402  4602  4612 E oiface  : get gpu freq table failed
06-03 23:47:17.408  1156  1156 D AALLightSensor: oldLux=16 [SA:16 LA:14] newLux=16 (oriLux: 17)
06-03 23:47:17.411 12548 12548 D LifecycleMonitor: Lifecycle status change: com.example.dogglers.MainActivity@db9fbaa in: CREATED
06-03 23:47:17.411 12548 12548 V ActivityScenario: Update currentActivityStage to CREATED, currentActivity=com.example.dogglers.MainActivity@db9fbaa
06-03 23:47:17.413 12548 12548 D LifecycleMonitor: Lifecycle status change: com.example.dogglers.MainActivity@db9fbaa in: STARTED
06-03 23:47:17.413 12548 12548 V ActivityScenario: Update currentActivityStage to STARTED, currentActivity=com.example.dogglers.MainActivity@db9fbaa
06-03 23:47:17.415 12548 12548 D LifecycleMonitor: Lifecycle status change: com.example.dogglers.MainActivity@db9fbaa in: RESUMED
06-03 23:47:17.415 12548 12548 V ActivityScenario: Update currentActivityStage to RESUMED, currentActivity=com.example.dogglers.MainActivity@db9fbaa
06-03 23:47:17.416 12548 12548 V PhoneWindow: DecorView setVisiblity: visibility = 4, Parent = null, this = DecorView@df3c188[]
06-03 23:47:17.416   865   937 I SurfaceFlinger: [SF client] NEW(0xb4000073f0256640) for (12548:com.example.dogglers)
06-03 23:47:17.420 12548 12590 W xample.doggler: Accessing hidden method Landroid/view/ViewConfiguration;->getDoubleTapMinTime()I (greylist, reflection, allowed)
06-03 23:47:17.420 12548 12548 D ViewRootImpl[MainActivity]: hardware acceleration = true , fakeHwAccelerated = false, sRendererDisabled = false, forceHwAccelerated = false, sSystemRendererDisabled = false
06-03 23:47:17.421  1472  3936 D OppoDisplayPolicy: com.example.dogglers, no change cutoutMode: 0
06-03 23:47:17.422   865  1393 D DispPerfService: get hint proc=8a2fc4d com.example.dogglers, idx=0 none
06-03 23:47:17.423 12548 12548 E libEGL  : Invalid file path for libcolorx-loader.so
06-03 23:47:17.424 12548 12548 I chatty  : uid=10242(com.example.dogglers) identical 4 lines
06-03 23:47:17.424 12548 12548 E libEGL  : Invalid file path for libcolorx-loader.so
06-03 23:47:17.424 12548 12548 I InputTransport: Create ARC handle: 0xb40000783c9345a0
06-03 23:47:17.424 12548 12548 V PhoneWindow: DecorView setVisiblity: visibility = 0, Parent = android.view.ViewRootImpl@5e3dd07, this = DecorView@df3c188[MainActivity]
06-03 23:47:17.426 12548 12548 D LifecycleMonitor: Lifecycle status change: androidx.test.core.app.InstrumentationActivityInvoker$BootstrapActivity@d288869 in: STOPPED
06-03 23:47:17.426 12548 12548 V ActivityScenario: Activity lifecycle changed event received but ignored because the intent does not match. startActivityIntent=Intent { act=android.intent.action.MAIN cat=[android.intent.category.LAUNCHER] cmp=com.example.dogglers/.MainActivity }, activity.getIntent()=Intent { act=android.intent.action.MAIN cat=[android.intent.category.LAUNCHER] flg=0x10008000 cmp=com.example.dogglers/androidx.test.core.app.InstrumentationActivityInvoker$BootstrapActivity (has extras) mCallingUid=10242 }, activity=androidx.test.core.app.InstrumentationActivityInvoker$BootstrapActivity@d288869
06-03 23:47:17.428   814   890 I hwcomposer: [HRT] only_has_blit_dev_job:0, run simpleLayeringRule.
06-03 23:47:17.437  1472  3936 D OppoDisplayPolicy: com.example.dogglers, no change cutoutMode: 0
06-03 23:47:17.438   865  1393 D DispPerfService: get hint proc=com.example.dogglers, idx=0 none
06-03 23:47:17.438   865  1393 I BufferQueueConsumer: [](id:36100001316,api:0,p:-1,c:865) connect(): controlledByApp=false
06-03 23:47:17.438   865  1393 I BufferQueue: [unnamed-865-4886](this:0xb400007406918658,id:4886,api:0,p:-1,c:-1) BufferQueue core=(865:/system/bin/surfaceflinger)
06-03 23:47:17.440   865  1393 D DispPerfService: get hint proc=Surface(name=3c9c3ca StatusBar), idx=0 none
06-03 23:47:17.441   865  1393 D DispPerfService: get hint proc=Surface(name=8790d11 NavigationBar0), idx=0 none
06-03 23:47:17.442  1472  3936 D Theia.NoFocusWindow: FocusWindowErrorScene cancelCheckFreezeScreen
06-03 23:47:17.446   814   890 I hwcomposer: [HRT] only_has_blit_dev_job:0, run simpleLayeringRule.
06-03 23:47:17.446   865  1393 I BufferQueueProducer: [com.example.dogglers/com.example.dogglers.MainActivity#0](id:36100001316,api:1,p:12548,c:865) connect(): api=1 producerControlledByApp=false
06-03 23:47:17.460   865   865 D OppoExLayer: ~Layer() sequence=28495, name=Surface(name=3c9c3ca StatusBar)/@0xba48ab7 - animation-leash#0@0xb4000073f546c000
06-03 23:47:17.460   865   865 D OppoExLayer: ~Layer() sequence=28496, name=Surface(name=8790d11 NavigationBar0)/@0x7dd0224 - animation-leash#0@0xb4000073f0954000
06-03 23:47:17.461  1472  5312 I InputDispatcher: Window went away: com.example.dogglers/com.example.dogglers.MainActivity#0
06-03 23:47:17.461   814   890 I hwcomposer: [HRT] only_has_blit_dev_job:0, run simpleLayeringRule.
06-03 23:47:17.463   865   937 D DispPerfService: onframeavailable pid=12548, slot=4, seq=28499, name=com.example.dogglers:com.example.dogglers/com.example.dogglers.MainActivity#0
06-03 23:47:17.467  1472  3821 I ColorHansManager : unfreeze uid: 10220 package: com.nearme.gamecenter reason: F-direct scene: FastFreezerScene
06-03 23:47:17.467  1472  1537 D ArtManagerInternalImpl: /data/misc/iorapd/com.example.dogglers/1/com.example.dogglers.MainActivity/compiled_traces/compiled_trace.pb doesn't exist
06-03 23:47:17.468  1472  3821 I ColorHansManager : unfreeze uid: 10236 package: com.twitter.android reason: F-direct scene: FastFreezerScene
06-03 23:47:17.468  1472  1537 I ActivityTaskManager: Displayed com.example.dogglers/.MainActivity: +253ms
06-03 23:47:17.468  1472  3821 I ColorHansManager : unfreeze uid: 10238 package: com.facebook.katana reason: F-direct scene: FastFreezerScene
06-03 23:47:17.469  1472  1528 D View    : [Warning] assignParent to null: this = DecorView@2c65582[dogglers]
06-03 23:47:17.469   865   937 I BufferQueueProducer: [Splash Screen com.example.dogglers#0](id:36100001315,api:2,p:1472,c:865) disconnect(): api=2
06-03 23:47:17.470   865   937 D DispPerfService: get hint proc=Surface(name=af77220 Splash Screen com.example.dogglers), idx=0 none
06-03 23:47:17.470  1472  3821 I ColorHansManager : unfreeze uid: 10307 package: com.lenovo.anyshare.gps reason: F-direct scene: FastFreezerScene
06-03 23:47:17.471  1472  3821 I ColorHansManager : unfreeze uid: 10290 package: com.komoe.fsgp reason: F-direct scene: FastFreezerScene
06-03 23:47:17.472  1472  1528 I InputTransport: Destroy ARC handle: 0xb400007792b62ca0
06-03 23:47:17.472  1472  3821 I ColorHansManager : unfreeze uid: 10279 package: com.myfitnesspal.android reason: F-direct scene: FastFreezerScene
06-03 23:47:17.473  1472  3821 I ColorHansManager : exit fastfreezer, reason:F-direct
06-03 23:47:17.474  1472  3822 W OplusLocationManagerService: NavigateMode doesn't match LocationMode
06-03 23:47:17.474  1472  3822 I ColorHansManager : stateRToFFreeze--imporant case: pkgName: com.myfitnesspal.android, reason: lastResumeProtect
06-03 23:47:17.474  1472  3822 W OplusLocationManagerService: NavigateMode doesn't match LocationMode
06-03 23:47:17.474  1472  3822 I ColorHansManager : stateRToFFreeze--imporant case: pkgName: com.komoe.fsgp, reason: lastResumeProtect
06-03 23:47:17.474  1472  3822 W OplusLocationManagerService: NavigateMode doesn't match LocationMode
06-03 23:47:17.474  1472  3822 I ColorHansManager : stateRToFFreeze--imporant case: pkgName: com.lenovo.anyshare.gps, reason: lastResumeProtect
06-03 23:47:17.478  1472  5312 I InputDispatcher: Focus entered window: Window{8a2fc4d u0 com.example.dogglers/com.example.dogglers.MainActivity} in display 0
06-03 23:47:17.478   814   890 I hwcomposer: [HRT] only_has_blit_dev_job:0, run simpleLayeringRule.
06-03 23:47:17.485  1472  5312 D InputMethodManagerService: isSecurity: attribute.packageName=com.example.dogglers
06-03 23:47:17.485  1472  5312 D InputMethodManagerService: isSecurity= false (  enable=false needShow=false inBlackList=false  isExist=true )
06-03 23:47:17.487   865   937 D DispPerfService: get hint proc=Surface(name=8cf94b9 InputMethod), idx=0 none
06-03 23:47:17.488  8485  8485 I GoogleInputMethodService: GoogleInputMethodService.onFinishInput():3204
06-03 23:47:17.488  8485  8485 I GoogleInputMethodService: GoogleInputMethodService.updateDeviceLockedStatus():2100 checkRepeatedly = false, unlocked = true
06-03 23:47:17.489  8485  8485 I GoogleInputMethodService: GoogleInputMethodService.onStartInput():1903 onStartInput(EditorInfo{inputType=0x0(NULL) imeOptions=0x0 privateImeOptions=null actionName=UNSPECIFIED actionLabel=null actionId=0 initialSelStart=-1 initialSelEnd=-1 initialCapsMode=0x0 hintText=null label=null packageName=com.example.dogglers fieldId=-1 fieldName=null extras=null}, false)
06-03 23:47:17.489  8485  8485 I GoogleInputMethodService: GoogleInputMethodService.updateDeviceLockedStatus():2100 checkRepeatedly = true, unlocked = true
06-03 23:47:17.494  1472  6507 I InputDispatcher: Window went away: Window{af77220 u0 Splash Screen com.example.dogglers}
06-03 23:47:17.495   814   890 I hwcomposer: [HRT] only_has_blit_dev_job:0, run simpleLayeringRule.
06-03 23:47:17.496  1472  6507 D OppoDisplayPolicy: com.android.systemui, change system app cutoutMode: color always
06-03 23:47:17.498 12548 12548 I ViewInteraction: Performing 'single click' action on view view.getId() is <2131230947/com.example.dogglers:id/horizontal_btn>
06-03 23:47:17.501   841   903 I libPowerHal: [perfLockAcq] idx:1 hdl:66317 hint:25 pid:841 duration:10000 => ret_hdl:66317
06-03 23:47:17.501   841   903 I libPowerHal: [PE] scn:1 hdl:66317 hint:25 comm:mtkpower@1.0-se pid:841
06-03 23:47:17.501   841   903 I libPowerHal: [PE] MTKPOWER_HINT_APP_TOUCH update cmd:3408600 param:1
06-03 23:47:17.501  8485  8485 V PhoneWindow: DecorView setVisiblity: visibility = 8, Parent = android.view.ViewRootImpl@c231d3d, this = DecorView@80a3932[InputMethod]
06-03 23:47:17.502 12548 12548 D ViewRootImpl[MainActivity]: processMotionEvent MotionEvent { action=ACTION_DOWN, actionButton=0, id[0]=0, x[0]=539.5, y[0]=1272.5, toolType[0]=TOOL_TYPE_UNKNOWN, buttonState=BUTTON_PRIMARY, classification=NONE, metaState=0, flags=0x1, edgeFlags=0x0, pointerCount=1, historySize=0, eventTime=108223619, downTime=108223619, deviceId=-1, source=0x1002, displayId=0 }
06-03 23:47:17.507 12548 12548 D ViewRootImpl[MainActivity]: dispatchPointerEvent handled=true, event=MotionEvent { action=ACTION_DOWN, actionButton=0, id[0]=0, x[0]=539.5, y[0]=1272.5, toolType[0]=TOOL_TYPE_UNKNOWN, buttonState=BUTTON_PRIMARY, classification=NONE, metaState=0, flags=0x1, edgeFlags=0x0, pointerCount=1, historySize=0, eventTime=108223619, downTime=108223619, deviceId=-1, source=0x1002, displayId=0 }
06-03 23:47:17.512   814   890 I hwcomposer: [HRT] only_has_blit_dev_job:0, run simpleLayeringRule.
06-03 23:47:17.512  1472  6507 D OppoDisplayPolicy: com.android.systemui, change system app cutoutMode: color always
06-03 23:47:17.516   841   870 I mtkpower@impl: [setMode] type:5, enabled:0
06-03 23:47:17.528   814   890 I hwcomposer: [HRT] only_has_blit_dev_job:0, run simpleLayeringRule.
06-03 23:47:17.542   841   903 I libPowerHal: [perfLockRel] hdl:66317, idx:1
06-03 23:47:17.542   841   903 I libPowerHal: [PD] scn:1 hdl:66317 hint:25 comm:mtkpower@1.0-se pid:841
06-03 23:47:17.542   841   903 I libPowerHal: [PD] MTKPOWER_HINT_APP_TOUCH update cmd:3408600 param:0
06-03 23:47:17.542 12548 12548 D ViewRootImpl[MainActivity]: processMotionEvent MotionEvent { action=ACTION_UP, actionButton=0, id[0]=0, x[0]=539.5, y[0]=1272.5, toolType[0]=TOOL_TYPE_FINGER, buttonState=BUTTON_PRIMARY, classification=NONE, metaState=0, flags=0x1, edgeFlags=0x0, pointerCount=1, historySize=0, eventTime=108223660, downTime=108223619, deviceId=-1, source=0x1002, displayId=0 }
06-03 23:47:17.543 12548 12548 D ViewRootImpl[MainActivity]: dispatchPointerEvent handled=true, event=MotionEvent { action=ACTION_UP, actionButton=0, id[0]=0, x[0]=539.5, y[0]=1272.5, toolType[0]=TOOL_TYPE_FINGER, buttonState=BUTTON_PRIMARY, classification=NONE, metaState=0, flags=0x1, edgeFlags=0x0, pointerCount=1, historySize=0, eventTime=108223660, downTime=108223619, deviceId=-1, source=0x1002, displayId=0 }
06-03 23:47:17.544   814   890 I hwcomposer: [HRT] only_has_blit_dev_job:0, run simpleLayeringRule.
06-03 23:47:17.545 12548 12548 E Parcel  : Reading a NULL string not supported here.
06-03 23:47:17.546  1472  3042 I mtkpower_client: perf_lock_rel, hdl:66316, tid:3042
06-03 23:47:17.547  1472  3042 I mtkpower_client: perf_lock_acq, hdl:66316, dur:0, num:12, tid:3042
06-03 23:47:17.547   865  1818 D DispPerfService: get hint proc=ActivityRecord{feb4af1 u0 com.example.dogglers, idx=0 none
06-03 23:47:17.548   841   903 I libPowerHal: [perfLockRel] hdl:66316, idx:0
06-03 23:47:17.548   841   903 I libPowerHal: [PD] scn:0 hdl:66316 lock_user:system_server pid:1472 tid:3042 dur:0
06-03 23:47:17.548   841   903 I libPowerHal: system_server: cpu_ctrl set cpu freq: -1 -1 -1 -1
06-03 23:47:17.548   841   903 I libPowerHal: [PD] system_server update cmd:1410000 param:0
06-03 23:47:17.548   841   903 I libPowerHal: [PD] system_server update cmd:10000100 param:0
06-03 23:47:17.548   841   903 I libPowerHal: [PD] system_server update cmd:1c3c000, param:1
06-03 23:47:17.549   841   870 I mtkpower@impl: [setMode] type:5, enabled:1
06-03 23:47:17.549  1472  3042 I mtkpower_client: ret_hdl:66318
06-03 23:47:17.549   841   903 I libPowerHal: [perfLockAcq] idx:0 hdl:66318 hint:-1 pid:1472 duration:0 => ret_hdl:66318
06-03 23:47:17.549   841   903 I libPowerHal: [PE] scn:0 hdl:66318 lock_user:system_server pid:1472 tid:3042 dur:0
06-03 23:47:17.550   841   903 I libPowerHal: system_server: cpu_ctrl set cpu freq: 2000000 -1 2203000 -1
06-03 23:47:17.550   841   903 I libPowerHal: [PE] system_server update cmd:1410000, param:1
06-03 23:47:17.550   841   903 I libPowerHal: [PE] system_server update cmd:10000100, param:0
06-03 23:47:17.550   841   903 I libPowerHal: [PE] system_server update cmd:1c3c000, param:0
06-03 23:47:17.557 12548 12548 D LifecycleMonitor: Lifecycle status change: com.example.dogglers.MainActivity@db9fbaa in: PAUSED
06-03 23:47:17.557 12548 12548 V ActivityScenario: Update currentActivityStage to PAUSED, currentActivity=com.example.dogglers.MainActivity@db9fbaa
06-03 23:47:17.560  1472  3936 I InputDispatcher: setFocusedApplication displayId=0 <invalid>
06-03 23:47:17.560   841   869 I mtkpower@impl: [notifyAppState] act com.example.dogglers.MainActivity => com.example.dogglers.HorizontalListActivity
06-03 23:47:17.561   814   890 I hwcomposer: [HRT] only_has_blit_dev_job:0, run simpleLayeringRule.
06-03 23:47:17.562   865  1818 D DispPerfService: get hint proc=Surface(name=3c9c3ca StatusBar), idx=0 none
06-03 23:47:17.563   865  1818 D DispPerfService: get hint proc=Surface(name=8790d11 NavigationBar0), idx=0 none
06-03 23:47:17.565  1472  3936 D Theia.NoFocusWindow: FocusWindowErrorScene CheckFreezeScreen
06-03 23:47:17.570  1472  3042 I mtkpower_client: perf_lock_rel, hdl:66318, tid:3042
06-03 23:47:17.570  1472  3042 I mtkpower_client: perf_lock_acq, hdl:66318, dur:0, num:12, tid:3042
06-03 23:47:17.570 12548 12638 E libEGL  : Invalid file path for libcolorx-loader.so
06-03 23:47:17.571 12548 12638 D libMEOW : applied 0 plugin for [com.example.dogglers].
06-03 23:47:17.571   841   903 I libPowerHal: [perfLockRel] hdl:66318, idx:0
06-03 23:47:17.571   841   903 I libPowerHal: [PD] scn:0 hdl:66318 lock_user:system_server pid:1472 tid:3042 dur:0
06-03 23:47:17.571   841   903 I libPowerHal: system_server: cpu_ctrl set cpu freq: -1 -1 -1 -1
06-03 23:47:17.571   841   903 I libPowerHal: [PD] system_server update cmd:1410000 param:0
06-03 23:47:17.571   841   903 I libPowerHal: [PD] system_server update cmd:10000100 param:0
06-03 23:47:17.571   841   903 I libPowerHal: [PD] system_server update cmd:1c3c000, param:1
06-03 23:47:17.572  1472  3042 I mtkpower_client: ret_hdl:66319
06-03 23:47:17.572   841   903 I libPowerHal: [perfLockAcq] idx:0 hdl:66319 hint:-1 pid:1472 duration:0 => ret_hdl:66319
06-03 23:47:17.572   841   903 I libPowerHal: [PE] scn:0 hdl:66319 lock_user:system_server pid:1472 tid:3042 dur:0
06-03 23:47:17.572   841   903 I libPowerHal: system_server: cpu_ctrl set cpu freq: 2000000 -1 2203000 -1
06-03 23:47:17.572   841   903 I libPowerHal: [PE] system_server update cmd:1410000, param:1
06-03 23:47:17.572   841   903 I libPowerHal: [PE] system_server update cmd:10000100, param:0
06-03 23:47:17.572   841   903 I libPowerHal: [PE] system_server update cmd:1c3c000, param:0
06-03 23:47:17.578   814   890 I hwcomposer: [HRT] only_has_blit_dev_job:0, run simpleLayeringRule.
06-03 23:47:17.579 12548 12548 D LifecycleMonitor: Lifecycle status change: com.example.dogglers.HorizontalListActivity@f9e1694 in: PRE_ON_CREATE
06-03 23:47:17.579 12548 12548 V ActivityScenario: Activity lifecycle changed event received but ignored because the intent does not match. startActivityIntent=Intent { act=android.intent.action.MAIN cat=[android.intent.category.LAUNCHER] cmp=com.example.dogglers/.MainActivity }, activity.getIntent()=Intent { cmp=com.example.dogglers/.HorizontalListActivity mCallingUid=10242 }, activity=com.example.dogglers.HorizontalListActivity@f9e1694
06-03 23:47:17.593  1472  3936 I InputDispatcher: Focus left window: Window{8a2fc4d u0 com.example.dogglers/com.example.dogglers.MainActivity} in display 0
06-03 23:47:17.594  1472  3936 I InputDispatcher: Window went away: Window{8a2fc4d u0 com.example.dogglers/com.example.dogglers.MainActivity}
06-03 23:47:17.594   814   890 I hwcomposer: [HRT] only_has_blit_dev_job:0, run simpleLayeringRule.
06-03 23:47:17.610   814   890 I hwcomposer: [HRT] only_has_blit_dev_job:0, run simpleLayeringRule.
06-03 23:47:17.623 12548 12548 D LifecycleMonitor: Lifecycle status change: com.example.dogglers.HorizontalListActivity@f9e1694 in: CREATED
06-03 23:47:17.623 12548 12548 V ActivityScenario: Activity lifecycle changed event received but ignored because the intent does not match. startActivityIntent=Intent { act=android.intent.action.MAIN cat=[android.intent.category.LAUNCHER] cmp=com.example.dogglers/.MainActivity }, activity.getIntent()=Intent { cmp=com.example.dogglers/.HorizontalListActivity mCallingUid=10242 }, activity=com.example.dogglers.HorizontalListActivity@f9e1694
06-03 23:47:17.625 12548 12548 D LifecycleMonitor: Lifecycle status change: com.example.dogglers.HorizontalListActivity@f9e1694 in: STARTED
06-03 23:47:17.625 12548 12548 V ActivityScenario: Activity lifecycle changed event received but ignored because the intent does not match. startActivityIntent=Intent { act=android.intent.action.MAIN cat=[android.intent.category.LAUNCHER] cmp=com.example.dogglers/.MainActivity }, activity.getIntent()=Intent { cmp=com.example.dogglers/.HorizontalListActivity mCallingUid=10242 }, activity=com.example.dogglers.HorizontalListActivity@f9e1694
06-03 23:47:17.627   814   890 I hwcomposer: [HRT] only_has_blit_dev_job:0, run simpleLayeringRule.
06-03 23:47:17.628 12548 12548 D LifecycleMonitor: Lifecycle status change: com.example.dogglers.HorizontalListActivity@f9e1694 in: RESUMED
06-03 23:47:17.628 12548 12548 V ActivityScenario: Activity lifecycle changed event received but ignored because the intent does not match. startActivityIntent=Intent { act=android.intent.action.MAIN cat=[android.intent.category.LAUNCHER] cmp=com.example.dogglers/.MainActivity }, activity.getIntent()=Intent { cmp=com.example.dogglers/.HorizontalListActivity mCallingUid=10242 }, activity=com.example.dogglers.HorizontalListActivity@f9e1694
06-03 23:47:17.629 12548 12548 V PhoneWindow: DecorView setVisiblity: visibility = 4, Parent = null, this = DecorView@1db28eb[]
06-03 23:47:17.629   865  1818 I SurfaceFlinger: [SF client] NEW(0xb4000073f5a4a700) for (12548:com.example.dogglers)
06-03 23:47:17.633 12548 12548 D ViewRootImpl[HorizontalListActivity]: hardware acceleration = true , fakeHwAccelerated = false, sRendererDisabled = false, forceHwAccelerated = false, sSystemRendererDisabled = false
06-03 23:47:17.634  1472  3936 D OppoDisplayPolicy: com.example.dogglers, no change cutoutMode: 0
06-03 23:47:17.635   865  1818 D DispPerfService: get hint proc=13d261 com.example.dogglers, idx=0 none
06-03 23:47:17.637 12548 12548 E libEGL  : Invalid file path for libcolorx-loader.so
06-03 23:47:17.637 12548 12548 I chatty  : uid=10242(com.example.dogglers) identical 4 lines
06-03 23:47:17.637 12548 12548 E libEGL  : Invalid file path for libcolorx-loader.so
06-03 23:47:17.637 12548 12548 I InputTransport: Create ARC handle: 0xb40000783c986620
06-03 23:47:17.637 12548 12548 V PhoneWindow: DecorView setVisiblity: visibility = 0, Parent = android.view.ViewRootImpl@3c3aa06, this = DecorView@1db28eb[HorizontalListActivity]
06-03 23:47:17.640  8485  8485 V PhoneWindow: DecorView setVisiblity: visibility = 8, Parent = android.view.ViewRootImpl@c231d3d, this = DecorView@80a3932[InputMethod]
06-03 23:47:17.642   865   865 D OppoExLayer: ~Layer() sequence=28500, name=Surface(name=3c9c3ca StatusBar)/@0xba48ab7 - animation-leash#1@0xb4000073f58cc000
06-03 23:47:17.642   865   865 D OppoExLayer: ~Layer() sequence=28501, name=Surface(name=8790d11 NavigationBar0)/@0x7dd0224 - animation-leash#1@0xb4000073f58d2000
06-03 23:47:17.643   814   890 I hwcomposer: [HRT] only_has_blit_dev_job:0, run simpleLayeringRule.
06-03 23:47:17.660   814   890 I hwcomposer: [HRT] only_has_blit_dev_job:0, run simpleLayeringRule.
06-03 23:47:17.662   865  1818 D DispPerfService: get hint proc=Surface(name=3c9c3ca StatusBar), idx=0 none
06-03 23:47:17.663   865   937 D DispPerfService: get hint proc=Surface(name=8790d11 NavigationBar0), idx=0 none
06-03 23:47:17.673 12548 12548 D skia    : SkJpegCodec::onGetPixels +
06-03 23:47:17.673 12548 12548 D skia    : stream getLength() supported, buffer addr 0x77ab246000 length 1810048
06-03 23:47:17.675 12548 12548 D skia    : size 1807770,phy_addr 0x1fc7cc000
06-03 23:47:17.675 12548 12548 D skia    : LoadInputStreamToIonMem va 0x77ab246000 pa 0xfc7cc000  size 1810048
06-03 23:47:17.675 12548 12548 D libjpeg-alpha: Huffman Builder run in subthread
06-03 23:47:17.671 12548 12548 W xample.dogglers: type=1400 audit(0.0:203675): avc: denied { search } for name="ppm" dev="proc" ino=4026531966 scontext=u:r:untrusted_app:s0:c242,c256,c512,c768 tcontext=u:object_r:proc_ppm:s0 tclass=dir permissive=0 app=com.example.dogglers
06-03 23:47:17.676   865   865 D OppoExLayer: ~Layer() sequence=28502, name=Surface(name=af77220 Splash Screen com.example.dogglers)/@0x9fd55d7 - animation-leash#0@0xb4000073f58bd000
06-03 23:47:17.676   865   865 D OppoExLayer: ~Layer() sequence=28493, name=af77220 Splash Screen com.example.dogglers#0@0xb4000073f00ef000
06-03 23:47:17.676  1472  3936 I InputDispatcher: Window went away: Splash Screen com.example.dogglers#0
06-03 23:47:17.677   865   865 I BufferQueueConsumer: [Splash Screen com.example.dogglers#0](id:36100001315,api:0,p:-1,c:865) disconnect()
06-03 23:47:17.677   865   865 I BufferQueue: [Splash Screen com.example.dogglers#0](this:0xb4000073f5ab3258,id:4885,api:2,p:-1,c:-1) onDestructor()
06-03 23:47:17.677   865   865 D OppoExLayer: ~Layer() sequence=28494, name=Splash Screen com.example.dogglers#0@0xb4000073f5880000
06-03 23:47:17.677   814   890 I hwcomposer: [HRT] only_has_blit_dev_job:0, run simpleLayeringRule.
06-03 23:47:17.675 12548 12548 W xample.dogglers: type=1400 audit(0.0:203676): avc: denied { search } for name="ppm" dev="proc" ino=4026531966 scontext=u:r:untrusted_app:s0:c242,c256,c512,c768 tcontext=u:object_r:proc_ppm:s0 tclass=dir permissive=0 app=com.example.dogglers
06-03 23:47:17.679 12548 12548 D libjpeg-alpha: Tile Decoder (#thread:4, size:512 512 512 587x368, alignment:256x16)
06-03 23:47:17.693   814   890 I hwcomposer: [HRT] only_has_blit_dev_job:0, run simpleLayeringRule.
06-03 23:47:17.710   814   890 I hwcomposer: [HRT] only_has_blit_dev_job:0, run simpleLayeringRule.
06-03 23:47:17.710 12548 12548 D skia    : SkJpegCodec::onGetPixels -
06-03 23:47:17.721  1472  3936 D OppoDisplayPolicy: com.example.dogglers, no change cutoutMode: 0
06-03 23:47:17.723   865  1818 D DispPerfService: get hint proc=com.example.dogglers, idx=0 none
06-03 23:47:17.723   865  1818 I BufferQueueConsumer: [](id:36100001317,api:0,p:-1,c:865) connect(): controlledByApp=false
06-03 23:47:17.723   865  1818 I BufferQueue: [unnamed-865-4887](this:0xb4000073f5ab4058,id:4887,api:0,p:-1,c:-1) BufferQueue core=(865:/system/bin/surfaceflinger)
06-03 23:47:17.725   865  1818 D DispPerfService: get hint proc=Surface(name=3c9c3ca StatusBar), idx=0 none
06-03 23:47:17.726   814   890 I hwcomposer: [HRT] only_has_blit_dev_job:0, run simpleLayeringRule.
06-03 23:47:17.726   865  1818 D DispPerfService: get hint proc=Surface(name=8790d11 NavigationBar0), idx=0 none
06-03 23:47:17.727  1472  3936 D Theia.NoFocusWindow: FocusWindowErrorScene cancelCheckFreezeScreen
06-03 23:47:17.733   865  1393 I BufferQueueProducer: [com.example.dogglers/com.example.dogglers.HorizontalListActivity#0](id:36100001317,api:1,p:12548,c:865) connect(): api=1 producerControlledByApp=false
06-03 23:47:17.743   814   890 I hwcomposer: [HRT] only_has_blit_dev_job:0, run simpleLayeringRule.
06-03 23:47:17.759  1472  3936 I InputDispatcher: Window went away: com.example.dogglers/com.example.dogglers.HorizontalListActivity#0
06-03 23:47:17.759   814   890 I hwcomposer: [HRT] only_has_blit_dev_job:0, run simpleLayeringRule.
06-03 23:47:17.763   865  1818 D DispPerfService: onframeavailable pid=12548, slot=4, seq=28510, name=com.example.dogglers:com.example.dogglers/com.example.dogglers.HorizontalListActivity#0
06-03 23:47:17.770   865  1393 D DispPerfService: get hint proc=Surface(name=ActivityRecord{feb4af1 u0 com.example.dogglers, idx=0 none
06-03 23:47:17.770   865  1393 D DispPerfService: get hint proc=Surface(name=ActivityRecord{feb4af1 u0 com.example.dogglers, idx=0 none
06-03 23:47:17.772   865  1393 D DispPerfService: get hint proc=Surface(name=ActivityRecord{595e156 u0 com.example.dogglers, idx=0 none
06-03 23:47:17.773   865  1393 D DispPerfService: get hint proc=Surface(name=ActivityRecord{595e156 u0 com.example.dogglers, idx=0 none
06-03 23:47:17.774  1472  1537 I ActivityTaskManager: Displayed com.example.dogglers/.HorizontalListActivity: +227ms
06-03 23:47:17.776   814   890 I hwcomposer: [HRT] only_has_blit_dev_job:0, run simpleLayeringRule.
06-03 23:47:17.781  8485  8485 V PhoneWindow: DecorView setVisiblity: visibility = 8, Parent = android.view.ViewRootImpl@c231d3d, this = DecorView@80a3932[InputMethod]
06-03 23:47:17.783  8485  8485 V PhoneWindow: DecorView setVisiblity: visibility = 8, Parent = android.view.ViewRootImpl@c231d3d, this = DecorView@80a3932[InputMethod]
06-03 23:47:17.785   841   870 I mtkpower@impl: [setMode] type:5, enabled:0
06-03 23:47:17.792   865   865 D OppoExLayer: ~Layer() sequence=28508, name=Surface(name=3c9c3ca StatusBar)/@0xba48ab7 - animation-leash#1@0xb4000073f5827000
06-03 23:47:17.792   865   865 D OppoExLayer: ~Layer() sequence=28509, name=Surface(name=8790d11 NavigationBar0)/@0x7dd0224 - animation-leash#1@0xb4000073f58c3000
06-03 23:47:17.792  1472  3936 I InputDispatcher: Focus entered window: Window{13d261 u0 com.example.dogglers/com.example.dogglers.HorizontalListActivity} in display 0
06-03 23:47:17.793   814   890 I hwcomposer: [HRT] only_has_blit_dev_job:0, run simpleLayeringRule.
06-03 23:47:17.795  1472  3936 D InputMethodManagerService: isSecurity: attribute.packageName=com.example.dogglers
06-03 23:47:17.795  1472  3936 D InputMethodManagerService: isSecurity= false (  enable=false needShow=false inBlackList=false  isExist=true )
06-03 23:47:17.796   865   937 D DispPerfService: get hint proc=Surface(name=8cf94b9 InputMethod), idx=0 none
06-03 23:47:17.797  8485  8485 I GoogleInputMethodService: GoogleInputMethodService.onFinishInput():3204
06-03 23:47:17.798  8485  8485 I GoogleInputMethodService: GoogleInputMethodService.updateDeviceLockedStatus():2100 checkRepeatedly = false, unlocked = true
06-03 23:47:17.798  8485  8485 I GoogleInputMethodService: GoogleInputMethodService.onStartInput():1903 onStartInput(EditorInfo{inputType=0x0(NULL) imeOptions=0x0 privateImeOptions=null actionName=UNSPECIFIED actionLabel=null actionId=0 initialSelStart=-1 initialSelEnd=-1 initialCapsMode=0x0 hintText=null label=null packageName=com.example.dogglers fieldId=-1 fieldName=null extras=null}, false)
06-03 23:47:17.798  8485  8485 I GoogleInputMethodService: GoogleInputMethodService.updateDeviceLockedStatus():2100 checkRepeatedly = true, unlocked = true
06-03 23:47:17.810   814   890 I hwcomposer: [HRT] only_has_blit_dev_job:0, run simpleLayeringRule.
06-03 23:47:17.810  1472  3936 D OppoDisplayPolicy: com.android.systemui, change system app cutoutMode: color always
06-03 23:47:17.812  8485  8485 V PhoneWindow: DecorView setVisiblity: visibility = 8, Parent = android.view.ViewRootImpl@c231d3d, this = DecorView@80a3932[InputMethod]
06-03 23:47:17.825   865   865 D OppoExLayer: ~Layer() sequence=28503, name=Surface(name=8cf94b9 InputMethod)/@0xf89605f - animation-leash#0@0xb4000073f58c0000
06-03 23:47:17.826   814   890 I hwcomposer: [HRT] only_has_blit_dev_job:0, run simpleLayeringRule.
06-03 23:47:17.826  1472  3936 D OppoDisplayPolicy: com.android.systemui, change system app cutoutMode: color always
06-03 23:47:17.842   814   890 I hwcomposer: [HRT] only_has_blit_dev_job:0, run simpleLayeringRule.
06-03 23:47:17.843  1472  3042 I mtkpower_client: perf_lock_rel, hdl:66319, tid:3042
06-03 23:47:17.843  1472  3042 I mtkpower_client: perf_lock_acq, hdl:66319, dur:0, num:12, tid:3042
06-03 23:47:17.844   841   903 I libPowerHal: [perfLockRel] hdl:66319, idx:0
06-03 23:47:17.844   841   903 I libPowerHal: [PD] scn:0 hdl:66319 lock_user:system_server pid:1472 tid:3042 dur:0
06-03 23:47:17.844   841   903 I libPowerHal: system_server: cpu_ctrl set cpu freq: -1 -1 -1 -1
06-03 23:47:17.844   841   903 I libPowerHal: [PD] system_server update cmd:1410000 param:0
06-03 23:47:17.844   841   903 I libPowerHal: [PD] system_server update cmd:10000100 param:0
06-03 23:47:17.844   841   903 I libPowerHal: [PD] system_server update cmd:1c3c000, param:1
06-03 23:47:17.844   841   903 I libPowerHal: [perfLockAcq] idx:0 hdl:66320 hint:-1 pid:1472 duration:0 => ret_hdl:66320
06-03 23:47:17.844   841   903 I libPowerHal: [PE] scn:0 hdl:66320 lock_user:system_server pid:1472 tid:3042 dur:0
06-03 23:47:17.844  1472  3042 I mtkpower_client: ret_hdl:66320
06-03 23:47:17.844   841   903 I libPowerHal: system_server: cpu_ctrl set cpu freq: 2000000 -1 2203000 -1
06-03 23:47:17.844   841   903 I libPowerHal: [PE] system_server update cmd:1410000, param:1
06-03 23:47:17.844   841   903 I libPowerHal: [PE] system_server update cmd:10000100, param:0
06-03 23:47:17.844   841   903 I libPowerHal: [PE] system_server update cmd:1c3c000, param:0
06-03 23:47:17.859   814   890 I hwcomposer: [HRT] only_has_blit_dev_job:0, run simpleLayeringRule.
