06-03 23:47:16.256 12548 12590 I TestRunner: started: grid_list_button_is_displayed(com.example.dogglers.ButtonTests)
06-03 23:47:16.261 12548 12583 D skia    : SkJpegCodec::onGetPixels -
06-03 23:47:16.262 12548 12583 D skia    : SkJpegCodec::onGetPixels +
06-03 23:47:16.266 12548 12590 W Settings: Setting always_finish_activities has moved from android.provider.Settings.System to android.provider.Settings.Global, returning read-only value.
06-03 23:47:16.268 12548 12583 D skia    : SkJpegCodec::onGetPixels -
06-03 23:47:16.269 12548 12583 D skia    : SkJpegCodec::onGetPixels +
06-03 23:47:16.274 12548 12583 D skia    : SkJpegCodec::onGetPixels -
06-03 23:47:16.275 12548 12583 D skia    : SkJpegCodec::onGetPixels +
06-03 23:47:16.277 12548 12590 E Parcel  : Reading a NULL string not supported here.
06-03 23:47:16.279  1472  3042 I mtkpower_client: perf_lock_rel, hdl:66292, tid:3042
06-03 23:47:16.279  1472  3042 I mtkpower_client: perf_lock_acq, hdl:66292, dur:0, num:12, tid:3042
06-03 23:47:16.279   841   903 I libPowerHal: [perfLockRel] hdl:66292, idx:0
06-03 23:47:16.280   841   903 I libPowerHal: [PD] scn:0 hdl:66292 lock_user:system_server pid:1472 tid:3042 dur:0
06-03 23:47:16.280   841   903 I libPowerHal: [PD] system_server update cmd:10000100 param:0
06-03 23:47:16.280  1472  3042 I mtkpower_client: ret_hdl:66294
06-03 23:47:16.281   841   903 I libPowerHal: [perfLockAcq] idx:0 hdl:66294 hint:-1 pid:1472 duration:0 => ret_hdl:66294
06-03 23:47:16.281   841   903 I libPowerHal: [PE] scn:0 hdl:66294 lock_user:system_server pid:1472 tid:3042 dur:0
06-03 23:47:16.281   841   903 I libPowerHal: system_server: cpu_ctrl set cpu freq: 2000000 -1 2203000 -1
06-03 23:47:16.281   841   903 I libPowerHal: [PE] system_server update cmd:1410000, param:1
06-03 23:47:16.281  3981  4065 D BaseModelUpdateTask: Ignoring model task since loader is pending=com.android.launcher3.model.PackageUpdatedTask@8b608df
06-03 23:47:16.281   841   903 I libPowerHal: [PE] system_server update cmd:10000100, param:0
06-03 23:47:16.281   841   903 I libPowerHal: [PE] system_server update cmd:1c3c000, param:0
06-03 23:47:16.281  3981 14913 W Launcher.ColorLauncherModel: onGreenPointAppsUpdate pkgNames is invalid
06-03 23:47:16.282 12548 12583 D skia    : SkJpegCodec::onGetPixels -
06-03 23:47:16.283   865  1393 D DispPerfService: get hint proc=, idx=0 none
06-03 23:47:16.283 12548 12583 D skia    : SkJpegCodec::onGetPixels +
06-03 23:47:16.285   865  1393 D DispPerfService: get hint proc=ActivityRecord{4c950c5 u0 com.example.dogglers, idx=0 none
06-03 23:47:16.287   841   870 I mtkpower@impl: [setMode] type:5, enabled:1
06-03 23:47:16.288 12548 12583 D skia    : SkJpegCodec::onGetPixels -
06-03 23:47:16.288   814   890 I hwcomposer: [HRT] only_has_blit_dev_job:0, run simpleLayeringRule.
06-03 23:47:16.295  1472  3122 V SensorManager: setScreenShotDisableImpl
06-03 23:47:16.295  1472  3122 D SensorService: debug_oplusGeminiProximity setScreenShotDisable in SensorService
06-03 23:47:16.295  1472  3122 I ColorHansManager : ColorHansManager : resume pkg: com.example.dogglers, uid:10242, prev pkg: com.teslacoilsw.launcher, prev uid: 10254
06-03 23:47:16.295  1472  3042 I mtkpower_client: perf_lock_rel, hdl:66294, tid:3042
06-03 23:47:16.295  1472  3042 I mtkpower_client: perf_lock_acq, hdl:66294, dur:0, num:12, tid:3042
06-03 23:47:16.295  1472  3821 I ColorHansManager : enter fastfreezer
06-03 23:47:16.295   841   903 I libPowerHal: [perfLockRel] hdl:66294, idx:0
06-03 23:47:16.295   841   903 I libPowerHal: [PD] scn:0 hdl:66294 lock_user:system_server pid:1472 tid:3042 dur:0
06-03 23:47:16.296   841   903 I libPowerHal: system_server: cpu_ctrl set cpu freq: -1 -1 -1 -1
06-03 23:47:16.296   841   903 I libPowerHal: [PD] system_server update cmd:1410000 param:0
06-03 23:47:16.296  1472  3821 W OplusLocationManagerService: NavigateMode doesn't match LocationMode
06-03 23:47:16.296   841   903 I libPowerHal: [PD] system_server update cmd:10000100 param:0
06-03 23:47:16.296   841   903 I libPowerHal: [PD] system_server update cmd:1c3c000, param:1
06-03 23:47:16.296  1472  3821 D ColorCommonListManager: uid:10259 is Protected by traffic because of downloading
06-03 23:47:16.297  1472  3042 I mtkpower_client: ret_hdl:66295
06-03 23:47:16.297   841   903 I libPowerHal: [perfLockAcq] idx:0 hdl:66295 hint:-1 pid:1472 duration:0 => ret_hdl:66295
06-03 23:47:16.297   841   903 I libPowerHal: [PE] scn:0 hdl:66295 lock_user:system_server pid:1472 tid:3042 dur:0
06-03 23:47:16.297  1472  3821 I ColorHansManager : freeze uid: 10279 package: com.myfitnesspal.android reason: fastfreezer|10242 scene: FastFreezerScene
06-03 23:47:16.297   841   903 I libPowerHal: system_server: cpu_ctrl set cpu freq: 2000000 -1 2203000 -1
06-03 23:47:16.297   841   903 I libPowerHal: [PE] system_server update cmd:1410000, param:1
06-03 23:47:16.297   841   903 I libPowerHal: [PE] system_server update cmd:10000100, param:0
06-03 23:47:16.297   841   903 I libPowerHal: [PE] system_server update cmd:1c3c000, param:0
06-03 23:47:16.297  1472  3042 I mtkpower_client: perf_lock_rel, hdl:66295, tid:3042
06-03 23:47:16.297  1472  3821 I ColorHansManager : freeze uid: 10290 package: com.komoe.fsgp reason: fastfreezer|10242 scene: FastFreezerScene
06-03 23:47:16.298  1472  3122 I InputDispatcher: setFocusedApplication displayId=0 <invalid>
06-03 23:47:16.298  1472  3042 I mtkpower_client: perf_lock_acq, hdl:66295, dur:0, num:12, tid:3042
06-03 23:47:16.298   841   903 I libPowerHal: [perfNotifyAppState] foreground:com.example.dogglers, pid:12548, uid:10242
06-03 23:47:16.298  1472  3991 V DCSEX-AppSwitchManager: OnAppSwitchObserver: onAppExit , info = OplusAppExitInfo = {  targetName = com.teslacoilsw.launcher hasResumingActivity = true resumingPackageName = com.example.dogglers resumingActivityName = androidx.test.core.app.InstrumentationActivityInvoker$BootstrapActivity resumingWindowMode = 1 isResumingMultiApp = false isResumingFirstStart = false extension = Bundle[{taskId=2532, uid=10242}]}
06-03 23:47:16.298  1472  9793 D DCSEX-AppLaunchEventRecorder: onAppSwitch from = com.teslacoilsw.launcher to = com.example.dogglers
06-03 23:47:16.298  1472  9793 D DCSEX-AppLaunchEventRecorder: recordExitApp = com.teslacoilsw.launcher
06-03 23:47:16.298   841   903 E UxUtility: notifyAppState error = NULL
06-03 23:47:16.298   841   903 I TouchUtility: notifyAppState error = NULL
06-03 23:47:16.298  1472  9793 E OplusTrack-ApkInfoUtil: java.lang.NullPointerException: Attempt to invoke virtual method 'java.lang.Object android.os.Bundle.get(java.lang.String)' on a null object reference
06-03 23:47:16.298  1472  9793 W System.err: java.lang.NullPointerException: Attempt to invoke virtual method 'java.lang.Object android.os.Bundle.get(java.lang.String)' on a null object reference
06-03 23:47:16.298  1472  9793 W System.err: 	at com.oplus.statistics.h.b.d(ApkInfoUtil.java:136)
06-03 23:47:16.298  1472  9793 W System.err: 	at com.oplus.statistics.b.b.a(TrackEvent.java:141)
06-03 23:47:16.298  1472  9793 W System.err: 	at com.oplus.statistics.b.b.<init>(TrackEvent.java:47)
06-03 23:47:16.298  1472  9793 W System.err: 	at com.oplus.statistics.b.a.<init>(CommonBean.java:37)
06-03 23:47:16.298  1472  9793 W System.err: 	at com.oplus.statistics.c.a(OplusTrack.java:223)
06-03 23:47:16.298  1472  9793 W System.err: 	at com.oplus.statistics.e.a.a$a.a(AppLaunchEventRecorder.java:143)
06-03 23:47:16.298  1472  9793 W System.err: 	at com.oplus.statistics.e.a.a$a.a(AppLaunchEventRecorder.java:102)
06-03 23:47:16.299  1472  9793 W System.err: 	at com.oplus.statistics.e.a.-$$Lambda$2fHLmT8JZlr5OzkT2xnqiCVdLEk.onAppSwitch(Unknown Source:2)
06-03 23:47:16.299  1472  9793 W System.err: 	at com.oplus.statistics.c.b.a(AppSwitchMonitor.java:97)
06-03 23:47:16.299  1472  9793 W System.err: 	at com.oplus.statistics.c.b.lambda$yF2sSrETF4wpk07pjuI1ubPVnB8(Unknown Source:0)
06-03 23:47:16.299  1472  9793 W System.err: 	at com.oplus.statistics.c.-$$Lambda$b$yF2sSrETF4wpk07pjuI1ubPVnB8.accept(Unknown Source:4)
06-03 23:47:16.299  1472  9793 W System.err: 	at java.util.concurrent.CopyOnWriteArrayList.forEach(CopyOnWriteArrayList.java:832)
06-03 23:47:16.299  1472  9793 W System.err: 	at com.oplus.statistics.c.b.b(AppSwitchMonitor.java:97)
06-03 23:47:16.299  1472  9793 W System.err: 	at com.oplus.statistics.c.b.lambda$fX4Hi7f3z5t3AW9aa0q-E6iGF5w(Unknown Source:0)
06-03 23:47:16.299  1472  9793 W System.err: 	at com.oplus.statistics.c.-$$Lambda$b$fX4Hi7f3z5t3AW9aa0q-E6iGF5w.run(Unknown Source:4)
06-03 23:47:16.299 21514 21547 I [0]DCS-StrategyManager: isNeedUpload: cache, appID: 20200, logTag: launch, eventID: launch
06-03 23:47:16.299  1472  9793 W System.err: 	at java.util.concurrent.ThreadPoolExecutor.runWorker(ThreadPoolExecutor.java:1167)
06-03 23:47:16.299  1472  9793 W System.err: 	at java.util.concurrent.ThreadPoolExecutor$Worker.run(ThreadPoolExecutor.java:641)
06-03 23:47:16.299  1472  9793 W System.err: 	at java.lang.Thread.run(Thread.java:923)
06-03 23:47:16.299  1472  9793 W OplusTrack-TrackEvent: appId is empty
06-03 23:47:16.299  1472  3991 I ColorResourcePreloadManager: resume pkg: com.example.dogglers, uid:10242, prev pkg: com.teslacoilsw.launcher, prev uid: 10254
06-03 23:47:16.300   841   869 I mtkpower@impl: [notifyAppState] pc:0, com.teslacoilsw.launcher => com.example.dogglers
06-03 23:47:16.300  1472  3991 E Process : get_ion_cache_memory: Unable to open /d/ion/system_stats
06-03 23:47:16.300  1472  3991 V DCSEX-AppSwitchManager: OnAppSwitchObserver: onAppEnter , info = OplusAppEnterInfo = {  windowMode = 1 targetName = com.example.dogglers multiApp = false firstStart = false launchedFromPackage = com.example.dogglers intent = Intent { act=android.intent.action.MAIN cat=[android.intent.category.LAUNCHER] flg=0x10008000 cmp=com.example.dogglers/androidx.test.core.app.InstrumentationActivityInvoker$BootstrapActivity (has extras) mCallingUid=10242 } extension = Bundle[{taskId=2532, uid=10242}]}
06-03 23:47:16.300  1472  3122 D Theia.NoFocusWindow: FocusWindowErrorScene CheckFreezeScreen
06-03 23:47:16.300  4450 24160 D ZoomAppController: ignore onAppEnter: Invalid cvActionFlag = 0
06-03 23:47:16.300   841   869 I mtkpower@impl: [check_work_req] i:0, msg:1 hdl:66295, wait
06-03 23:47:16.301   841   903 I libPowerHal: [perfLockRel] hdl:66295, idx:0
06-03 23:47:16.301   841   903 I libPowerHal: [PD] scn:0 hdl:66295 lock_user:system_server pid:1472 tid:3042 dur:0
06-03 23:47:16.301  4119  4363 W OppoGuardElf: ThermalControlUtils: mForegroundPkg=com.example.dogglers
06-03 23:47:16.301   841   903 I libPowerHal: system_server: cpu_ctrl set cpu freq: -1 -1 -1 -1
06-03 23:47:16.301   841   903 I libPowerHal: [PD] system_server update cmd:1410000 param:0
06-03 23:47:16.301   841   903 I libPowerHal: [PD] system_server update cmd:10000100 param:0
06-03 23:47:16.301   841   903 I libPowerHal: [PD] system_server update cmd:1c3c000, param:1
06-03 23:47:16.303  1472  3042 I mtkpower_client: ret_hdl:66296
06-03 23:47:16.304   841   903 I libPowerHal: [perfLockAcq] idx:0 hdl:66296 hint:-1 pid:1472 duration:0 => ret_hdl:66296
06-03 23:47:16.304   841   903 I libPowerHal: [PE] scn:0 hdl:66296 lock_user:system_server pid:1472 tid:3042 dur:0
06-03 23:47:16.304   841   903 I libPowerHal: system_server: cpu_ctrl set cpu freq: 2000000 -1 2203000 -1
06-03 23:47:16.304   841   903 I libPowerHal: [PE] system_server update cmd:1410000, param:1
06-03 23:47:16.304   841   903 I libPowerHal: [PE] system_server update cmd:10000100, param:0
06-03 23:47:16.304   841   903 I libPowerHal: [PE] system_server update cmd:1c3c000, param:0
06-03 23:47:16.305   814   890 I hwcomposer: [HRT] only_has_blit_dev_job:0, run simpleLayeringRule.
06-03 23:47:16.307 21514 21547 I [0]DCS-BackgroundAppData: sendAppBgEvent: has no pkgName=com.example.dogglers
06-03 23:47:16.307  1472  3821 I ColorHansManager : freeze uid: 10307 package: com.lenovo.anyshare.gps reason: fastfreezer|10242 scene: FastFreezerScene
06-03 23:47:16.307  1472  3042 I mtkpower_client: perf_lock_rel, hdl:66296, tid:3042
06-03 23:47:16.308  1472  3042 I mtkpower_client: perf_lock_acq, hdl:66296, dur:0, num:12, tid:3042
06-03 23:47:16.308  1472  3821 I ColorHansManager : freeze uid: 10220 package: com.nearme.gamecenter reason: fastfreezer|10242 scene: FastFreezerScene
06-03 23:47:16.308   841   903 I libPowerHal: [perfLockRel] hdl:66296, idx:0
06-03 23:47:16.308   841   903 I libPowerHal: [PD] scn:0 hdl:66296 lock_user:system_server pid:1472 tid:3042 dur:0
06-03 23:47:16.308   841   903 I libPowerHal: system_server: cpu_ctrl set cpu freq: -1 -1 -1 -1
06-03 23:47:16.309   841   903 I libPowerHal: [PD] system_server update cmd:1410000 param:0
06-03 23:47:16.309   841   903 I libPowerHal: [PD] system_server update cmd:10000100 param:0
06-03 23:47:16.309   841   903 I libPowerHal: [PD] system_server update cmd:1c3c000, param:1
06-03 23:47:16.309  1472  3042 I mtkpower_client: ret_hdl:66297
06-03 23:47:16.310   865  1393 I SurfaceFlinger: [SF client] NEW(0xb400007406976800) for (1472:system_server)
06-03 23:47:16.311   841   903 I libPowerHal: [perfLockAcq] idx:0 hdl:66297 hint:-1 pid:1472 duration:0 => ret_hdl:66297
06-03 23:47:16.311   841   903 I libPowerHal: [PE] scn:0 hdl:66297 lock_user:system_server pid:1472 tid:3042 dur:0
06-03 23:47:16.311  1472  1528 D ViewRootImpl[dogglers]: hardware acceleration = false , fakeHwAccelerated = true, sRendererDisabled = false, forceHwAccelerated = false, sSystemRendererDisabled = false
06-03 23:47:16.312   841   903 I libPowerHal: system_server: cpu_ctrl set cpu freq: 2000000 -1 2203000 -1
06-03 23:47:16.312   841   903 I libPowerHal: [PE] system_server update cmd:1410000, param:1
06-03 23:47:16.312   841   903 I libPowerHal: [PE] system_server update cmd:10000100, param:0
06-03 23:47:16.312   841   903 I libPowerHal: [PE] system_server update cmd:1c3c000, param:0
06-03 23:47:16.312  1472  1528 D OppoDisplayPolicy: com.example.dogglers, no change cutoutMode: 0
06-03 23:47:16.313   865  1393 D DispPerfService: get hint proc=, idx=0 none
06-03 23:47:16.314  1472  3821 I ColorHansManager : freeze uid: 10236 package: com.twitter.android reason: fastfreezer|10242 scene: FastFreezerScene
06-03 23:47:16.315  1472  1528 E libEGL  : Invalid file path for libcolorx-loader.so
06-03 23:47:16.315  1472  1528 I chatty  : uid=1000(system) android.anim identical 4 lines
06-03 23:47:16.316  1472  1528 E libEGL  : Invalid file path for libcolorx-loader.so
06-03 23:47:16.316  1472  1528 I InputTransport: Create ARC handle: 0xb400007794ac0440
06-03 23:47:16.320  1472  3821 I ColorHansManager : freeze uid: 10238 package: com.facebook.katana reason: fastfreezer|10242 scene: FastFreezerScene
06-03 23:47:16.320  1472  6015 I InputDispatcher: Focus left window: Window{47402ca u0 com.teslacoilsw.launcher/com.teslacoilsw.launcher.NovaLauncher} in display 0
06-03 23:47:16.320  1472  6015 I InputDispatcher: Window went away: Window{47402ca u0 com.teslacoilsw.launcher/com.teslacoilsw.launcher.NovaLauncher}
06-03 23:47:16.320   814   890 I hwcomposer: [HRT] only_has_blit_dev_job:0, run simpleLayeringRule.
06-03 23:47:16.321  1472  1528 D OppoDisplayPolicy: com.example.dogglers, no change cutoutMode: 0
06-03 23:47:16.323 12548 12604 E libEGL  : Invalid file path for libcolorx-loader.so
06-03 23:47:16.323   865  1393 D DispPerfService: get hint proc=, idx=0 none
06-03 23:47:16.323 12548 12604 D libMEOW : meow reload base cfg path: na
06-03 23:47:16.323 12548 12604 D libMEOW : meow reload overlay cfg path: na
06-03 23:47:16.323   865  1393 I BufferQueueConsumer: [](id:36100001310,api:0,p:-1,c:865) connect(): controlledByApp=false
06-03 23:47:16.323 12548 12604 D libMEOW : applied 0 plugin for [com.example.dogglers].
06-03 23:47:16.324   865  1393 I BufferQueue: [unnamed-865-4880](this:0xb400007424f44058,id:4880,api:0,p:-1,c:-1) BufferQueue core=(865:/system/bin/surfaceflinger)
06-03 23:47:16.327  1472  1528 D Surface : lockCanvas
06-03 23:47:16.327   865  1393 I BufferQueueProducer: [Splash Screen com.example.dogglers#0](id:36100001310,api:2,p:1472,c:865) connect(): api=2 producerControlledByApp=false
06-03 23:47:16.327 12548 12548 I oplus.android.OplusFrameworkFactoryImpl: getOplusRedPacketManager
06-03 23:47:16.329 12548 12548 D LifecycleMonitor: Lifecycle status change: androidx.test.core.app.InstrumentationActivityInvoker$BootstrapActivity@69eced6 in: PRE_ON_CREATE
06-03 23:47:16.329 12548 12548 V ActivityScenario: Activity lifecycle changed event received but ignored because the intent does not match. startActivityIntent=Intent { act=android.intent.action.MAIN cat=[android.intent.category.LAUNCHER] cmp=com.example.dogglers/.MainActivity }, activity.getIntent()=Intent { act=android.intent.action.MAIN cat=[android.intent.category.LAUNCHER] flg=0x10008000 cmp=com.example.dogglers/androidx.test.core.app.InstrumentationActivityInvoker$BootstrapActivity (has extras) mCallingUid=10242 }, activity=androidx.test.core.app.InstrumentationActivityInvoker$BootstrapActivity@69eced6
06-03 23:47:16.332 21514 21547 I [0]DCS-StrategyManager: isNeedUpload: cache, appID: 20200, logTag: launch, eventID: launch
06-03 23:47:16.336  1472  1525 D OplusAppBwCore: onUidImportance: 10242, 100
06-03 23:47:16.336   814   890 I hwcomposer: [HRT] only_has_blit_dev_job:0, run simpleLayeringRule.
06-03 23:47:16.337   865  1393 D DispPerfService: onframeavailable pid=1472, slot=0, seq=28462, name=system_server:Splash Screen com.example.dogglers#0
06-03 23:47:16.337  1472  6047 D AS.AudioService: getParameters() keyValuePairs:OPLUS_AUDIO_GET_FOCUS_STACK
06-03 23:47:16.338  4119  4363 W OppoGuardElf: ThermalControllHandler: tempLevel=5,userMode=2,gameUserMode=-1,appType=-1,envTempType=0,appStates=[]
06-03 23:47:16.340  4119  4363 W OppoGuardElf: ThermalControllerCenter: mSafetyState=10000
06-03 23:47:16.342  4602  4614 E oiface  : packageSwitch pkg com.example.dogglers, enter
06-03 23:47:16.342  4602  4614 E oiface  : current package is com.example.dogglers and pid is 12548
06-03 23:47:16.343  4119  4363 W OppoGuardElf: ThermalControlUtils: mForegroundPkg=com.example.dogglers
06-03 23:47:16.343  4119  4363 W OppoGuardElf: ThermalControllHandler: tempGear=5,configItemName=common_config
06-03 23:47:16.343  4119  6494 W OppoGuardElf: ThermalControllHandler: MSG_THERMAL_CONTROL_CATEGORY_CHANGED
06-03 23:47:16.345  3621  3621 I LWPCore_GLWallpaperService: engine paused
06-03 23:47:16.347   865  1393 D DispPerfService: get hint proc=Surface(name=3c9c3ca StatusBar), idx=0 none
06-03 23:47:16.348   865  1393 D DispPerfService: get hint proc=Surface(name=8790d11 NavigationBar0), idx=0 none
06-03 23:47:16.352  1472  6047 I InputDispatcher: Window went away: Splash Screen com.example.dogglers#0
06-03 23:47:16.354   865  1393 I BufferQueueProducer: [com.coloros.lwpcore.service.daynight.DayNightWallpaperService#0](id:36100000003,api:1,p:3621,c:865) disconnect(): api=1
06-03 23:47:16.354   814   890 I hwcomposer: [HRT] only_has_blit_dev_job:0, run simpleLayeringRule.
06-03 23:47:16.354   865   937 I BufferQueueProducer: [com.teslacoilsw.launcher/com.teslacoilsw.launcher.NovaLauncher#0](id:3610000130e,api:1,p:31785,c:865) disconnect(): api=1
06-03 23:47:16.365 12548 12548 D LifecycleMonitor: Lifecycle status change: androidx.test.core.app.InstrumentationActivityInvoker$BootstrapActivity@69eced6 in: CREATED
06-03 23:47:16.365 12548 12548 V ActivityScenario: Activity lifecycle changed event received but ignored because the intent does not match. startActivityIntent=Intent { act=android.intent.action.MAIN cat=[android.intent.category.LAUNCHER] cmp=com.example.dogglers/.MainActivity }, activity.getIntent()=Intent { act=android.intent.action.MAIN cat=[android.intent.category.LAUNCHER] flg=0x10008000 cmp=com.example.dogglers/androidx.test.core.app.InstrumentationActivityInvoker$BootstrapActivity (has extras) mCallingUid=10242 }, activity=androidx.test.core.app.InstrumentationActivityInvoker$BootstrapActivity@69eced6
06-03 23:47:16.367  8485  8485 V PhoneWindow: DecorView setVisiblity: visibility = 8, Parent = android.view.ViewRootImpl@c231d3d, this = DecorView@80a3932[InputMethod]
06-03 23:47:16.368  8485  8485 V PhoneWindow: DecorView setVisiblity: visibility = 8, Parent = android.view.ViewRootImpl@c231d3d, this = DecorView@80a3932[InputMethod]
06-03 23:47:16.369   865   865 D OppoExLayer: ~Layer() sequence=28457, name=Surface(name=8790d11 NavigationBar0)/@0x7dd0224 - animation-leash#1@0xb4000073f5a33000
06-03 23:47:16.369   865   865 D OppoExLayer: ~Layer() sequence=28456, name=Surface(name=3c9c3ca StatusBar)/@0xba48ab7 - animation-leash#1@0xb40000740635a000
06-03 23:47:16.369  4602  4612 E oiface  : Average freq 781359 for 141s.
06-03 23:47:16.369  4602  4612 E oiface  : Average freq 629798 for 141s.
06-03 23:47:16.370  4602  4612 E oiface  : get gpu freq table failed
06-03 23:47:16.371   814   890 I hwcomposer: [HRT] only_has_blit_dev_job:0, run simpleLayeringRule.
06-03 23:47:16.372 12548 12548 D LifecycleMonitor: Lifecycle status change: androidx.test.core.app.InstrumentationActivityInvoker$BootstrapActivity@69eced6 in: STARTED
06-03 23:47:16.372 12548 12548 V ActivityScenario: Activity lifecycle changed event received but ignored because the intent does not match. startActivityIntent=Intent { act=android.intent.action.MAIN cat=[android.intent.category.LAUNCHER] cmp=com.example.dogglers/.MainActivity }, activity.getIntent()=Intent { act=android.intent.action.MAIN cat=[android.intent.category.LAUNCHER] flg=0x10008000 cmp=com.example.dogglers/androidx.test.core.app.InstrumentationActivityInvoker$BootstrapActivity (has extras) mCallingUid=10242 }, activity=androidx.test.core.app.InstrumentationActivityInvoker$BootstrapActivity@69eced6
06-03 23:47:16.374 21514 21547 I [0]DCS-StrategyManager: isNeedUpload: cache, appID: 20519, logTag: 20519001, eventID: internal_lwp_fg_duration
06-03 23:47:16.374  4602  4612 E oiface  : client  not found, skipped
06-03 23:47:16.374  4602  4612 D oiface  : forground package is com.example.dogglers
06-03 23:47:16.376  1472  3042 I mtkpower_client: perf_lock_rel, hdl:66297, tid:3042
06-03 23:47:16.377  1472  3042 I mtkpower_client: perf_lock_acq, hdl:66297, dur:0, num:12, tid:3042
06-03 23:47:16.377   841   903 I libPowerHal: [perfLockRel] hdl:66297, idx:0
06-03 23:47:16.377   841   903 I libPowerHal: [PD] scn:0 hdl:66297 lock_user:system_server pid:1472 tid:3042 dur:0
06-03 23:47:16.377   841   903 I libPowerHal: system_server: cpu_ctrl set cpu freq: -1 -1 -1 -1
06-03 23:47:16.377   841   903 I libPowerHal: [PD] system_server update cmd:1410000 param:0
06-03 23:47:16.377   841   903 I libPowerHal: [PD] system_server update cmd:10000100 param:0
06-03 23:47:16.377   841   903 I libPowerHal: [PD] system_server update cmd:1c3c000, param:1
06-03 23:47:16.377   865   938 D DispPerfService: get hint proc=ActivityRecord{18c22d5 u0 com.example.dogglers, idx=0 none
06-03 23:47:16.378  1472  3042 I mtkpower_client: ret_hdl:66298
06-03 23:47:16.378   841   903 I libPowerHal: [perfLockAcq] idx:0 hdl:66298 hint:-1 pid:1472 duration:0 => ret_hdl:66298
06-03 23:47:16.378   841   903 I libPowerHal: [PE] scn:0 hdl:66298 lock_user:system_server pid:1472 tid:3042 dur:0
06-03 23:47:16.378   841   903 I libPowerHal: system_server: cpu_ctrl set cpu freq: 2000000 -1 2203000 -1
06-03 23:47:16.378   841   903 I libPowerHal: [PE] system_server update cmd:1410000, param:1
06-03 23:47:16.378   841   903 I libPowerHal: [PE] system_server update cmd:10000100, param:0
06-03 23:47:16.378   841   903 I libPowerHal: [PE] system_server update cmd:1c3c000, param:0
06-03 23:47:16.379   841   870 I mtkpower@impl: [setMode] type:5, enabled:1
06-03 23:47:16.382 12548 12548 D LifecycleMonitor: Lifecycle status change: androidx.test.core.app.InstrumentationActivityInvoker$BootstrapActivity@69eced6 in: RESUMED
06-03 23:47:16.383 12548 12548 V ActivityScenario: Activity lifecycle changed event received but ignored because the intent does not match. startActivityIntent=Intent { act=android.intent.action.MAIN cat=[android.intent.category.LAUNCHER] cmp=com.example.dogglers/.MainActivity }, activity.getIntent()=Intent { act=android.intent.action.MAIN cat=[android.intent.category.LAUNCHER] flg=0x10008000 cmp=com.example.dogglers/androidx.test.core.app.InstrumentationActivityInvoker$BootstrapActivity (has extras) mCallingUid=10242 }, activity=androidx.test.core.app.InstrumentationActivityInvoker$BootstrapActivity@69eced6
06-03 23:47:16.387   814   890 I hwcomposer: [HRT] only_has_blit_dev_job:0, run simpleLayeringRule.
06-03 23:47:16.388  1472  1528 D Surface : lockCanvas
06-03 23:47:16.389 12548 12548 D LifecycleMonitor: Lifecycle status change: androidx.test.core.app.InstrumentationActivityInvoker$BootstrapActivity@69eced6 in: PAUSED
06-03 23:47:16.389 12548 12548 V ActivityScenario: Activity lifecycle changed event received but ignored because the intent does not match. startActivityIntent=Intent { act=android.intent.action.MAIN cat=[android.intent.category.LAUNCHER] cmp=com.example.dogglers/.MainActivity }, activity.getIntent()=Intent { act=android.intent.action.MAIN cat=[android.intent.category.LAUNCHER] flg=0x10008000 cmp=com.example.dogglers/androidx.test.core.app.InstrumentationActivityInvoker$BootstrapActivity (has extras) mCallingUid=10242 }, activity=androidx.test.core.app.InstrumentationActivityInvoker$BootstrapActivity@69eced6
06-03 23:47:16.398  1472  6015 I InputDispatcher: setFocusedApplication displayId=0 ActivityRecord{18c22d5 u0 com.example.dogglers/.MainActivity t2532}
06-03 23:47:16.399   841   869 I mtkpower@impl: [notifyAppState] act androidx.test.core.app.InstrumentationActivityInvoker$EmptyActivity => com.example.dogglers.MainActivity
06-03 23:47:16.401  4602  4612 E oiface  : get gpu freq table failed
06-03 23:47:16.404   814   890 I hwcomposer: [HRT] only_has_blit_dev_job:0, run simpleLayeringRule.
06-03 23:47:16.406  1472  3042 I mtkpower_client: perf_lock_rel, hdl:66298, tid:3042
06-03 23:47:16.406  1472  3042 I mtkpower_client: perf_lock_acq, hdl:66298, dur:0, num:12, tid:3042
06-03 23:47:16.406 12548 12605 E libEGL  : Invalid file path for libcolorx-loader.so
06-03 23:47:16.406 12548 12605 D libMEOW : applied 0 plugin for [com.example.dogglers].
06-03 23:47:16.406   841   903 I libPowerHal: [perfLockRel] hdl:66298, idx:0
06-03 23:47:16.407   841   903 I libPowerHal: [PD] scn:0 hdl:66298 lock_user:system_server pid:1472 tid:3042 dur:0
06-03 23:47:16.407   841   903 I libPowerHal: system_server: cpu_ctrl set cpu freq: -1 -1 -1 -1
06-03 23:47:16.407   841   903 I libPowerHal: [PD] system_server update cmd:1410000 param:0
06-03 23:47:16.407   841   903 I libPowerHal: [PD] system_server update cmd:10000100 param:0
06-03 23:47:16.407   841   903 I libPowerHal: [PD] system_server update cmd:1c3c000, param:1
06-03 23:47:16.409  1472  3042 I mtkpower_client: ret_hdl:66299
06-03 23:47:16.409   841   903 I libPowerHal: [perfLockAcq] idx:0 hdl:66299 hint:-1 pid:1472 duration:0 => ret_hdl:66299
06-03 23:47:16.409   841   903 I libPowerHal: [PE] scn:0 hdl:66299 lock_user:system_server pid:1472 tid:3042 dur:0
06-03 23:47:16.409   841   903 I libPowerHal: system_server: cpu_ctrl set cpu freq: 2000000 -1 2203000 -1
06-03 23:47:16.409   841   903 I libPowerHal: [PE] system_server update cmd:1410000, param:1
06-03 23:47:16.409   841   903 I libPowerHal: [PE] system_server update cmd:10000100, param:0
06-03 23:47:16.409   841   903 I libPowerHal: [PE] system_server update cmd:1c3c000, param:0
06-03 23:47:16.411 31785 31785 V PhoneWindow: DecorView setVisiblity: visibility = 4, Parent = android.view.ViewRootImpl@4afeb73, this = DecorView@c70c5c4[NovaLauncher]
06-03 23:47:16.413  1472  1525 D OplusAppBwCore: onUidImportance: 10254, 400
06-03 23:47:16.414  1472  1524 D LocationManagerService: request from uid 10254 is now background
06-03 23:47:16.418  1472  1524 I chatty  : uid=1000(system) android.fg identical 192 lines
06-03 23:47:16.418  1472  1524 D LocationManagerService: request from uid 10254 is now background
06-03 23:47:16.418  1472  1524 D OplusGnssWhiteListProxy: on get OplusGnssWhiteListProxy!
06-03 23:47:16.418  1472  1524 D LocationManagerService: Skip applyRequirementsLocked, provider:  provider manager: gps provider isEnabled(): false isBatterySaverDisabling: false isSettingsExempt(record): false record: UpdateRecord[gps 31785/com.teslacoilsw.launcher (background) Request[ACCURACY_FINE gps interval=0 fastestInterval=0 expireIn=+30s0ms num=1] null]
06-03 23:47:16.418  1472  1524 D OplusGnssWhiteListProxy: on get OplusGnssWhiteListProxy!
06-03 23:47:16.418  1472  1524 D LocationManagerService: Skip applyRequirementsLocked, provider:  provider manager: gps provider isEnabled(): false isBatterySaverDisabling: false isSettingsExempt(record): false record: UpdateRecord[gps 31785/com.teslacoilsw.launcher (background) Request[ACCURACY_FINE gps interval=0 fastestInterval=0 expireIn=+30s0ms num=1] null]
06-03 23:47:16.418  1472  1524 D OplusGnssWhiteListProxy: on get OplusGnssWhiteListProxy!
06-03 23:47:16.418  1472  1524 D LocationManagerService: Skip applyRequirementsLocked, provider:  provider manager: gps provider isEnabled(): false isBatterySaverDisabling: false isSettingsExempt(record): false record: UpdateRecord[gps 31785/com.teslacoilsw.launcher (background) Request[ACCURACY_FINE gps interval=0 fastestInterval=0 expireIn=+30s0ms num=1] null]
06-03 23:47:16.418  1472  1524 D OplusGnssWhiteListProxy: on get OplusGnssWhiteListProxy!
06-03 23:47:16.418  1472  1524 D LocationManagerService: Skip applyRequirementsLocked, provider:  provider manager: gps provider isEnabled(): false isBatterySaverDisabling: false isSettingsExempt(record): false record: UpdateRecord[gps 31785/com.teslacoilsw.launcher (background) Request[ACCURACY_FINE gps interval=0 fastestInterval=0 expireIn=+30s0ms num=1] null]
06-03 23:47:16.418  1472  1524 D OplusGnssWhiteListProxy: on get OplusGnssWhiteListProxy!
06-03 23:47:16.418  1472  1524 D LocationManagerService: Skip applyRequirementsLocked, provider:  provider manager: gps provider isEnabled(): false isBatterySaverDisabling: false isSettingsExempt(record): false record: UpdateRecord[gps 31785/com.teslacoilsw.launcher (background) Request[ACCURACY_FINE gps interval=0 fastestInterval=0 expireIn=+30s0ms num=1] null]
06-03 23:47:16.418  1472  1524 D OplusGnssWhiteListProxy: on get OplusGnssWhiteListProxy!
06-03 23:47:16.418  1472  1524 D LocationManagerService: Skip applyRequirementsLocked, provider:  provider manager: gps provider isEnabled(): false isBatterySaverDisabling: false isSettingsExempt(record): false record: UpdateRecord[gps 31785/com.teslacoilsw.launcher (background) Request[ACCURACY_FINE gps interval=0 fastestInterval=0 expireIn=+30s0ms num=1] null]
06-03 23:47:16.418  1472  1524 D OplusGnssWhiteListProxy: on get OplusGnssWhiteListProxy!
06-03 23:47:16.418  1472  1524 D LocationManagerService: Skip applyRequirementsLocked, provider:  provider manager: gps provider isEnabled(): false isBatterySaverDisabling: false isSettingsExempt(record): false record: UpdateRecord[gps 31785/com.teslacoilsw.launcher (background) Request[ACCURACY_FINE gps interval=0 fastestInterval=0 expireIn=+30s0ms num=1] null]
06-03 23:47:16.418  1472  1524 D OplusGnssWhiteListProxy: on get OplusGnssWhiteListProxy!
06-03 23:47:16.418  1472  1524 D LocationManagerService: Skip applyRequirementsLocked, provider:  provider manager: gps provider isEnabled(): false isBatterySaverDisabling: false isSettingsExempt(record): false record: UpdateRecord[gps 31785/com.teslacoilsw.launcher (background) Request[ACCURACY_FINE gps interval=0 fastestInterval=0 expireIn=+30s0ms num=1] null]
06-03 23:47:16.418  1472  1524 D OplusGnssWhiteListProxy: on get OplusGnssWhiteListProxy!
06-03 23:47:16.419  1472  1524 D LocationManagerService: Skip applyRequirementsLocked, provider:  provider manager: gps provider isEnabled(): false isBatterySaverDisabling: false isSettingsExempt(record): false record: UpdateRecord[gps 31785/com.teslacoilsw.launcher (background) Request[ACCURACY_FINE gps interval=0 fastestInterval=0 expireIn=+30s0ms num=1] null]
06-03 23:47:16.419  1472  1524 D OplusGnssWhiteListProxy: on get OplusGnssWhiteListProxy!
06-03 23:47:16.419  1472  1524 D LocationManagerService: Skip applyRequirementsLocked, provider:  provider manager: gps provider isEnabled(): false isBatterySaverDisabling: false isSettingsExempt(record): false record: UpdateRecord[gps 31785/com.teslacoilsw.launcher (background) Request[ACCURACY_FINE gps interval=0 fastestInterval=0 expireIn=+30s0ms num=1] null]
06-03 23:47:16.419  1472  1524 D OplusGnssWhiteListProxy: on get OplusGnssWhiteListProxy!
06-03 23:47:16.419  1472  1524 D LocationManagerService: Skip applyRequirementsLocked, provider:  provider manager: gps provider isEnabled(): false isBatterySaverDisabling: false isSettingsExempt(record): false record: UpdateRecord[gps 31785/com.teslacoilsw.launcher (background) Request[ACCURACY_FINE gps interval=0 fastestInterval=0 expireIn=+30s0ms num=1] null]
06-03 23:47:16.419  1472  1524 D OplusGnssWhiteListProxy: on get OplusGnssWhiteListProxy!
06-03 23:47:16.419  1472  1524 D LocationManagerService: Skip applyRequirementsLocked, provider:  provider manager: gps provider isEnabled(): false isBatterySaverDisabling: false isSettingsExempt(record): false record: UpdateRecord[gps 31785/com.teslacoilsw.launcher (background) Request[ACCURACY_FINE gps interval=0 fastestInterval=0 expireIn=+30s0ms num=1] null]
06-03 23:47:16.419   814   890 I hwcomposer: [HRT] only_has_blit_dev_job:0, run simpleLayeringRule.
06-03 23:47:16.419  1472  1524 D OplusGnssWhiteListProxy: on get OplusGnssWhiteListProxy!
06-03 23:47:16.420  1472  1524 D LocationManagerService: Skip applyRequirementsLocked, provider:  provider manager: gps provider isEnabled(): false isBatterySaverDisabling: false isSettingsExempt(record): false record: UpdateRecord[gps 31785/com.teslacoilsw.launcher (background) Request[ACCURACY_FINE gps interval=0 fastestInterval=0 expireIn=+30s0ms num=1] null]
06-03 23:47:16.420  1472  1524 D OplusGnssWhiteListProxy: on get OplusGnssWhiteListProxy!
06-03 23:47:16.420  1472  1524 D LocationManagerService: Skip applyRequirementsLocked, provider:  provider manager: gps provider isEnabled(): false isBatterySaverDisabling: false isSettingsExempt(record): false record: UpdateRecord[gps 31785/com.teslacoilsw.launcher (background) Request[ACCURACY_FINE gps interval=0 fastestInterval=0 expireIn=+30s0ms num=1] null]
06-03 23:47:16.420  1472  1524 D OplusGnssWhiteListProxy: on get OplusGnssWhiteListProxy!
06-03 23:47:16.420  1472  1524 D LocationManagerService: Skip applyRequirementsLocked, provider:  provider manager: gps provider isEnabled(): false isBatterySaverDisabling: false isSettingsExempt(record): false record: UpdateRecord[gps 31785/com.teslacoilsw.launcher (background) Request[ACCURACY_FINE gps interval=0 fastestInterval=0 expireIn=+30s0ms num=1] null]
06-03 23:47:16.420  1472  1524 D OplusGnssWhiteListProxy: on get OplusGnssWhiteListProxy!
06-03 23:47:16.420  1472  1524 D LocationManagerService: Skip applyRequirementsLocked, provider:  provider manager: gps provider isEnabled(): false isBatterySaverDisabling: false isSettingsExempt(record): false record: UpdateRecord[gps 31785/com.teslacoilsw.launcher (background) Request[ACCURACY_FINE gps interval=0 fastestInterval=0 expireIn=+30s0ms num=1] null]
06-03 23:47:16.420  1472  1524 D OplusGnssWhiteListProxy: on get OplusGnssWhiteListProxy!
06-03 23:47:16.420  1472  1524 D LocationManagerService: Skip applyRequirementsLocked, provider:  provider manager: gps provider isEnabled(): false isBatterySaverDisabling: false isSettingsExempt(record): false record: UpdateRecord[gps 31785/com.teslacoilsw.launcher (background) Request[ACCURACY_FINE gps interval=0 fastestInterval=0 expireIn=+30s0ms num=1] null]
06-03 23:47:16.420  1472  1524 D OplusGnssWhiteListProxy: on get OplusGnssWhiteListProxy!
06-03 23:47:16.420  1472  1524 D LocationManagerService: Skip applyRequirementsLocked, provider:  provider manager: gps provider isEnabled(): false isBatterySaverDisabling: false isSettingsExempt(record): false record: UpdateRecord[gps 31785/com.teslacoilsw.launcher (background) Request[ACCURACY_FINE gps interval=0 fastestInterval=0 expireIn=+30s0ms num=1] null]
06-03 23:47:16.420  1472  1524 D OplusGnssWhiteListProxy: on get OplusGnssWhiteListProxy!
06-03 23:47:16.420  1472  1524 D LocationManagerService: Skip applyRequirementsLocked, provider:  provider manager: gps provider isEnabled(): false isBatterySaverDisabling: false isSettingsExempt(record): false record: UpdateRecord[gps 31785/com.teslacoilsw.launcher (background) Request[ACCURACY_FINE gps interval=0 fastestInterval=0 expireIn=+30s0ms num=1] null]
06-03 23:47:16.420  1472  1524 D OplusGnssWhiteListProxy: on get OplusGnssWhiteListProxy!
06-03 23:47:16.420  1472  1524 D LocationManagerService: Skip applyRequirementsLocked, provider:  provider manager: gps provider isEnabled(): false isBatterySaverDisabling: false isSettingsExempt(record): false record: UpdateRecord[gps 31785/com.teslacoilsw.launcher (background) Request[ACCURACY_FINE gps interval=0 fastestInterval=0 expireIn=+30s0ms num=1] null]
06-03 23:47:16.420  1472  1524 D OplusGnssWhiteListProxy: on get OplusGnssWhiteListProxy!
06-03 23:47:16.420  1472  1524 D LocationManagerService: Skip applyRequirementsLocked, provider:  provider manager: gps provider isEnabled(): false isBatterySaverDisabling: false isSettingsExempt(record): false record: UpdateRecord[gps 31785/com.teslacoilsw.launcher (background) Request[ACCURACY_FINE gps interval=0 fastestInterval=0 expireIn=+30s0ms num=1] null]
06-03 23:47:16.420  1472  1524 D OplusGnssWhiteListProxy: on get OplusGnssWhiteListProxy!
06-03 23:47:16.421  1472  1524 D LocationManagerService: Skip applyRequirementsLocked, provider:  provider manager: gps provider isEnabled(): false isBatterySaverDisabling: false isSettingsExempt(record): false record: UpdateRecord[gps 31785/com.teslacoilsw.launcher (background) Request[ACCURACY_FINE gps interval=0 fastestInterval=0 expireIn=+30s0ms num=1] null]
06-03 23:47:16.421  1472  1524 D OplusGnssWhiteListProxy: on get OplusGnssWhiteListProxy!
06-03 23:47:16.421  1472  1524 D LocationManagerService: Skip applyRequirementsLocked, provider:  provider manager: gps provider isEnabled(): false isBatterySaverDisabling: false isSettingsExempt(record): false record: UpdateRecord[gps 31785/com.teslacoilsw.launcher (background) Request[ACCURACY_FINE gps interval=0 fastestInterval=0 expireIn=+30s0ms num=1] null]
06-03 23:47:16.421  1472  1524 D OplusGnssWhiteListProxy: on get OplusGnssWhiteListProxy!
06-03 23:47:16.421  1472  1524 D LocationManagerService: Skip applyRequirementsLocked, provider:  provider manager: gps provider isEnabled(): false isBatterySaverDisabling: false isSettingsExempt(record): false record: UpdateRecord[gps 31785/com.teslacoilsw.launcher (background) Request[ACCURACY_FINE gps interval=0 fastestInterval=0 expireIn=+30s0ms num=1] null]
06-03 23:47:16.421  1472  1524 D OplusGnssWhiteListProxy: on get OplusGnssWhiteListProxy!
06-03 23:47:16.421  1472  1524 D LocationManagerService: Skip applyRequirementsLocked, provider:  provider manager: gps provider isEnabled(): false isBatterySaverDisabling: false isSettingsExempt(record): false record: UpdateRecord[gps 31785/com.teslacoilsw.launcher (background) Request[ACCURACY_FINE gps interval=0 fastestInterval=0 expireIn=+30s0ms num=1] null]
06-03 23:47:16.421  1472  1524 D OplusGnssWhiteListProxy: on get OplusGnssWhiteListProxy!
06-03 23:47:16.421  1472  1524 D LocationManagerService: Skip applyRequirementsLocked, provider:  provider manager: gps provider isEnabled(): false isBatterySaverDisabling: false isSettingsExempt(record): false record: UpdateRecord[gps 31785/com.teslacoilsw.launcher (background) Request[ACCURACY_FINE gps interval=0 fastestInterval=0 expireIn=+30s0ms num=1] null]
06-03 23:47:16.421  1472  1524 D OplusGnssWhiteListProxy: on get OplusGnssWhiteListProxy!
06-03 23:47:16.421  1472  1524 D LocationManagerService: Skip applyRequirementsLocked, provider:  provider manager: gps provider isEnabled(): false isBatterySaverDisabling: false isSettingsExempt(record): false record: UpdateRecord[gps 31785/com.teslacoilsw.launcher (background) Request[ACCURACY_FINE gps interval=0 fastestInterval=0 expireIn=+30s0ms num=1] null]
06-03 23:47:16.421  1472  1524 D OplusGnssWhiteListProxy: on get OplusGnssWhiteListProxy!
06-03 23:47:16.421  1472  1524 D LocationManagerService: Skip applyRequirementsLocked, provider:  provider manager: gps provider isEnabled(): false isBatterySaverDisabling: false isSettingsExempt(record): false record: UpdateRecord[gps 31785/com.teslacoilsw.launcher (background) Request[ACCURACY_FINE gps interval=0 fastestInterval=0 expireIn=+30s0ms num=1] null]
06-03 23:47:16.421  1472  1524 D OplusGnssWhiteListProxy: on get OplusGnssWhiteListProxy!
06-03 23:47:16.421  1472  1524 D LocationManagerService: Skip applyRequirementsLocked, provider:  provider manager: gps provider isEnabled(): false isBatterySaverDisabling: false isSettingsExempt(record): false record: UpdateRecord[gps 31785/com.teslacoilsw.launcher (background) Request[ACCURACY_FINE gps interval=0 fastestInterval=0 expireIn=+30s0ms num=1] null]
06-03 23:47:16.421  1472  1524 D OplusGnssWhiteListProxy: on get OplusGnssWhiteListProxy!
06-03 23:47:16.421  1472  1524 D LocationManagerService: Skip applyRequirementsLocked, provider:  provider manager: gps provider isEnabled(): false isBatterySaverDisabling: false isSettingsExempt(record): false record: UpdateRecord[gps 31785/com.teslacoilsw.launcher (background) Request[ACCURACY_FINE gps interval=0 fastestInterval=0 expireIn=+30s0ms num=1] null]
06-03 23:47:16.421  1472  1524 D OplusGnssWhiteListProxy: on get OplusGnssWhiteListProxy!
06-03 23:47:16.421  1472  1524 D LocationManagerService: Skip applyRequirementsLocked, provider:  provider manager: gps provider isEnabled(): false isBatterySaverDisabling: false isSettingsExempt(record): false record: UpdateRecord[gps 31785/com.teslacoilsw.launcher (background) Request[ACCURACY_FINE gps interval=0 fastestInterval=0 expireIn=+30s0ms num=1] null]
06-03 23:47:16.421  1472  1524 D OplusGnssWhiteListProxy: on get OplusGnssWhiteListProxy!
06-03 23:47:16.421  1472  1524 D LocationManagerService: Skip applyRequirementsLocked, provider:  provider manager: gps provider isEnabled(): false isBatterySaverDisabling: false isSettingsExempt(record): false record: UpdateRecord[gps 31785/com.teslacoilsw.launcher (background) Request[ACCURACY_FINE gps interval=0 fastestInterval=0 expireIn=+30s0ms num=1] null]
06-03 23:47:16.421  1472  1524 D OplusGnssWhiteListProxy: on get OplusGnssWhiteListProxy!
06-03 23:47:16.421  1472  1524 D LocationManagerService: Skip applyRequirementsLocked, provider:  provider manager: gps provider isEnabled(): false isBatterySaverDisabling: false isSettingsExempt(record): false record: UpdateRecord[gps 31785/com.teslacoilsw.launcher (background) Request[ACCURACY_FINE gps interval=0 fastestInterval=0 expireIn=+30s0ms num=1] null]
06-03 23:47:16.421  1472  1524 D OplusGnssWhiteListProxy: on get OplusGnssWhiteListProxy!
06-03 23:47:16.421  1472  1524 D LocationManagerService: Skip applyRequirementsLocked, provider:  provider manager: gps provider isEnabled(): false isBatterySaverDisabling: false isSettingsExempt(record): false record: UpdateRecord[gps 31785/com.teslacoilsw.launcher (background) Request[ACCURACY_FINE gps interval=0 fastestInterval=0 expireIn=+30s0ms num=1] null]
06-03 23:47:16.421  1472  1524 D OplusGnssWhiteListProxy: on get OplusGnssWhiteListProxy!
06-03 23:47:16.422  1472  1524 D LocationManagerService: Skip applyRequirementsLocked, provider:  provider manager: gps provider isEnabled(): false isBatterySaverDisabling: false isSettingsExempt(record): false record: UpdateRecord[gps 31785/com.teslacoilsw.launcher (background) Request[ACCURACY_FINE gps interval=0 fastestInterval=0 expireIn=+30s0ms num=1] null]
06-03 23:47:16.422  1472  1524 D OplusGnssWhiteListProxy: on get OplusGnssWhiteListProxy!
06-03 23:47:16.422  1472  1524 D LocationManagerService: Skip applyRequirementsLocked, provider:  provider manager: gps provider isEnabled(): false isBatterySaverDisabling: false isSettingsExempt(record): false record: UpdateRecord[gps 31785/com.teslacoilsw.launcher (background) Request[ACCURACY_FINE gps interval=0 fastestInterval=0 expireIn=+30s0ms num=1] null]
06-03 23:47:16.422  1472  1524 D OplusGnssWhiteListProxy: on get OplusGnssWhiteListProxy!
06-03 23:47:16.422  1472  1524 D LocationManagerService: Skip applyRequirementsLocked, provider:  provider manager: gps provider isEnabled(): false isBatterySaverDisabling: false isSettingsExempt(record): false record: UpdateRecord[gps 31785/com.teslacoilsw.launcher (background) Request[ACCURACY_FINE gps interval=0 fastestInterval=0 expireIn=+30s0ms num=1] null]
06-03 23:47:16.422  1472  1524 D OplusGnssWhiteListProxy: on get OplusGnssWhiteListProxy!
06-03 23:47:16.422  1472  1524 D LocationManagerService: Skip applyRequirementsLocked, provider:  provider manager: gps provider isEnabled(): false isBatterySaverDisabling: false isSettingsExempt(record): false record: UpdateRecord[gps 31785/com.teslacoilsw.launcher (background) Request[ACCURACY_FINE gps interval=0 fastestInterval=0 expireIn=+30s0ms num=1] null]
06-03 23:47:16.422  1472  1524 D OplusGnssWhiteListProxy: on get OplusGnssWhiteListProxy!
06-03 23:47:16.422  1472  1524 D LocationManagerService: Skip applyRequirementsLocked, provider:  provider manager: gps provider isEnabled(): false isBatterySaverDisabling: false isSettingsExempt(record): false record: UpdateRecord[gps 31785/com.teslacoilsw.launcher (background) Request[ACCURACY_FINE gps interval=0 fastestInterval=0 expireIn=+30s0ms num=1] null]
06-03 23:47:16.422  1472  1524 D OplusGnssWhiteListProxy: on get OplusGnssWhiteListProxy!
06-03 23:47:16.422  1472  1524 D LocationManagerService: Skip applyRequirementsLocked, provider:  provider manager: gps provider isEnabled(): false isBatterySaverDisabling: false isSettingsExempt(record): false record: UpdateRecord[gps 31785/com.teslacoilsw.launcher (background) Request[ACCURACY_FINE gps interval=0 fastestInterval=0 expireIn=+30s0ms num=1] null]
06-03 23:47:16.422  1472  1524 D OplusGnssWhiteListProxy: on get OplusGnssWhiteListProxy!
06-03 23:47:16.422  1472  1524 D LocationManagerService: Skip applyRequirementsLocked, provider:  provider manager: gps provider isEnabled(): false isBatterySaverDisabling: false isSettingsExempt(record): false record: UpdateRecord[gps 31785/com.teslacoilsw.launcher (background) Request[ACCURACY_FINE gps interval=0 fastestInterval=0 expireIn=+30s0ms num=1] null]
06-03 23:47:16.422  1472  1524 D OplusGnssWhiteListProxy: on get OplusGnssWhiteListProxy!
06-03 23:47:16.422  1472  1524 D LocationManagerService: Skip applyRequirementsLocked, provider:  provider manager: gps provider isEnabled(): false isBatterySaverDisabling: false isSettingsExempt(record): false record: UpdateRecord[gps 31785/com.teslacoilsw.launcher (background) Request[ACCURACY_FINE gps interval=0 fastestInterval=0 expireIn=+30s0ms num=1] null]
06-03 23:47:16.422  1472  1524 D OplusGnssWhiteListProxy: on get OplusGnssWhiteListProxy!
06-03 23:47:16.422  1472  1524 D LocationManagerService: Skip applyRequirementsLocked, provider:  provider manager: gps provider isEnabled(): false isBatterySaverDisabling: false isSettingsExempt(record): false record: UpdateRecord[gps 31785/com.teslacoilsw.launcher (background) Request[ACCURACY_FINE gps interval=0 fastestInterval=0 expireIn=+30s0ms num=1] null]
06-03 23:47:16.422  1472  1524 D OplusGnssWhiteListProxy: on get OplusGnssWhiteListProxy!
06-03 23:47:16.422  1472  1524 D LocationManagerService: Skip applyRequirementsLocked, provider:  provider manager: gps provider isEnabled(): false isBatterySaverDisabling: false isSettingsExempt(record): false record: UpdateRecord[gps 31785/com.teslacoilsw.launcher (background) Request[ACCURACY_FINE gps interval=0 fastestInterval=0 expireIn=+30s0ms num=1] null]
06-03 23:47:16.422  1472  1524 D OplusGnssWhiteListProxy: on get OplusGnssWhiteListProxy!
06-03 23:47:16.422  1472  1524 D LocationManagerService: Skip applyRequirementsLocked, provider:  provider manager: gps provider isEnabled(): false isBatterySaverDisabling: false isSettingsExempt(record): false record: UpdateRecord[gps 31785/com.teslacoilsw.launcher (background) Request[ACCURACY_FINE gps interval=0 fastestInterval=0 expireIn=+30s0ms num=1] null]
06-03 23:47:16.423  1472  1524 D OplusGnssWhiteListProxy: on get OplusGnssWhiteListProxy!
06-03 23:47:16.423  1472  1524 D LocationManagerService: Skip applyRequirementsLocked, provider:  provider manager: gps provider isEnabled(): false isBatterySaverDisabling: false isSettingsExempt(record): false record: UpdateRecord[gps 31785/com.teslacoilsw.launcher (background) Request[ACCURACY_FINE gps interval=0 fastestInterval=0 expireIn=+30s0ms num=1] null]
06-03 23:47:16.423  1472  1524 D OplusGnssWhiteListProxy: on get OplusGnssWhiteListProxy!
06-03 23:47:16.423  1472  1524 D LocationManagerService: Skip applyRequirementsLocked, provider:  provider manager: gps provider isEnabled(): false isBatterySaverDisabling: false isSettingsExempt(record): false record: UpdateRecord[gps 31785/com.teslacoilsw.launcher (background) Request[ACCURACY_FINE gps interval=0 fastestInterval=0 expireIn=+30s0ms num=1] null]
06-03 23:47:16.423  1472  1524 D OplusGnssWhiteListProxy: on get OplusGnssWhiteListProxy!
06-03 23:47:16.423  1472  1524 D LocationManagerService: Skip applyRequirementsLocked, provider:  provider manager: gps provider isEnabled(): false isBatterySaverDisabling: false isSettingsExempt(record): false record: UpdateRecord[gps 31785/com.teslacoilsw.launcher (background) Request[ACCURACY_FINE gps interval=0 fastestInterval=0 expireIn=+30s0ms num=1] null]
