06-03 23:47:17.072  1472  1524 D LocationManagerService: Skip applyRequirementsLocked, provider:  provider manager: gps provider isEnabled(): false isBatterySaverDisabling: false isSettingsExempt(record): false record: UpdateRecord[gps 31785/com.teslacoilsw.launcher Request[ACCURACY_FINE gps interval=0 fastestInterval=0 expireIn=+30s0ms num=1] null]
06-03 23:47:17.072  1472  1524 D OplusGnssWhiteListProxy: on get OplusGnssWhiteListProxy!
06-03 23:47:17.072  1472  1524 D LocationManagerService: Skip applyRequirementsLocked, provider:  provider manager: gps provider isEnabled(): false isBatterySaverDisabling: false isSettingsExempt(record): false record: UpdateRecord[gps 31785/com.teslacoilsw.launcher Request[ACCURACY_FINE gps interval=0 fastestInterval=0 expireIn=+30s0ms num=1] null]
06-03 23:47:17.072  1472  1524 D OplusGnssWhiteListProxy: on get OplusGnssWhiteListProxy!
06-03 23:47:17.072  1472  1524 D LocationManagerService: Skip applyRequirementsLocked, provider:  provider manager: gps provider isEnabled(): false isBatterySaverDisabling: false isSettingsExempt(record): false record: UpdateRecord[gps 31785/com.teslacoilsw.launcher Request[ACCURACY_FINE gps interval=0 fastestInterval=0 expireIn=+30s0ms num=1] null]
06-03 23:47:17.072  1472  1524 D OplusGnssWhiteListProxy: on get OplusGnssWhiteListProxy!
06-03 23:47:17.072  1472  1524 D LocationManagerService: Skip applyRequirementsLocked, provider:  provider manager: gps provider isEnabled(): false isBatterySaverDisabling: false isSettingsExempt(record): false record: UpdateRecord[gps 31785/com.teslacoilsw.launcher Request[ACCURACY_FINE gps interval=0 fastestInterval=0 expireIn=+30s0ms num=1] null]
06-03 23:47:17.072  1472  1524 D OplusGnssWhiteListProxy: on get OplusGnssWhiteListProxy!
06-03 23:47:17.072  1472  1524 D LocationManagerService: Skip applyRequirementsLocked, provider:  provider manager: gps provider isEnabled(): false isBatterySaverDisabling: false isSettingsExempt(record): false record: UpdateRecord[gps 31785/com.teslacoilsw.launcher Request[ACCURACY_FINE gps interval=0 fastestInterval=0 expireIn=+30s0ms num=1] null]
06-03 23:47:17.072  1472  1524 D OplusGnssWhiteListProxy: on get OplusGnssWhiteListProxy!
06-03 23:47:17.072  1472  1524 D LocationManagerService: Skip applyRequirementsLocked, provider:  provider manager: gps provider isEnabled(): false isBatterySaverDisabling: false isSettingsExempt(record): false record: UpdateRecord[gps 31785/com.teslacoilsw.launcher Request[ACCURACY_FINE gps interval=0 fastestInterval=0 expireIn=+30s0ms num=1] null]
06-03 23:47:17.072  1472  1524 D OplusGnssWhiteListProxy: on get OplusGnssWhiteListProxy!
06-03 23:47:17.073  1472  1524 D LocationManagerService: Skip applyRequirementsLocked, provider:  provider manager: gps provider isEnabled(): false isBatterySaverDisabling: false isSettingsExempt(record): false record: UpdateRecord[gps 31785/com.teslacoilsw.launcher Request[ACCURACY_FINE gps interval=0 fastestInterval=0 expireIn=+30s0ms num=1] null]
06-03 23:47:17.073  1472  1524 D OplusGnssWhiteListProxy: on get OplusGnssWhiteListProxy!
06-03 23:47:17.073  1472  1524 D LocationManagerService: Skip applyRequirementsLocked, provider:  provider manager: gps provider isEnabled(): false isBatterySaverDisabling: false isSettingsExempt(record): false record: UpdateRecord[gps 31785/com.teslacoilsw.launcher Request[ACCURACY_FINE gps interval=0 fastestInterval=0 expireIn=+30s0ms num=1] null]
06-03 23:47:17.073  1472  1524 D OplusGnssWhiteListProxy: on get OplusGnssWhiteListProxy!
06-03 23:47:17.073  1472  1524 D LocationManagerService: Skip applyRequirementsLocked, provider:  provider manager: gps provider isEnabled(): false isBatterySaverDisabling: false isSettingsExempt(record): false record: UpdateRecord[gps 31785/com.teslacoilsw.launcher Request[ACCURACY_FINE gps interval=0 fastestInterval=0 expireIn=+30s0ms num=1] null]
06-03 23:47:17.073  1472  1524 D OplusGnssWhiteListProxy: on get OplusGnssWhiteListProxy!
06-03 23:47:17.073  1472  1524 D LocationManagerService: Skip applyRequirementsLocked, provider:  provider manager: gps provider isEnabled(): false isBatterySaverDisabling: false isSettingsExempt(record): false record: UpdateRecord[gps 31785/com.teslacoilsw.launcher Request[ACCURACY_FINE gps interval=0 fastestInterval=0 expireIn=+30s0ms num=1] null]
06-03 23:47:17.073  1472  1524 D OplusGnssWhiteListProxy: on get OplusGnssWhiteListProxy!
06-03 23:47:17.073  1472  1524 D LocationManagerService: Skip applyRequirementsLocked, provider:  provider manager: gps provider isEnabled(): false isBatterySaverDisabling: false isSettingsExempt(record): false record: UpdateRecord[gps 31785/com.teslacoilsw.launcher Request[ACCURACY_FINE gps interval=0 fastestInterval=0 expireIn=+30s0ms num=1] null]
06-03 23:47:17.073  1472  1524 D OplusGnssWhiteListProxy: on get OplusGnssWhiteListProxy!
06-03 23:47:17.073  1472  1524 D LocationManagerService: Skip applyRequirementsLocked, provider:  provider manager: gps provider isEnabled(): false isBatterySaverDisabling: false isSettingsExempt(record): false record: UpdateRecord[gps 31785/com.teslacoilsw.launcher Request[ACCURACY_FINE gps interval=0 fastestInterval=0 expireIn=+30s0ms num=1] null]
06-03 23:47:17.073  1472  1524 D OplusGnssWhiteListProxy: on get OplusGnssWhiteListProxy!
06-03 23:47:17.073  1472  1524 D LocationManagerService: Skip applyRequirementsLocked, provider:  provider manager: gps provider isEnabled(): false isBatterySaverDisabling: false isSettingsExempt(record): false record: UpdateRecord[gps 31785/com.teslacoilsw.launcher Request[ACCURACY_FINE gps interval=0 fastestInterval=0 expireIn=+30s0ms num=1] null]
06-03 23:47:17.073  1472  1524 D OplusGnssWhiteListProxy: on get OplusGnssWhiteListProxy!
06-03 23:47:17.073  1472  1524 D LocationManagerService: Skip applyRequirementsLocked, provider:  provider manager: gps provider isEnabled(): false isBatterySaverDisabling: false isSettingsExempt(record): false record: UpdateRecord[gps 31785/com.teslacoilsw.launcher Request[ACCURACY_FINE gps interval=0 fastestInterval=0 expireIn=+30s0ms num=1] null]
06-03 23:47:17.073  1472  1524 D OplusGnssWhiteListProxy: on get OplusGnssWhiteListProxy!
06-03 23:47:17.073  1472  1524 D LocationManagerService: Skip applyRequirementsLocked, provider:  provider manager: gps provider isEnabled(): false isBatterySaverDisabling: false isSettingsExempt(record): false record: UpdateRecord[gps 31785/com.teslacoilsw.launcher Request[ACCURACY_FINE gps interval=0 fastestInterval=0 expireIn=+30s0ms num=1] null]
06-03 23:47:17.073  1472  6047 V SensorManager: setScreenShotDisableImpl
06-03 23:47:17.073  1472  6047 D SensorService: debug_oplusGeminiProximity setScreenShotDisable in SensorService
06-03 23:47:17.073  1472  1524 D OplusGnssWhiteListProxy: on get OplusGnssWhiteListProxy!
06-03 23:47:17.073  1472  1524 D LocationManagerService: Skip applyRequirementsLocked, provider:  provider manager: gps provider isEnabled(): false isBatterySaverDisabling: false isSettingsExempt(record): false record: UpdateRecord[gps 31785/com.teslacoilsw.launcher Request[ACCURACY_FINE gps interval=0 fastestInterval=0 expireIn=+30s0ms num=1] null]
06-03 23:47:17.073  1472  1524 D OplusGnssWhiteListProxy: on get OplusGnssWhiteListProxy!
06-03 23:47:17.073  1472  1524 D LocationManagerService: Skip applyRequirementsLocked, provider:  provider manager: gps provider isEnabled(): false isBatterySaverDisabling: false isSettingsExempt(record): false record: UpdateRecord[gps 31785/com.teslacoilsw.launcher Request[ACCURACY_FINE gps interval=0 fastestInterval=0 expireIn=+30s0ms num=1] null]
06-03 23:47:17.073  1472  1524 D OplusGnssWhiteListProxy: on get OplusGnssWhiteListProxy!
06-03 23:47:17.073  1472  6047 I ColorHansManager : ColorHansManager : resume pkg: com.teslacoilsw.launcher, uid:10254, prev pkg: com.example.dogglers, prev uid: 10242
06-03 23:47:17.073  1472  1524 D LocationManagerService: Skip applyRequirementsLocked, provider:  provider manager: gps provider isEnabled(): false isBatterySaverDisabling: false isSettingsExempt(record): false record: UpdateRecord[gps 31785/com.teslacoilsw.launcher Request[ACCURACY_FINE gps interval=0 fastestInterval=0 expireIn=+30s0ms num=1] null]
06-03 23:47:17.073  1472  1524 D OplusGnssWhiteListProxy: on get OplusGnssWhiteListProxy!
06-03 23:47:17.073  1472  1524 D LocationManagerService: Skip applyRequirementsLocked, provider:  provider manager: gps provider isEnabled(): false isBatterySaverDisabling: false isSettingsExempt(record): false record: UpdateRecord[gps 31785/com.teslacoilsw.launcher Request[ACCURACY_FINE gps interval=0 fastestInterval=0 expireIn=+30s0ms num=1] null]
06-03 23:47:17.073  1472  1524 D OplusGnssWhiteListProxy: on get OplusGnssWhiteListProxy!
06-03 23:47:17.073  1472  1524 D LocationManagerService: Skip applyRequirementsLocked, provider:  provider manager: gps provider isEnabled(): false isBatterySaverDisabling: false isSettingsExempt(record): false record: UpdateRecord[gps 31785/com.teslacoilsw.launcher Request[ACCURACY_FINE gps interval=0 fastestInterval=0 expireIn=+30s0ms num=1] null]
06-03 23:47:17.073  1472  1524 D OplusGnssWhiteListProxy: on get OplusGnssWhiteListProxy!
06-03 23:47:17.073  1472  1524 D LocationManagerService: Skip applyRequirementsLocked, provider:  provider manager: gps provider isEnabled(): false isBatterySaverDisabling: false isSettingsExempt(record): false record: UpdateRecord[gps 31785/com.teslacoilsw.launcher Request[ACCURACY_FINE gps interval=0 fastestInterval=0 expireIn=+30s0ms num=1] null]
06-03 23:47:17.073  1472  1524 D OplusGnssWhiteListProxy: on get OplusGnssWhiteListProxy!
06-03 23:47:17.073  1472  3042 I mtkpower_client: perf_lock_rel, hdl:66306, tid:3042
06-03 23:47:17.074  1472  1524 D LocationManagerService: Skip applyRequirementsLocked, provider:  provider manager: gps provider isEnabled(): false isBatterySaverDisabling: false isSettingsExempt(record): false record: UpdateRecord[gps 31785/com.teslacoilsw.launcher Request[ACCURACY_FINE gps interval=0 fastestInterval=0 expireIn=+30s0ms num=1] null]
06-03 23:47:17.074  1472  1524 D OplusGnssWhiteListProxy: on get OplusGnssWhiteListProxy!
06-03 23:47:17.074  1472  1524 D LocationManagerService: Skip applyRequirementsLocked, provider:  provider manager: gps provider isEnabled(): false isBatterySaverDisabling: false isSettingsExempt(record): false record: UpdateRecord[gps 31785/com.teslacoilsw.launcher Request[ACCURACY_FINE gps interval=0 fastestInterval=0 expireIn=+30s0ms num=1] null]
06-03 23:47:17.074  1472  1524 D OplusGnssWhiteListProxy: on get OplusGnssWhiteListProxy!
06-03 23:47:17.074  1472  1524 D LocationManagerService: Skip applyRequirementsLocked, provider:  provider manager: gps provider isEnabled(): false isBatterySaverDisabling: false isSettingsExempt(record): false record: UpdateRecord[gps 31785/com.teslacoilsw.launcher Request[ACCURACY_FINE gps interval=0 fastestInterval=0 expireIn=+30s0ms num=1] null]
06-03 23:47:17.074  1472  1524 D OplusGnssWhiteListProxy: on get OplusGnssWhiteListProxy!
06-03 23:47:17.074  1472  3042 I mtkpower_client: perf_lock_acq, hdl:66306, dur:0, num:12, tid:3042
06-03 23:47:17.074  1472  1524 D LocationManagerService: Skip applyRequirementsLocked, provider:  provider manager: gps provider isEnabled(): false isBatterySaverDisabling: false isSettingsExempt(record): false record: UpdateRecord[gps 31785/com.teslacoilsw.launcher Request[ACCURACY_FINE gps interval=0 fastestInterval=0 expireIn=+30s0ms num=1] null]
06-03 23:47:17.074  1472  3821 I ColorHansManager : enter fastfreezer
06-03 23:47:17.074   841   903 I libPowerHal: [perfLockRel] hdl:66306, idx:0
06-03 23:47:17.074   841   903 I libPowerHal: [PD] scn:0 hdl:66306 lock_user:system_server pid:1472 tid:3042 dur:0
06-03 23:47:17.074  1472  1524 D OplusGnssWhiteListProxy: on get OplusGnssWhiteListProxy!
06-03 23:47:17.074  1472  1524 D LocationManagerService: Skip applyRequirementsLocked, provider:  provider manager: gps provider isEnabled(): false isBatterySaverDisabling: false isSettingsExempt(record): false record: UpdateRecord[gps 31785/com.teslacoilsw.launcher Request[ACCURACY_FINE gps interval=0 fastestInterval=0 expireIn=+30s0ms num=1] null]
06-03 23:47:17.074  1472  1524 D OplusGnssWhiteListProxy: on get OplusGnssWhiteListProxy!
06-03 23:47:17.074  1472  1524 D LocationManagerService: Skip applyRequirementsLocked, provider:  provider manager: gps provider isEnabled(): false isBatterySaverDisabling: false isSettingsExempt(record): false record: UpdateRecord[gps 31785/com.teslacoilsw.launcher Request[ACCURACY_FINE gps interval=0 fastestInterval=0 expireIn=+30s0ms num=1] null]
06-03 23:47:17.074   841   903 I libPowerHal: system_server: cpu_ctrl set cpu freq: -1 -1 -1 -1
06-03 23:47:17.074  1472  1524 D OplusGnssWhiteListProxy: on get OplusGnssWhiteListProxy!
06-03 23:47:17.074   841   903 I libPowerHal: [PD] system_server update cmd:1410000 param:0
06-03 23:47:17.074  1472  1524 D LocationManagerService: Skip applyRequirementsLocked, provider:  provider manager: gps provider isEnabled(): false isBatterySaverDisabling: false isSettingsExempt(record): false record: UpdateRecord[gps 31785/com.teslacoilsw.launcher Request[ACCURACY_FINE gps interval=0 fastestInterval=0 expireIn=+30s0ms num=1] null]
06-03 23:47:17.074  1472  1524 D OplusGnssWhiteListProxy: on get OplusGnssWhiteListProxy!
06-03 23:47:17.074   841   903 I libPowerHal: [PD] system_server update cmd:10000100 param:0
06-03 23:47:17.074  1472  1524 D LocationManagerService: Skip applyRequirementsLocked, provider:  provider manager: gps provider isEnabled(): false isBatterySaverDisabling: false isSettingsExempt(record): false record: UpdateRecord[gps 31785/com.teslacoilsw.launcher Request[ACCURACY_FINE gps interval=0 fastestInterval=0 expireIn=+30s0ms num=1] null]
06-03 23:47:17.074   841   903 I libPowerHal: [PD] system_server update cmd:1c3c000, param:1
06-03 23:47:17.074  1472  1524 D OplusGnssWhiteListProxy: on get OplusGnssWhiteListProxy!
06-03 23:47:17.074  1472  1524 D LocationManagerService: Skip applyRequirementsLocked, provider:  provider manager: gps provider isEnabled(): false isBatterySaverDisabling: false isSettingsExempt(record): false record: UpdateRecord[gps 31785/com.teslacoilsw.launcher Request[ACCURACY_FINE gps interval=0 fastestInterval=0 expireIn=+30s0ms num=1] null]
06-03 23:47:17.074  1472  1524 D OplusGnssWhiteListProxy: on get OplusGnssWhiteListProxy!
06-03 23:47:17.074  1472  1524 D LocationManagerService: Skip applyRequirementsLocked, provider:  provider manager: gps provider isEnabled(): false isBatterySaverDisabling: false isSettingsExempt(record): false record: UpdateRecord[gps 31785/com.teslacoilsw.launcher Request[ACCURACY_FINE gps interval=0 fastestInterval=0 expireIn=+30s0ms num=1] null]
06-03 23:47:17.074  1472  1524 D OplusGnssWhiteListProxy: on get OplusGnssWhiteListProxy!
06-03 23:47:17.074  1472  1524 D LocationManagerService: Skip applyRequirementsLocked, provider:  provider manager: gps provider isEnabled(): false isBatterySaverDisabling: false isSettingsExempt(record): false record: UpdateRecord[gps 31785/com.teslacoilsw.launcher Request[ACCURACY_FINE gps interval=0 fastestInterval=0 expireIn=+30s0ms num=1] null]
06-03 23:47:17.074  1472  1524 D OplusGnssWhiteListProxy: on get OplusGnssWhiteListProxy!
06-03 23:47:17.074  1472  1524 D LocationManagerService: Skip applyRequirementsLocked, provider:  provider manager: gps provider isEnabled(): false isBatterySaverDisabling: false isSettingsExempt(record): false record: UpdateRecord[gps 31785/com.teslacoilsw.launcher Request[ACCURACY_FINE gps interval=0 fastestInterval=0 expireIn=+30s0ms num=1] null]
06-03 23:47:17.074  1472  1524 D OplusGnssWhiteListProxy: on get OplusGnssWhiteListProxy!
06-03 23:47:17.074  1472  1524 D LocationManagerService: Skip applyRequirementsLocked, provider:  provider manager: gps provider isEnabled(): false isBatterySaverDisabling: false isSettingsExempt(record): false record: UpdateRecord[gps 31785/com.teslacoilsw.launcher Request[ACCURACY_FINE gps interval=0 fastestInterval=0 expireIn=+30s0ms num=1] null]
06-03 23:47:17.074  1472  1524 D OplusGnssWhiteListProxy: on get OplusGnssWhiteListProxy!
06-03 23:47:17.074  1472  1524 D LocationManagerService: Skip applyRequirementsLocked, provider:  provider manager: gps provider isEnabled(): false isBatterySaverDisabling: false isSettingsExempt(record): false record: UpdateRecord[gps 31785/com.teslacoilsw.launcher Request[ACCURACY_FINE gps interval=0 fastestInterval=0 expireIn=+30s0ms num=1] null]
06-03 23:47:17.074  1472  1524 D OplusGnssWhiteListProxy: on get OplusGnssWhiteListProxy!
06-03 23:47:17.074  1472  1524 D LocationManagerService: Skip applyRequirementsLocked, provider:  provider manager: gps provider isEnabled(): false isBatterySaverDisabling: false isSettingsExempt(record): false record: UpdateRecord[gps 31785/com.teslacoilsw.launcher Request[ACCURACY_FINE gps interval=0 fastestInterval=0 expireIn=+30s0ms num=1] null]
06-03 23:47:17.074  1472  1524 D OplusGnssWhiteListProxy: on get OplusGnssWhiteListProxy!
06-03 23:47:17.074  1472  1524 D LocationManagerService: Skip applyRequirementsLocked, provider:  provider manager: gps provider isEnabled(): false isBatterySaverDisabling: false isSettingsExempt(record): false record: UpdateRecord[gps 31785/com.teslacoilsw.launcher Request[ACCURACY_FINE gps interval=0 fastestInterval=0 expireIn=+30s0ms num=1] null]
06-03 23:47:17.074  1472  1524 D OplusGnssWhiteListProxy: on get OplusGnssWhiteListProxy!
06-03 23:47:17.074  1472  1524 D LocationManagerService: Skip applyRequirementsLocked, provider:  provider manager: gps provider isEnabled(): false isBatterySaverDisabling: false isSettingsExempt(record): false record: UpdateRecord[gps 31785/com.teslacoilsw.launcher Request[ACCURACY_FINE gps interval=0 fastestInterval=0 expireIn=+30s0ms num=1] null]
06-03 23:47:17.074  1472  1524 D OplusGnssWhiteListProxy: on get OplusGnssWhiteListProxy!
06-03 23:47:17.074  1472  1524 D LocationManagerService: Skip applyRequirementsLocked, provider:  provider manager: gps provider isEnabled(): false isBatterySaverDisabling: false isSettingsExempt(record): false record: UpdateRecord[gps 31785/com.teslacoilsw.launcher Request[ACCURACY_FINE gps interval=0 fastestInterval=0 expireIn=+30s0ms num=1] null]
06-03 23:47:17.074  1472  1524 D OplusGnssWhiteListProxy: on get OplusGnssWhiteListProxy!
06-03 23:47:17.074  1472  3042 I mtkpower_client: ret_hdl:66307
06-03 23:47:17.074  1472  1524 D LocationManagerService: Skip applyRequirementsLocked, provider:  provider manager: gps provider isEnabled(): false isBatterySaverDisabling: false isSettingsExempt(record): false record: UpdateRecord[gps 31785/com.teslacoilsw.launcher Request[ACCURACY_FINE gps interval=0 fastestInterval=0 expireIn=+30s0ms num=1] null]
06-03 23:47:17.074  1472  1524 D OplusGnssWhiteListProxy: on get OplusGnssWhiteListProxy!
06-03 23:47:17.075  1472  1524 D LocationManagerService: Skip applyRequirementsLocked, provider:  provider manager: gps provider isEnabled(): false isBatterySaverDisabling: false isSettingsExempt(record): false record: UpdateRecord[gps 31785/com.teslacoilsw.launcher Request[ACCURACY_FINE gps interval=0 fastestInterval=0 expireIn=+30s0ms num=1] null]
06-03 23:47:17.075  1472  1524 D OplusGnssWhiteListProxy: on get OplusGnssWhiteListProxy!
06-03 23:47:17.075   841   903 I libPowerHal: [perfLockAcq] idx:0 hdl:66307 hint:-1 pid:1472 duration:0 => ret_hdl:66307
06-03 23:47:17.075   841   903 I libPowerHal: [PE] scn:0 hdl:66307 lock_user:system_server pid:1472 tid:3042 dur:0
06-03 23:47:17.075  1472  1524 D LocationManagerService: Skip applyRequirementsLocked, provider:  provider manager: gps provider isEnabled(): false isBatterySaverDisabling: false isSettingsExempt(record): false record: UpdateRecord[gps 31785/com.teslacoilsw.launcher Request[ACCURACY_FINE gps interval=0 fastestInterval=0 expireIn=+30s0ms num=1] null]
06-03 23:47:17.075  1472  1524 D OplusGnssWhiteListProxy: on get OplusGnssWhiteListProxy!
06-03 23:47:17.075  1472  1524 D LocationManagerService: Skip applyRequirementsLocked, provider:  provider manager: gps provider isEnabled(): false isBatterySaverDisabling: false isSettingsExempt(record): false record: UpdateRecord[gps 31785/com.teslacoilsw.launcher Request[ACCURACY_FINE gps interval=0 fastestInterval=0 expireIn=+30s0ms num=1] null]
06-03 23:47:17.075  1472  1524 D OplusGnssWhiteListProxy: on get OplusGnssWhiteListProxy!
06-03 23:47:17.075  1472  1524 D LocationManagerService: Skip applyRequirementsLocked, provider:  provider manager: gps provider isEnabled(): false isBatterySaverDisabling: false isSettingsExempt(record): false record: UpdateRecord[gps 31785/com.teslacoilsw.launcher Request[ACCURACY_FINE gps interval=0 fastestInterval=0 expireIn=+30s0ms num=1] null]
06-03 23:47:17.075  1472  1524 D OplusGnssWhiteListProxy: on get OplusGnssWhiteListProxy!
06-03 23:47:17.075  1472  1524 D LocationManagerService: Skip applyRequirementsLocked, provider:  provider manager: gps provider isEnabled(): false isBatterySaverDisabling: false isSettingsExempt(record): false record: UpdateRecord[gps 31785/com.teslacoilsw.launcher Request[ACCURACY_FINE gps interval=0 fastestInterval=0 expireIn=+30s0ms num=1] null]
06-03 23:47:17.075  1472  1524 D OplusGnssWhiteListProxy: on get OplusGnssWhiteListProxy!
06-03 23:47:17.075  1472  1524 D LocationManagerService: Skip applyRequirementsLocked, provider:  provider manager: gps provider isEnabled(): false isBatterySaverDisabling: false isSettingsExempt(record): false record: UpdateRecord[gps 31785/com.teslacoilsw.launcher Request[ACCURACY_FINE gps interval=0 fastestInterval=0 expireIn=+30s0ms num=1] null]
06-03 23:47:17.075  1472  1524 D OplusGnssWhiteListProxy: on get OplusGnssWhiteListProxy!
06-03 23:47:17.075  1472  1524 D LocationManagerService: Skip applyRequirementsLocked, provider:  provider manager: gps provider isEnabled(): false isBatterySaverDisabling: false isSettingsExempt(record): false record: UpdateRecord[gps 31785/com.teslacoilsw.launcher Request[ACCURACY_FINE gps interval=0 fastestInterval=0 expireIn=+30s0ms num=1] null]
06-03 23:47:17.075  1472  1524 D OplusGnssWhiteListProxy: on get OplusGnssWhiteListProxy!
06-03 23:47:17.075   841   903 I libPowerHal: system_server: cpu_ctrl set cpu freq: 2000000 -1 2203000 -1
06-03 23:47:17.075   841   903 I libPowerHal: [PE] system_server update cmd:1410000, param:1
06-03 23:47:17.075  1472  1524 D LocationManagerService: Skip applyRequirementsLocked, provider:  provider manager: gps provider isEnabled(): false isBatterySaverDisabling: false isSettingsExempt(record): false record: UpdateRecord[gps 31785/com.teslacoilsw.launcher Request[ACCURACY_FINE gps interval=0 fastestInterval=0 expireIn=+30s0ms num=1] null]
06-03 23:47:17.075  1472  1524 D OplusGnssWhiteListProxy: on get OplusGnssWhiteListProxy!
06-03 23:47:17.075  1472  1524 D LocationManagerService: Skip applyRequirementsLocked, provider:  provider manager: gps provider isEnabled(): false isBatterySaverDisabling: false isSettingsExempt(record): false record: UpdateRecord[gps 31785/com.teslacoilsw.launcher Request[ACCURACY_FINE gps interval=0 fastestInterval=0 expireIn=+30s0ms num=1] null]
06-03 23:47:17.075  1472  1524 D OplusGnssWhiteListProxy: on get OplusGnssWhiteListProxy!
06-03 23:47:17.075   841   903 I libPowerHal: [PE] system_server update cmd:10000100, param:0
06-03 23:47:17.075  1472  1524 D LocationManagerService: Skip applyRequirementsLocked, provider:  provider manager: gps provider isEnabled(): false isBatterySaverDisabling: false isSettingsExempt(record): false record: UpdateRecord[gps 31785/com.teslacoilsw.launcher Request[ACCURACY_FINE gps interval=0 fastestInterval=0 expireIn=+30s0ms num=1] null]
06-03 23:47:17.075  1472  1524 D OplusGnssWhiteListProxy: on get OplusGnssWhiteListProxy!
06-03 23:47:17.075  1472  1524 D LocationManagerService: Skip applyRequirementsLocked, provider:  provider manager: gps provider isEnabled(): false isBatterySaverDisabling: false isSettingsExempt(record): false record: UpdateRecord[gps 31785/com.teslacoilsw.launcher Request[ACCURACY_FINE gps interval=0 fastestInterval=0 expireIn=+30s0ms num=1] null]
06-03 23:47:17.075  1472  1524 D OplusGnssWhiteListProxy: on get OplusGnssWhiteListProxy!
06-03 23:47:17.075   841   903 I libPowerHal: [PE] system_server update cmd:1c3c000, param:0
06-03 23:47:17.075  1472  1524 D LocationManagerService: Skip applyRequirementsLocked, provider:  provider manager: gps provider isEnabled(): false isBatterySaverDisabling: false isSettingsExempt(record): false record: UpdateRecord[gps 31785/com.teslacoilsw.launcher Request[ACCURACY_FINE gps interval=0 fastestInterval=0 expireIn=+30s0ms num=1] null]
06-03 23:47:17.075  1472  1524 D OplusGnssWhiteListProxy: on get OplusGnssWhiteListProxy!
06-03 23:47:17.075  1472  1524 D LocationManagerService: Skip applyRequirementsLocked, provider:  provider manager: gps provider isEnabled(): false isBatterySaverDisabling: false isSettingsExempt(record): false record: UpdateRecord[gps 31785/com.teslacoilsw.launcher Request[ACCURACY_FINE gps interval=0 fastestInterval=0 expireIn=+30s0ms num=1] null]
06-03 23:47:17.075  1472  1524 D OplusGnssWhiteListProxy: on get OplusGnssWhiteListProxy!
06-03 23:47:17.075  1472  1524 D LocationManagerService: Skip applyRequirementsLocked, provider:  provider manager: gps provider isEnabled(): false isBatterySaverDisabling: false isSettingsExempt(record): false record: UpdateRecord[gps 31785/com.teslacoilsw.launcher Request[ACCURACY_FINE gps interval=0 fastestInterval=0 expireIn=+30s0ms num=1] null]
06-03 23:47:17.075  1472  1524 D OplusGnssWhiteListProxy: on get OplusGnssWhiteListProxy!
06-03 23:47:17.075  1472  1524 D LocationManagerService: Skip applyRequirementsLocked, provider:  provider manager: gps provider isEnabled(): false isBatterySaverDisabling: false isSettingsExempt(record): false record: UpdateRecord[gps 31785/com.teslacoilsw.launcher Request[ACCURACY_FINE gps interval=0 fastestInterval=0 expireIn=+30s0ms num=1] null]
06-03 23:47:17.075  1472  1524 D OplusGnssWhiteListProxy: on get OplusGnssWhiteListProxy!
06-03 23:47:17.075  1472  1524 D LocationManagerService: Skip applyRequirementsLocked, provider:  provider manager: gps provider isEnabled(): false isBatterySaverDisabling: false isSettingsExempt(record): false record: UpdateRecord[gps 31785/com.teslacoilsw.launcher Request[ACCURACY_FINE gps interval=0 fastestInterval=0 expireIn=+30s0ms num=1] null]
06-03 23:47:17.075  1472  1524 D OplusGnssWhiteListProxy: on get OplusGnssWhiteListProxy!
06-03 23:47:17.075  1472  1524 D LocationManagerService: Skip applyRequirementsLocked, provider:  provider manager: gps provider isEnabled(): false isBatterySaverDisabling: false isSettingsExempt(record): false record: UpdateRecord[gps 31785/com.teslacoilsw.launcher Request[ACCURACY_FINE gps interval=0 fastestInterval=0 expireIn=+30s0ms num=1] null]
06-03 23:47:17.075  1472  1524 D OplusGnssWhiteListProxy: on get OplusGnssWhiteListProxy!
06-03 23:47:17.075  1472  3821 W OplusLocationManagerService: NavigateMode doesn't match LocationMode
06-03 23:47:17.075  1472  1524 D LocationManagerService: Skip applyRequirementsLocked, provider:  provider manager: gps provider isEnabled(): false isBatterySaverDisabling: false isSettingsExempt(record): false record: UpdateRecord[gps 31785/com.teslacoilsw.launcher Request[ACCURACY_FINE gps interval=0 fastestInterval=0 expireIn=+30s0ms num=1] null]
06-03 23:47:17.075  1472  1524 D OplusGnssWhiteListProxy: on get OplusGnssWhiteListProxy!
06-03 23:47:17.075  1472  1524 D LocationManagerService: Skip applyRequirementsLocked, provider:  provider manager: gps provider isEnabled(): false isBatterySaverDisabling: false isSettingsExempt(record): false record: UpdateRecord[gps 31785/com.teslacoilsw.launcher Request[ACCURACY_FINE gps interval=0 fastestInterval=0 expireIn=+30s0ms num=1] null]
06-03 23:47:17.075  1472  1524 D OplusGnssWhiteListProxy: on get OplusGnssWhiteListProxy!
06-03 23:47:17.075  1472  3821 D ColorCommonListManager: uid:10259 is Protected by traffic because of downloading
06-03 23:47:17.075  1472  1524 D LocationManagerService: Skip applyRequirementsLocked, provider:  provider manager: gps provider isEnabled(): false isBatterySaverDisabling: false isSettingsExempt(record): false record: UpdateRecord[gps 31785/com.teslacoilsw.launcher Request[ACCURACY_FINE gps interval=0 fastestInterval=0 expireIn=+30s0ms num=1] null]
06-03 23:47:17.075  1472  1524 D OplusGnssWhiteListProxy: on get OplusGnssWhiteListProxy!
06-03 23:47:17.075  1472  1524 D LocationManagerService: Skip applyRequirementsLocked, provider:  provider manager: gps provider isEnabled(): false isBatterySaverDisabling: false isSettingsExempt(record): false record: UpdateRecord[gps 31785/com.teslacoilsw.launcher Request[ACCURACY_FINE gps interval=0 fastestInterval=0 expireIn=+30s0ms num=1] null]
06-03 23:47:17.075  1472  1524 D OplusGnssWhiteListProxy: on get OplusGnssWhiteListProxy!
06-03 23:47:17.075  1472  1524 D LocationManagerService: Skip applyRequirementsLocked, provider:  provider manager: gps provider isEnabled(): false isBatterySaverDisabling: false isSettingsExempt(record): false record: UpdateRecord[gps 31785/com.teslacoilsw.launcher Request[ACCURACY_FINE gps interval=0 fastestInterval=0 expireIn=+30s0ms num=1] null]
06-03 23:47:17.075  1472  1524 D OplusGnssWhiteListProxy: on get OplusGnssWhiteListProxy!
06-03 23:47:17.075  1472  1524 D LocationManagerService: Skip applyRequirementsLocked, provider:  provider manager: gps provider isEnabled(): false isBatterySaverDisabling: false isSettingsExempt(record): false record: UpdateRecord[gps 31785/com.teslacoilsw.launcher Request[ACCURACY_FINE gps interval=0 fastestInterval=0 expireIn=+30s0ms num=1] null]
06-03 23:47:17.075  1472  1524 D OplusGnssWhiteListProxy: on get OplusGnssWhiteListProxy!
06-03 23:47:17.075  1472  1524 D LocationManagerService: Skip applyRequirementsLocked, provider:  provider manager: gps provider isEnabled(): false isBatterySaverDisabling: false isSettingsExempt(record): false record: UpdateRecord[gps 31785/com.teslacoilsw.launcher Request[ACCURACY_FINE gps interval=0 fastestInterval=0 expireIn=+30s0ms num=1] null]
06-03 23:47:17.075  1472  1524 D OplusGnssWhiteListProxy: on get OplusGnssWhiteListProxy!
06-03 23:47:17.075  1472  1524 D LocationManagerService: Skip applyRequirementsLocked, provider:  provider manager: gps provider isEnabled(): false isBatterySaverDisabling: false isSettingsExempt(record): false record: UpdateRecord[gps 31785/com.teslacoilsw.launcher Request[ACCURACY_FINE gps interval=0 fastestInterval=0 expireIn=+30s0ms num=1] null]
06-03 23:47:17.075  1472  1524 D OplusGnssWhiteListProxy: on get OplusGnssWhiteListProxy!
06-03 23:47:17.075  1472  1524 D LocationManagerService: Skip applyRequirementsLocked, provider:  provider manager: gps provider isEnabled(): false isBatterySaverDisabling: false isSettingsExempt(record): false record: UpdateRecord[gps 31785/com.teslacoilsw.launcher Request[ACCURACY_FINE gps interval=0 fastestInterval=0 expireIn=+30s0ms num=1] null]
06-03 23:47:17.075  1472  1524 D OplusGnssWhiteListProxy: on get OplusGnssWhiteListProxy!
06-03 23:47:17.075  1472  1524 D LocationManagerService: Skip applyRequirementsLocked, provider:  provider manager: gps provider isEnabled(): false isBatterySaverDisabling: false isSettingsExempt(record): false record: UpdateRecord[gps 31785/com.teslacoilsw.launcher Request[ACCURACY_FINE gps interval=0 fastestInterval=0 expireIn=+30s0ms num=1] null]
06-03 23:47:17.075  1472  1524 D OplusGnssWhiteListProxy: on get OplusGnssWhiteListProxy!
06-03 23:47:17.075  1472  1524 D LocationManagerService: Skip applyRequirementsLocked, provider:  provider manager: gps provider isEnabled(): false isBatterySaverDisabling: false isSettingsExempt(record): false record: UpdateRecord[gps 31785/com.teslacoilsw.launcher Request[ACCURACY_FINE gps interval=0 fastestInterval=0 expireIn=+30s0ms num=1] null]
06-03 23:47:17.075  1472  1524 D OplusGnssWhiteListProxy: on get OplusGnssWhiteListProxy!
06-03 23:47:17.075  1472  1524 D LocationManagerService: Skip applyRequirementsLocked, provider:  provider manager: gps provider isEnabled(): false isBatterySaverDisabling: false isSettingsExempt(record): false record: UpdateRecord[gps 31785/com.teslacoilsw.launcher Request[ACCURACY_FINE gps interval=0 fastestInterval=0 expireIn=+30s0ms num=1] null]
06-03 23:47:17.075  1472  1524 D OplusGnssWhiteListProxy: on get OplusGnssWhiteListProxy!
06-03 23:47:17.075  1472  1524 D LocationManagerService: Skip applyRequirementsLocked, provider:  provider manager: gps provider isEnabled(): false isBatterySaverDisabling: false isSettingsExempt(record): false record: UpdateRecord[gps 31785/com.teslacoilsw.launcher Request[ACCURACY_FINE gps interval=0 fastestInterval=0 expireIn=+30s0ms num=1] null]
06-03 23:47:17.075  1472  1524 D OplusGnssWhiteListProxy: on get OplusGnssWhiteListProxy!
06-03 23:47:17.075  1472  1524 D LocationManagerService: Skip applyRequirementsLocked, provider:  provider manager: gps provider isEnabled(): false isBatterySaverDisabling: false isSettingsExempt(record): false record: UpdateRecord[gps 31785/com.teslacoilsw.launcher Request[ACCURACY_FINE gps interval=0 fastestInterval=0 expireIn=+30s0ms num=1] null]
06-03 23:47:17.076  1472  1524 D OplusGnssWhiteListProxy: on get OplusGnssWhiteListProxy!
06-03 23:47:17.076  1472  3991 V DCSEX-AppSwitchManager: OnAppSwitchObserver: onAppExit , info = OplusAppExitInfo = {  targetName = com.example.dogglers hasResumingActivity = true resumingPackageName = com.teslacoilsw.launcher resumingActivityName = com.teslacoilsw.launcher.NovaLauncher resumingWindowMode = 1 isResumingMultiApp = false isResumingFirstStart = false extension = Bundle[{taskId=2289, uid=10254}]}
06-03 23:47:17.076  1472  1524 D LocationManagerService: Skip applyRequirementsLocked, provider:  provider manager: gps provider isEnabled(): false isBatterySaverDisabling: false isSettingsExempt(record): false record: UpdateRecord[gps 31785/com.teslacoilsw.launcher Request[ACCURACY_FINE gps interval=0 fastestInterval=0 expireIn=+30s0ms num=1] null]
06-03 23:47:17.076  1472  1524 D OplusGnssWhiteListProxy: on get OplusGnssWhiteListProxy!
06-03 23:47:17.076  1472  1524 D LocationManagerService: Skip applyRequirementsLocked, provider:  provider manager: gps provider isEnabled(): false isBatterySaverDisabling: false isSettingsExempt(record): false record: UpdateRecord[gps 31785/com.teslacoilsw.launcher Request[ACCURACY_FINE gps interval=0 fastestInterval=0 expireIn=+30s0ms num=1] null]
06-03 23:47:17.076  1472  1524 D OplusGnssWhiteListProxy: on get OplusGnssWhiteListProxy!
06-03 23:47:17.076  1472  1524 D LocationManagerService: Skip applyRequirementsLocked, provider:  provider manager: gps provider isEnabled(): false isBatterySaverDisabling: false isSettingsExempt(record): false record: UpdateRecord[gps 31785/com.teslacoilsw.launcher Request[ACCURACY_FINE gps interval=0 fastestInterval=0 expireIn=+30s0ms num=1] null]
06-03 23:47:17.076  1472  1524 D OplusGnssWhiteListProxy: on get OplusGnssWhiteListProxy!
06-03 23:47:17.076  1472  1524 D LocationManagerService: Skip applyRequirementsLocked, provider:  provider manager: gps provider isEnabled(): false isBatterySaverDisabling: false isSettingsExempt(record): false record: UpdateRecord[gps 31785/com.teslacoilsw.launcher Request[ACCURACY_FINE gps interval=0 fastestInterval=0 expireIn=+30s0ms num=1] null]
06-03 23:47:17.076  1472  1524 D OplusGnssWhiteListProxy: on get OplusGnssWhiteListProxy!
06-03 23:47:17.076  1472  1524 D LocationManagerService: Skip applyRequirementsLocked, provider:  provider manager: gps provider isEnabled(): false isBatterySaverDisabling: false isSettingsExempt(record): false record: UpdateRecord[gps 31785/com.teslacoilsw.launcher Request[ACCURACY_FINE gps interval=0 fastestInterval=0 expireIn=+30s0ms num=1] null]
06-03 23:47:17.076  1472  9793 D DCSEX-AppLaunchEventRecorder: onAppSwitch from = com.example.dogglers to = com.teslacoilsw.launcher
06-03 23:47:17.076  1472  1524 D OplusGnssWhiteListProxy: on get OplusGnssWhiteListProxy!
06-03 23:47:17.077  1472  3821 I ColorHansManager : freeze uid: 10279 package: com.myfitnesspal.android reason: fastfreezer|10254 scene: FastFreezerScene
06-03 23:47:17.077   841   903 I libPowerHal: [perfNotifyAppState] foreground:com.teslacoilsw.launcher, pid:31785, uid:10254
06-03 23:47:17.078  1472  1524 D LocationManagerService: Skip applyRequirementsLocked, provider:  provider manager: gps provider isEnabled(): false isBatterySaverDisabling: false isSettingsExempt(record): false record: UpdateRecord[gps 31785/com.teslacoilsw.launcher Request[ACCURACY_FINE gps interval=0 fastestInterval=0 expireIn=+30s0ms num=1] null]
06-03 23:47:17.078  1472  1524 D OplusGnssWhiteListProxy: on get OplusGnssWhiteListProxy!
06-03 23:47:17.078  1472  3991 I ColorResourcePreloadManager: resume pkg: com.teslacoilsw.launcher, uid:10254, prev pkg: com.example.dogglers, prev uid: 10242
06-03 23:47:17.078  1472  3821 I ColorHansManager : freeze uid: 10290 package: com.komoe.fsgp reason: fastfreezer|10254 scene: FastFreezerScene
06-03 23:47:17.078   841   903 E UxUtility: notifyAppState error = NULL
06-03 23:47:17.078   841   903 I TouchUtility: notifyAppState error = NULL
06-03 23:47:17.078  1472  1524 D LocationManagerService: Skip applyRequirementsLocked, provider:  provider manager: gps provider isEnabled(): false isBatterySaverDisabling: false isSettingsExempt(record): false record: UpdateRecord[gps 31785/com.teslacoilsw.launcher Request[ACCURACY_FINE gps interval=0 fastestInterval=0 expireIn=+30s0ms num=1] null]
06-03 23:47:17.078  1472  3991 E Process : get_ion_cache_memory: Unable to open /d/ion/system_stats
06-03 23:47:17.078  1472  1524 D OplusGnssWhiteListProxy: on get OplusGnssWhiteListProxy!
06-03 23:47:17.078   841   869 I mtkpower@impl: [notifyAppState] pc:0, com.example.dogglers => com.teslacoilsw.launcher
06-03 23:47:17.078  1472  1524 D LocationManagerService: Skip applyRequirementsLocked, provider:  provider manager: gps provider isEnabled(): false isBatterySaverDisabling: false isSettingsExempt(record): false record: UpdateRecord[gps 31785/com.teslacoilsw.launcher Request[ACCURACY_FINE gps interval=0 fastestInterval=0 expireIn=+30s0ms num=1] null]
06-03 23:47:17.078  1472  3991 V DCSEX-AppSwitchManager: OnAppSwitchObserver: onAppEnter , info = OplusAppEnterInfo = {  windowMode = 1 targetName = com.teslacoilsw.launcher multiApp = false firstStart = false launchedFromPackage = null intent = Intent { act=android.intent.action.MAIN cat=[android.intent.category.HOME] flg=0x10000100 cmp=com.teslacoilsw.launcher/.NovaLauncher } extension = Bundle[{taskId=2289, uid=10254}]}
06-03 23:47:17.078  1472  1524 D OplusGnssWhiteListProxy: on get OplusGnssWhiteListProxy!
06-03 23:47:17.078  1472  1524 D LocationManagerService: Skip applyRequirementsLocked, provider:  provider manager: gps provider isEnabled(): false isBatterySaverDisabling: false isSettingsExempt(record): false record: UpdateRecord[gps 31785/com.teslacoilsw.launcher Request[ACCURACY_FINE gps interval=0 fastestInterval=0 expireIn=+30s0ms num=1] null]
06-03 23:47:17.078  1472  1524 D OplusGnssWhiteListProxy: on get OplusGnssWhiteListProxy!
06-03 23:47:17.078  1472  1524 D LocationManagerService: Skip applyRequirementsLocked, provider:  provider manager: gps provider isEnabled(): false isBatterySaverDisabling: false isSettingsExempt(record): false record: UpdateRecord[gps 31785/com.teslacoilsw.launcher Request[ACCURACY_FINE gps interval=0 fastestInterval=0 expireIn=+30s0ms num=1] null]
06-03 23:47:17.078  1472  1524 D OplusGnssWhiteListProxy: on get OplusGnssWhiteListProxy!
06-03 23:47:17.078  1472  1524 D LocationManagerService: Skip applyRequirementsLocked, provider:  provider manager: gps provider isEnabled(): false isBatterySaverDisabling: false isSettingsExempt(record): false record: UpdateRecord[gps 31785/com.teslacoilsw.launcher Request[ACCURACY_FINE gps interval=0 fastestInterval=0 expireIn=+30s0ms num=1] null]
06-03 23:47:17.078  1472  1524 D OplusGnssWhiteListProxy: on get OplusGnssWhiteListProxy!
06-03 23:47:17.078  1472  1524 D LocationManagerService: Skip applyRequirementsLocked, provider:  provider manager: gps provider isEnabled(): false isBatterySaverDisabling: false isSettingsExempt(record): false record: UpdateRecord[gps 31785/com.teslacoilsw.launcher Request[ACCURACY_FINE gps interval=0 fastestInterval=0 expireIn=+30s0ms num=1] null]
06-03 23:47:17.078  4450 24160 D ZoomAppController: ignore onAppEnter: Invalid cvActionFlag = 0
06-03 23:47:17.078  1472  1524 D OplusGnssWhiteListProxy: on get OplusGnssWhiteListProxy!
06-03 23:47:17.078  1472  1524 D LocationManagerService: Skip applyRequirementsLocked, provider:  provider manager: gps provider isEnabled(): false isBatterySaverDisabling: false isSettingsExempt(record): false record: UpdateRecord[gps 31785/com.teslacoilsw.launcher Request[ACCURACY_FINE gps interval=0 fastestInterval=0 expireIn=+30s0ms num=1] null]
06-03 23:47:17.078  1472  1524 D OplusGnssWhiteListProxy: on get OplusGnssWhiteListProxy!
06-03 23:47:17.078  1472  1524 D LocationManagerService: Skip applyRequirementsLocked, provider:  provider manager: gps provider isEnabled(): false isBatterySaverDisabling: false isSettingsExempt(record): false record: UpdateRecord[gps 31785/com.teslacoilsw.launcher Request[ACCURACY_FINE gps interval=0 fastestInterval=0 expireIn=+30s0ms num=1] null]
06-03 23:47:17.078  1472  1524 D OplusGnssWhiteListProxy: on get OplusGnssWhiteListProxy!
06-03 23:47:17.078  1472  1524 D LocationManagerService: Skip applyRequirementsLocked, provider:  provider manager: gps provider isEnabled(): false isBatterySaverDisabling: false isSettingsExempt(record): false record: UpdateRecord[gps 31785/com.teslacoilsw.launcher Request[ACCURACY_FINE gps interval=0 fastestInterval=0 expireIn=+30s0ms num=1] null]
06-03 23:47:17.078  1472  1524 D OplusGnssWhiteListProxy: on get OplusGnssWhiteListProxy!
06-03 23:47:17.079  1472  1524 D LocationManagerService: Skip applyRequirementsLocked, provider:  provider manager: gps provider isEnabled(): false isBatterySaverDisabling: false isSettingsExempt(record): false record: UpdateRecord[gps 31785/com.teslacoilsw.launcher Request[ACCURACY_FINE gps interval=0 fastestInterval=0 expireIn=+30s0ms num=1] null]
06-03 23:47:17.079  1472  1524 D OplusGnssWhiteListProxy: on get OplusGnssWhiteListProxy!
06-03 23:47:17.079  1472  1524 D LocationManagerService: Skip applyRequirementsLocked, provider:  provider manager: gps provider isEnabled(): false isBatterySaverDisabling: false isSettingsExempt(record): false record: UpdateRecord[gps 31785/com.teslacoilsw.launcher Request[ACCURACY_FINE gps interval=0 fastestInterval=0 expireIn=+30s0ms num=1] null]
06-03 23:47:17.079  1472  1524 D OplusGnssWhiteListProxy: on get OplusGnssWhiteListProxy!
06-03 23:47:17.079  1472  1524 D LocationManagerService: Skip applyRequirementsLocked, provider:  provider manager: gps provider isEnabled(): false isBatterySaverDisabling: false isSettingsExempt(record): false record: UpdateRecord[gps 31785/com.teslacoilsw.launcher Request[ACCURACY_FINE gps interval=0 fastestInterval=0 expireIn=+30s0ms num=1] null]
06-03 23:47:17.079  1472  1524 D OplusGnssWhiteListProxy: on get OplusGnssWhiteListProxy!
06-03 23:47:17.079  1472  1524 D LocationManagerService: Skip applyRequirementsLocked, provider:  provider manager: gps provider isEnabled(): false isBatterySaverDisabling: false isSettingsExempt(record): false record: UpdateRecord[gps 31785/com.teslacoilsw.launcher Request[ACCURACY_FINE gps interval=0 fastestInterval=0 expireIn=+30s0ms num=1] null]
06-03 23:47:17.079  1472  1524 D OplusGnssWhiteListProxy: on get OplusGnssWhiteListProxy!
06-03 23:47:17.079  1472  1524 D LocationManagerService: Skip applyRequirementsLocked, provider:  provider manager: gps provider isEnabled(): false isBatterySaverDisabling: false isSettingsExempt(record): false record: UpdateRecord[gps 31785/com.teslacoilsw.launcher Request[ACCURACY_FINE gps interval=0 fastestInterval=0 expireIn=+30s0ms num=1] null]
06-03 23:47:17.079  1472  1524 D OplusGnssWhiteListProxy: on get OplusGnssWhiteListProxy!
06-03 23:47:17.079  1472  1524 D LocationManagerService: Skip applyRequirementsLocked, provider:  provider manager: gps provider isEnabled(): false isBatterySaverDisabling: false isSettingsExempt(record): false record: UpdateRecord[gps 31785/com.teslacoilsw.launcher Request[ACCURACY_FINE gps interval=0 fastestInterval=0 expireIn=+30s0ms num=1] null]
06-03 23:47:17.079  1472  1524 D OplusGnssWhiteListProxy: on get OplusGnssWhiteListProxy!
06-03 23:47:17.079  1472  1524 D LocationManagerService: Skip applyRequirementsLocked, provider:  provider manager: gps provider isEnabled(): false isBatterySaverDisabling: false isSettingsExempt(record): false record: UpdateRecord[gps 31785/com.teslacoilsw.launcher Request[ACCURACY_FINE gps interval=0 fastestInterval=0 expireIn=+30s0ms num=1] null]
06-03 23:47:17.079  1472  1524 D OplusGnssWhiteListProxy: on get OplusGnssWhiteListProxy!
06-03 23:47:17.079  1472  1524 D LocationManagerService: Skip applyRequirementsLocked, provider:  provider manager: gps provider isEnabled(): false isBatterySaverDisabling: false isSettingsExempt(record): false record: UpdateRecord[gps 31785/com.teslacoilsw.launcher Request[ACCURACY_FINE gps interval=0 fastestInterval=0 expireIn=+30s0ms num=1] null]
06-03 23:47:17.079  1472  1524 D OplusGnssWhiteListProxy: on get OplusGnssWhiteListProxy!
06-03 23:47:17.079  1472  1524 D LocationManagerService: Skip applyRequirementsLocked, provider:  provider manager: gps provider isEnabled(): false isBatterySaverDisabling: false isSettingsExempt(record): false record: UpdateRecord[gps 31785/com.teslacoilsw.launcher Request[ACCURACY_FINE gps interval=0 fastestInterval=0 expireIn=+30s0ms num=1] null]
06-03 23:47:17.079  1472  1524 D OplusGnssWhiteListProxy: on get OplusGnssWhiteListProxy!
06-03 23:47:17.079  1472  1524 D LocationManagerService: Skip applyRequirementsLocked, provider:  provider manager: gps provider isEnabled(): false isBatterySaverDisabling: false isSettingsExempt(record): false record: UpdateRecord[gps 31785/com.teslacoilsw.launcher Request[ACCURACY_FINE gps interval=0 fastestInterval=0 expireIn=+30s0ms num=1] null]
06-03 23:47:17.079  1472  1524 D OplusGnssWhiteListProxy: on get OplusGnssWhiteListProxy!
06-03 23:47:17.079  1472  1524 D LocationManagerService: Skip applyRequirementsLocked, provider:  provider manager: gps provider isEnabled(): false isBatterySaverDisabling: false isSettingsExempt(record): false record: UpdateRecord[gps 31785/com.teslacoilsw.launcher Request[ACCURACY_FINE gps interval=0 fastestInterval=0 expireIn=+30s0ms num=1] null]
06-03 23:47:17.079  1472  1524 D OplusGnssWhiteListProxy: on get OplusGnssWhiteListProxy!
06-03 23:47:17.079  1472  1524 D LocationManagerService: Skip applyRequirementsLocked, provider:  provider manager: gps provider isEnabled(): false isBatterySaverDisabling: false isSettingsExempt(record): false record: UpdateRecord[gps 31785/com.teslacoilsw.launcher Request[ACCURACY_FINE gps interval=0 fastestInterval=0 expireIn=+30s0ms num=1] null]
06-03 23:47:17.079  1472  1524 D OplusGnssWhiteListProxy: on get OplusGnssWhiteListProxy!
06-03 23:47:17.079  1472  1524 D LocationManagerService: Skip applyRequirementsLocked, provider:  provider manager: gps provider isEnabled(): false isBatterySaverDisabling: false isSettingsExempt(record): false record: UpdateRecord[gps 31785/com.teslacoilsw.launcher Request[ACCURACY_FINE gps interval=0 fastestInterval=0 expireIn=+30s0ms num=1] null]
06-03 23:47:17.079  1472  1524 D OplusGnssWhiteListProxy: on get OplusGnssWhiteListProxy!
06-03 23:47:17.079  1472  1524 D LocationManagerService: Skip applyRequirementsLocked, provider:  provider manager: gps provider isEnabled(): false isBatterySaverDisabling: false isSettingsExempt(record): false record: UpdateRecord[gps 31785/com.teslacoilsw.launcher Request[ACCURACY_FINE gps interval=0 fastestInterval=0 expireIn=+30s0ms num=1] null]
06-03 23:47:17.079  1472  1524 D OplusGnssWhiteListProxy: on get OplusGnssWhiteListProxy!
06-03 23:47:17.079  1472  1524 D LocationManagerService: Skip applyRequirementsLocked, provider:  provider manager: gps provider isEnabled(): false isBatterySaverDisabling: false isSettingsExempt(record): false record: UpdateRecord[gps 31785/com.teslacoilsw.launcher Request[ACCURACY_FINE gps interval=0 fastestInterval=0 expireIn=+30s0ms num=1] null]
06-03 23:47:17.079  1472  1524 D OplusGnssWhiteListProxy: on get OplusGnssWhiteListProxy!
06-03 23:47:17.079 21514 21547 I [0]DCS-BackgroundAppData: sendAppBgEvent: has no pkgName=com.teslacoilsw.launcher
06-03 23:47:17.080  1472  1524 D LocationManagerService: Skip applyRequirementsLocked, provider:  provider manager: gps provider isEnabled(): false isBatterySaverDisabling: false isSettingsExempt(record): false record: UpdateRecord[gps 31785/com.teslacoilsw.launcher Request[ACCURACY_FINE gps interval=0 fastestInterval=0 expireIn=+30s0ms num=1] null]
06-03 23:47:17.080  1472  1524 D OplusGnssWhiteListProxy: on get OplusGnssWhiteListProxy!
06-03 23:47:17.080  1472  1524 D LocationManagerService: Skip applyRequirementsLocked, provider:  provider manager: gps provider isEnabled(): false isBatterySaverDisabling: false isSettingsExempt(record): false record: UpdateRecord[gps 31785/com.teslacoilsw.launcher Request[ACCURACY_FINE gps interval=0 fastestInterval=0 expireIn=+30s0ms num=1] null]
06-03 23:47:17.080  1472  1524 D OplusGnssWhiteListProxy: on get OplusGnssWhiteListProxy!
