06-03 23:47:17.974   814   890 I chatty  : uid=1000(system) HwBinder:814_2 identical 7 lines
06-03 23:47:17.991   814   890 I hwcomposer: [HRT] only_has_blit_dev_job:0, run simpleLayeringRule.
06-03 23:47:18.001 12548 12548 I ViewInteraction: Checking 'MatchesViewAssertion{viewMatcher=(view has effective visibility <VISIBLE> and view.getGlobalVisibleRect() to return non-empty rectangle)}' assertion on view view.getId() is <2131230949/com.example.dogglers:id/horizontal_recycler_view>
06-03 23:47:18.004 12548 12590 E Parcel  : Reading a NULL string not supported here.
06-03 23:47:18.006  1472  3042 I mtkpower_client: perf_lock_rel, hdl:66320, tid:3042
06-03 23:47:18.006  1472  3042 I mtkpower_client: perf_lock_acq, hdl:66320, dur:0, num:12, tid:3042
06-03 23:47:18.006   841   903 I libPowerHal: [perfLockRel] hdl:66320, idx:0
06-03 23:47:18.006   841   903 I libPowerHal: [PD] scn:0 hdl:66320 lock_user:system_server pid:1472 tid:3042 dur:0
06-03 23:47:18.006   841   903 I libPowerHal: system_server: cpu_ctrl set cpu freq: -1 -1 -1 -1
06-03 23:47:18.006   841   903 I libPowerHal: [PD] system_server update cmd:1410000 param:0
06-03 23:47:18.006   841   903 I libPowerHal: [PD] system_server update cmd:10000100 param:0
06-03 23:47:18.006   841   903 I libPowerHal: [PD] system_server update cmd:1c3c000, param:1
06-03 23:47:18.006   865  1818 D DispPerfService: get hint proc=ActivityRecord{26290be u0 com.example.dogglers, idx=0 none
06-03 23:47:18.007  1472  3042 I mtkpower_client: ret_hdl:66321
06-03 23:47:18.007   841   903 I libPowerHal: [perfLockAcq] idx:0 hdl:66321 hint:-1 pid:1472 duration:0 => ret_hdl:66321
06-03 23:47:18.007   841   903 I libPowerHal: [PE] scn:0 hdl:66321 lock_user:system_server pid:1472 tid:3042 dur:0
06-03 23:47:18.007   841   903 I libPowerHal: system_server: cpu_ctrl set cpu freq: 2000000 -1 2203000 -1
06-03 23:47:18.007   841   903 I libPowerHal: [PE] system_server update cmd:1410000, param:1
06-03 23:47:18.007   841   903 I libPowerHal: [PE] system_server update cmd:10000100, param:0
06-03 23:47:18.007   841   870 I mtkpower@impl: [setMode] type:5, enabled:1
06-03 23:47:18.007   841   903 I libPowerHal: [PE] system_server update cmd:1c3c000, param:0
06-03 23:47:18.008   814   890 I hwcomposer: [HRT] only_has_blit_dev_job:0, run simpleLayeringRule.
06-03 23:47:18.013 12548 12548 D LifecycleMonitor: Lifecycle status change: com.example.dogglers.HorizontalListActivity@f9e1694 in: PAUSED
06-03 23:47:18.013 12548 12548 V ActivityScenario: Activity lifecycle changed event received but ignored because the intent does not match. startActivityIntent=Intent { act=android.intent.action.MAIN cat=[android.intent.category.LAUNCHER] cmp=com.example.dogglers/.MainActivity }, activity.getIntent()=Intent { cmp=com.example.dogglers/.HorizontalListActivity mCallingUid=10242 }, activity=com.example.dogglers.HorizontalListActivity@f9e1694
06-03 23:47:18.016  1472  5312 I InputDispatcher: setFocusedApplication displayId=0 <invalid>
06-03 23:47:18.016   841   869 I mtkpower@impl: [notifyAppState] act com.example.dogglers.HorizontalListActivity => androidx.test.core.app.InstrumentationActivityInvoker$EmptyActivity
06-03 23:47:18.017  1472  5312 D Theia.NoFocusWindow: FocusWindowErrorScene CheckFreezeScreen
06-03 23:47:18.021  1472  3042 I mtkpower_client: perf_lock_rel, hdl:66321, tid:3042
06-03 23:47:18.021  1472  3042 I mtkpower_client: perf_lock_acq, hdl:66321, dur:0, num:12, tid:3042
06-03 23:47:18.022   841   869 I mtkpower@impl: [check_work_req] i:0, msg:1 hdl:66321, wait
06-03 23:47:18.022 12548 12644 E libEGL  : Invalid file path for libcolorx-loader.so
06-03 23:47:18.022 12548 12644 D libMEOW : applied 0 plugin for [com.example.dogglers].
06-03 23:47:18.022   841   903 I libPowerHal: [perfLockRel] hdl:66321, idx:0
06-03 23:47:18.022   841   903 I libPowerHal: [PD] scn:0 hdl:66321 lock_user:system_server pid:1472 tid:3042 dur:0
06-03 23:47:18.022   841   903 I libPowerHal: system_server: cpu_ctrl set cpu freq: -1 -1 -1 -1
06-03 23:47:18.022   841   903 I libPowerHal: [PD] system_server update cmd:1410000 param:0
06-03 23:47:18.022   841   903 I libPowerHal: [PD] system_server update cmd:10000100 param:0
06-03 23:47:18.023   841   903 I libPowerHal: [PD] system_server update cmd:1c3c000, param:1
06-03 23:47:18.024  1472  3042 I mtkpower_client: ret_hdl:66322
06-03 23:47:18.024   814   890 I hwcomposer: [HRT] only_has_blit_dev_job:0, run simpleLayeringRule.
06-03 23:47:18.024   841   903 I libPowerHal: [perfLockAcq] idx:0 hdl:66322 hint:-1 pid:1472 duration:0 => ret_hdl:66322
06-03 23:47:18.024   841   903 I libPowerHal: [PE] scn:0 hdl:66322 lock_user:system_server pid:1472 tid:3042 dur:0
06-03 23:47:18.025   841   903 I libPowerHal: system_server: cpu_ctrl set cpu freq: 2000000 -1 2203000 -1
06-03 23:47:18.025   841   903 I libPowerHal: [PE] system_server update cmd:1410000, param:1
06-03 23:47:18.025   841   903 I libPowerHal: [PE] system_server update cmd:10000100, param:0
06-03 23:47:18.025   841   903 I libPowerHal: [PE] system_server update cmd:1c3c000, param:0
06-03 23:47:18.026 12548 12548 D LifecycleMonitor: Lifecycle status change: androidx.test.core.app.InstrumentationActivityInvoker$EmptyActivity@6241b31 in: PRE_ON_CREATE
06-03 23:47:18.027 12548 12548 V ActivityScenario: Activity lifecycle changed event received but ignored because the intent does not match. startActivityIntent=Intent { act=android.intent.action.MAIN cat=[android.intent.category.LAUNCHER] cmp=com.example.dogglers/.MainActivity }, activity.getIntent()=Intent { act=android.intent.action.MAIN cat=[android.intent.category.LAUNCHER] flg=0x10000000 cmp=com.example.dogglers/androidx.test.core.app.InstrumentationActivityInvoker$EmptyActivity mCallingUid=10242 }, activity=androidx.test.core.app.InstrumentationActivityInvoker$EmptyActivity@6241b31
06-03 23:47:18.036 12548 12548 D LifecycleMonitor: Lifecycle status change: androidx.test.core.app.InstrumentationActivityInvoker$EmptyActivity@6241b31 in: CREATED
06-03 23:47:18.037 12548 12548 V ActivityScenario: Activity lifecycle changed event received but ignored because the intent does not match. startActivityIntent=Intent { act=android.intent.action.MAIN cat=[android.intent.category.LAUNCHER] cmp=com.example.dogglers/.MainActivity }, activity.getIntent()=Intent { act=android.intent.action.MAIN cat=[android.intent.category.LAUNCHER] flg=0x10000000 cmp=com.example.dogglers/androidx.test.core.app.InstrumentationActivityInvoker$EmptyActivity mCallingUid=10242 }, activity=androidx.test.core.app.InstrumentationActivityInvoker$EmptyActivity@6241b31
06-03 23:47:18.038 12548 12548 D LifecycleMonitor: Lifecycle status change: androidx.test.core.app.InstrumentationActivityInvoker$EmptyActivity@6241b31 in: STARTED
06-03 23:47:18.038 12548 12548 V ActivityScenario: Activity lifecycle changed event received but ignored because the intent does not match. startActivityIntent=Intent { act=android.intent.action.MAIN cat=[android.intent.category.LAUNCHER] cmp=com.example.dogglers/.MainActivity }, activity.getIntent()=Intent { act=android.intent.action.MAIN cat=[android.intent.category.LAUNCHER] flg=0x10000000 cmp=com.example.dogglers/androidx.test.core.app.InstrumentationActivityInvoker$EmptyActivity mCallingUid=10242 }, activity=androidx.test.core.app.InstrumentationActivityInvoker$EmptyActivity@6241b31
06-03 23:47:18.040  1472  3936 I InputDispatcher: Focus left window: Window{13d261 u0 com.example.dogglers/com.example.dogglers.HorizontalListActivity} in display 0
06-03 23:47:18.040  1472  3936 I InputDispatcher: Window went away: Window{13d261 u0 com.example.dogglers/com.example.dogglers.HorizontalListActivity}
06-03 23:47:18.041 12548 12548 D LifecycleMonitor: Lifecycle status change: androidx.test.core.app.InstrumentationActivityInvoker$EmptyActivity@6241b31 in: RESUMED
06-03 23:47:18.041   814   890 I hwcomposer: [HRT] only_has_blit_dev_job:0, run simpleLayeringRule.
06-03 23:47:18.041 12548 12548 V ActivityScenario: Activity lifecycle changed event received but ignored because the intent does not match. startActivityIntent=Intent { act=android.intent.action.MAIN cat=[android.intent.category.LAUNCHER] cmp=com.example.dogglers/.MainActivity }, activity.getIntent()=Intent { act=android.intent.action.MAIN cat=[android.intent.category.LAUNCHER] flg=0x10000000 cmp=com.example.dogglers/androidx.test.core.app.InstrumentationActivityInvoker$EmptyActivity mCallingUid=10242 }, activity=androidx.test.core.app.InstrumentationActivityInvoker$EmptyActivity@6241b31
06-03 23:47:18.042 12548 12548 V PhoneWindow: DecorView setVisiblity: visibility = 4, Parent = null, this = DecorView@96e396d[]
06-03 23:47:18.042   865  1818 I SurfaceFlinger: [SF client] NEW(0xb4000073f02540c0) for (12548:com.example.dogglers)
06-03 23:47:18.046 12548 12548 D ViewRootImpl[InstrumentationActivityInvoker$EmptyActivity]: hardware acceleration = true , fakeHwAccelerated = false, sRendererDisabled = false, forceHwAccelerated = false, sSystemRendererDisabled = false
06-03 23:47:18.047  1472  5312 D OppoDisplayPolicy: com.example.dogglers, no change cutoutMode: 0
06-03 23:47:18.047   865  1818 D DispPerfService: get hint proc=a4ce4e9 com.example.dogglers, idx=0 none
06-03 23:47:18.050 12548 12548 E libEGL  : Invalid file path for libcolorx-loader.so
06-03 23:47:18.050 12548 12548 I chatty  : uid=10242(com.example.dogglers) identical 4 lines
06-03 23:47:18.050 12548 12548 E libEGL  : Invalid file path for libcolorx-loader.so
06-03 23:47:18.050 12548 12548 I InputTransport: Create ARC handle: 0xb40000783c9d3020
06-03 23:47:18.051 12548 12548 V PhoneWindow: DecorView setVisiblity: visibility = 0, Parent = android.view.ViewRootImpl@e57cdf0, this = DecorView@96e396d[InstrumentationActivityInvoker$EmptyActivity]
06-03 23:47:18.057   814   890 I hwcomposer: [HRT] only_has_blit_dev_job:0, run simpleLayeringRule.
06-03 23:47:18.063  1472  5312 D OppoDisplayPolicy: com.example.dogglers, no change cutoutMode: 0
06-03 23:47:18.065   865  1393 D DispPerfService: get hint proc=com.example.dogglers, idx=0 none
06-03 23:47:18.065   865  1393 I BufferQueueConsumer: [](id:36100001318,api:0,p:-1,c:865) connect(): controlledByApp=false
06-03 23:47:18.065   865  1393 I BufferQueue: [unnamed-865-4888](this:0xb4000073f5b47658,id:4888,api:0,p:-1,c:-1) BufferQueue core=(865:/system/bin/surfaceflinger)
06-03 23:47:18.067   865  1393 D DispPerfService: get hint proc=Surface(name=3c9c3ca StatusBar), idx=0 none
06-03 23:47:18.067   865  1393 D DispPerfService: get hint proc=Surface(name=8790d11 NavigationBar0), idx=0 none
06-03 23:47:18.068  1472  5312 D Theia.NoFocusWindow: FocusWindowErrorScene cancelCheckFreezeScreen
06-03 23:47:18.072   865  1393 I BufferQueueProducer: [com.example.dogglers/androidx.test.core.app.InstrumentationActivityInvoker$EmptyActivity#0](id:36100001318,api:1,p:12548,c:865) connect(): api=1 producerControlledByApp=false
06-03 23:47:18.073   865   865 D OppoExLayer: ~Layer() sequence=28516, name=Surface(name=ActivityRecord{595e156 u0 com.example.dogglers/.MainActivity)/@0x9543e0d - animation-bounds#0@0xb4000073f5834000
06-03 23:47:18.073   865   865 D OppoExLayer: ~Layer() sequence=28515, name=Surface(name=ActivityRecord{595e156 u0 com.example.dogglers/.MainActivity)/@0x9543e0d - animation-leash#0@0xb4000073f58db000
06-03 23:47:18.073   865   865 D OppoExLayer: ~Layer() sequence=28514, name=Surface(name=ActivityRecord{feb4af1 u0 com.example.dogglers/.HorizontalListActivity)/@0x4e91cf8 - animation-bounds#0@0xb4000073f58d8000
06-03 23:47:18.073   865   865 D OppoExLayer: ~Layer() sequence=28513, name=Surface(name=ActivityRecord{feb4af1 u0 com.example.dogglers/.HorizontalListActivity)/@0x4e91cf8 - animation-leash#0@0xb4000073f58d5000
06-03 23:47:18.075   814   890 I hwcomposer: [HRT] only_has_blit_dev_job:0, run simpleLayeringRule.
06-03 23:47:18.082   865  1818 D DispPerfService: onframeavailable pid=12548, slot=0, seq=28520, name=com.example.dogglers:com.example.dogglers/androidx.test.core.app.InstrumentationActivityInvoker$EmptyActivity#0
06-03 23:47:18.088  1472  1537 I ActivityTaskManager: Displayed com.example.dogglers/androidx.test.core.app.InstrumentationActivityInvoker$EmptyActivity: +82ms
06-03 23:47:18.090  1472  6507 I InputDispatcher: Window went away: com.example.dogglers/androidx.test.core.app.InstrumentationActivityInvoker$EmptyActivity#0
06-03 23:47:18.090   814   890 I hwcomposer: [HRT] only_has_blit_dev_job:0, run simpleLayeringRule.
06-03 23:47:18.096  8485  8485 V PhoneWindow: DecorView setVisiblity: visibility = 8, Parent = android.view.ViewRootImpl@c231d3d, this = DecorView@80a3932[InputMethod]
06-03 23:47:18.099 12548 12590 E Parcel  : Reading a NULL string not supported here.
06-03 23:47:18.101  1472  3042 I mtkpower_client: perf_lock_rel, hdl:66322, tid:3042
06-03 23:47:18.101  1472  3042 I mtkpower_client: perf_lock_acq, hdl:66322, dur:0, num:12, tid:3042
06-03 23:47:18.101   841   903 I libPowerHal: [perfLockRel] hdl:66322, idx:0
06-03 23:47:18.101   841   903 I libPowerHal: [PD] scn:0 hdl:66322 lock_user:system_server pid:1472 tid:3042 dur:0
06-03 23:47:18.102   841   903 I libPowerHal: system_server: cpu_ctrl set cpu freq: -1 -1 -1 -1
06-03 23:47:18.102   841   903 I libPowerHal: [PD] system_server update cmd:1410000 param:0
06-03 23:47:18.102   841   903 I libPowerHal: [PD] system_server update cmd:10000100 param:0
06-03 23:47:18.102   865  1818 D DispPerfService: get hint proc=ActivityRecord{4bfa62a u0 com.example.dogglers, idx=0 none
06-03 23:47:18.102   841   903 I libPowerHal: [PD] system_server update cmd:1c3c000, param:1
06-03 23:47:18.102   841   903 I libPowerHal: [perfLockAcq] idx:0 hdl:66323 hint:-1 pid:1472 duration:0 => ret_hdl:66323
06-03 23:47:18.102  1472  3042 I mtkpower_client: ret_hdl:66323
06-03 23:47:18.102   841   903 I libPowerHal: [PE] scn:0 hdl:66323 lock_user:system_server pid:1472 tid:3042 dur:0
06-03 23:47:18.104   865  1818 I BufferQueueProducer: [com.example.dogglers/com.example.dogglers.MainActivity#0](id:36100001316,api:1,p:12548,c:865) disconnect(): api=1
06-03 23:47:18.104   841   870 I mtkpower@impl: [setMode] type:5, enabled:1
06-03 23:47:18.106   841   903 I libPowerHal: system_server: cpu_ctrl set cpu freq: 2000000 -1 2203000 -1
06-03 23:47:18.106   841   903 I libPowerHal: [PE] system_server update cmd:1410000, param:1
06-03 23:47:18.106   841   903 I libPowerHal: [PE] system_server update cmd:10000100, param:0
06-03 23:47:18.106   841   903 I libPowerHal: [PE] system_server update cmd:1c3c000, param:0
06-03 23:47:18.107   865   865 D OppoExLayer: ~Layer() sequence=28511, name=Surface(name=3c9c3ca StatusBar)/@0xba48ab7 - animation-leash#0@0xb4000073f587d000
06-03 23:47:18.107   865   865 D OppoExLayer: ~Layer() sequence=28512, name=Surface(name=8790d11 NavigationBar0)/@0x7dd0224 - animation-leash#0@0xb4000073f58a7000
06-03 23:47:18.107  1472  6507 I InputDispatcher: Focus entered window: Window{a4ce4e9 u0 com.example.dogglers/androidx.test.core.app.InstrumentationActivityInvoker$EmptyActivity} in display 0
06-03 23:47:18.110   814   890 I hwcomposer: [HRT] only_has_blit_dev_job:0, run simpleLayeringRule.
06-03 23:47:18.118 12548 12548 D LifecycleMonitor: Lifecycle status change: com.example.dogglers.MainActivity@db9fbaa in: STOPPED
06-03 23:47:18.118 12548 12548 V ActivityScenario: Update currentActivityStage to STOPPED, currentActivity=com.example.dogglers.MainActivity@db9fbaa
06-03 23:47:18.119 12548 12548 V PhoneWindow: DecorView setVisiblity: visibility = 4, Parent = android.view.ViewRootImpl@5e3dd07, this = DecorView@df3c188[MainActivity]
06-03 23:47:18.120 12548 12548 D LifecycleMonitor: Lifecycle status change: com.example.dogglers.MainActivity@db9fbaa in: DESTROYED
06-03 23:47:18.120 12548 12548 V ActivityScenario: Update currentActivityStage to DESTROYED, currentActivity=null
06-03 23:47:18.121 12548 12548 D View    : [Warning] assignParent to null: this = DecorView@df3c188[MainActivity]
06-03 23:47:18.123  1472  6507 I InputDispatcher: Window went away: com.example.dogglers/com.example.dogglers.MainActivity#0
06-03 23:47:18.123   814   890 I hwcomposer: [HRT] only_has_blit_dev_job:0, run simpleLayeringRule.
06-03 23:47:18.125 12548 12548 I InputTransport: Destroy ARC handle: 0xb40000783c9345a0
06-03 23:47:18.130 12548 12548 D LifecycleMonitor: Lifecycle status change: androidx.test.core.app.InstrumentationActivityInvoker$EmptyActivity@6241b31 in: PAUSED
06-03 23:47:18.130 12548 12548 V ActivityScenario: Activity lifecycle changed event received but ignored because the intent does not match. startActivityIntent=Intent { act=android.intent.action.MAIN cat=[android.intent.category.LAUNCHER] cmp=com.example.dogglers/.MainActivity }, activity.getIntent()=Intent { act=android.intent.action.MAIN cat=[android.intent.category.LAUNCHER] flg=0x10000000 cmp=com.example.dogglers/androidx.test.core.app.InstrumentationActivityInvoker$EmptyActivity mCallingUid=10242 }, activity=androidx.test.core.app.InstrumentationActivityInvoker$EmptyActivity@6241b31
06-03 23:47:18.133  1472  3936 I InputDispatcher: setFocusedApplication displayId=0 <invalid>
06-03 23:47:18.134  1472  3936 D Theia.NoFocusWindow: FocusWindowErrorScene CheckFreezeScreen
06-03 23:47:18.138  1472  6507 D InputMethodManagerService: isSecurity: attribute.packageName=com.example.dogglers
06-03 23:47:18.138  1472  6507 D InputMethodManagerService: isSecurity= false (  enable=false needShow=false inBlackList=false  isExist=true )
06-03 23:47:18.139   865   865 I BufferQueueConsumer: [com.example.dogglers/com.example.dogglers.MainActivity#0](id:36100001316,api:0,p:-1,c:865) disconnect()
06-03 23:47:18.140   865   865 I BufferQueue: [com.example.dogglers/com.example.dogglers.MainActivity#0](this:0xb400007406918658,id:4886,api:1,p:-1,c:-1) onDestructor()
06-03 23:47:18.140   865   865 D OppoExLayer: ~Layer() sequence=28499, name=com.example.dogglers/com.example.dogglers.MainActivity#0@0xb4000073f58c9000
06-03 23:47:18.140   865   865 D OppoExLayer: ~Layer() sequence=28497, name=ActivityRecord{595e156 u0 com.example.dogglers/.MainActivity#0@0xb4000073f58ba000
06-03 23:47:18.140   865   865 D OppoExLayer: ~Layer() sequence=28498, name=8a2fc4d com.example.dogglers/com.example.dogglers.MainActivity#0@0xb4000073f58c6000
06-03 23:47:18.142   865  1393 I BufferQueueProducer: [com.example.dogglers/com.example.dogglers.HorizontalListActivity#0](id:36100001317,api:1,p:12548,c:865) disconnect(): api=1
06-03 23:47:18.142   814   890 I hwcomposer: [HRT] only_has_blit_dev_job:0, run simpleLayeringRule.
06-03 23:47:18.143   865  1393 D DispPerfService: get hint proc=Surface(name=8cf94b9 InputMethod), idx=0 none
06-03 23:47:18.144  8485  8485 I GoogleInputMethodService: GoogleInputMethodService.onFinishInput():3204
06-03 23:47:18.145  8485  8485 I GoogleInputMethodService: GoogleInputMethodService.updateDeviceLockedStatus():2100 checkRepeatedly = false, unlocked = true
06-03 23:47:18.145  8485  8485 I GoogleInputMethodService: GoogleInputMethodService.onStartInput():1903 onStartInput(EditorInfo{inputType=0x0(NULL) imeOptions=0x0 privateImeOptions=null actionName=UNSPECIFIED actionLabel=null actionId=0 initialSelStart=-1 initialSelEnd=-1 initialCapsMode=0x0 hintText=null label=null packageName=com.example.dogglers fieldId=-1 fieldName=null extras=null}, false)
06-03 23:47:18.146  8485  8485 I GoogleInputMethodService: GoogleInputMethodService.updateDeviceLockedStatus():2100 checkRepeatedly = true, unlocked = true
06-03 23:47:18.150 12548 12548 D LifecycleMonitor: Lifecycle status change: androidx.test.core.app.InstrumentationActivityInvoker$BootstrapActivity@d288869 in: DESTROYED
06-03 23:47:18.150 12548 12548 V ActivityScenario: Activity lifecycle changed event received but ignored because the intent does not match. startActivityIntent=Intent { act=android.intent.action.MAIN cat=[android.intent.category.LAUNCHER] cmp=com.example.dogglers/.MainActivity }, activity.getIntent()=Intent { act=android.intent.action.MAIN cat=[android.intent.category.LAUNCHER] flg=0x10008000 cmp=com.example.dogglers/androidx.test.core.app.InstrumentationActivityInvoker$BootstrapActivity (has extras) mCallingUid=10242 }, activity=androidx.test.core.app.InstrumentationActivityInvoker$BootstrapActivity@d288869
06-03 23:47:18.152 12548 12645 E libEGL  : Invalid file path for libcolorx-loader.so
06-03 23:47:18.152 12548 12645 D libMEOW : applied 0 plugin for [com.example.dogglers].
06-03 23:47:18.152  1472  3042 I mtkpower_client: perf_lock_rel, hdl:66323, tid:3042
06-03 23:47:18.152  1472  3042 I mtkpower_client: perf_lock_acq, hdl:66323, dur:0, num:12, tid:3042
06-03 23:47:18.153   841   903 I libPowerHal: [perfLockRel] hdl:66323, idx:0
06-03 23:47:18.153   841   903 I libPowerHal: [PD] scn:0 hdl:66323 lock_user:system_server pid:1472 tid:3042 dur:0
06-03 23:47:18.153   841   903 I libPowerHal: system_server: cpu_ctrl set cpu freq: -1 -1 -1 -1
06-03 23:47:18.153   841   903 I libPowerHal: [PD] system_server update cmd:1410000 param:0
06-03 23:47:18.153   841   903 I libPowerHal: [PD] system_server update cmd:10000100 param:0
06-03 23:47:18.153   841   903 I libPowerHal: [PD] system_server update cmd:1c3c000, param:1
06-03 23:47:18.154  1472  3042 I mtkpower_client: ret_hdl:66324
06-03 23:47:18.154   841   903 I libPowerHal: [perfLockAcq] idx:0 hdl:66324 hint:-1 pid:1472 duration:0 => ret_hdl:66324
06-03 23:47:18.154   841   903 I libPowerHal: [PE] scn:0 hdl:66324 lock_user:system_server pid:1472 tid:3042 dur:0
06-03 23:47:18.154   841   903 I libPowerHal: system_server: cpu_ctrl set cpu freq: 2000000 -1 2203000 -1
06-03 23:47:18.154   841   903 I libPowerHal: [PE] system_server update cmd:1410000, param:1
06-03 23:47:18.154   841   903 I libPowerHal: [PE] system_server update cmd:10000100, param:0
06-03 23:47:18.154   841   903 I libPowerHal: [PE] system_server update cmd:1c3c000, param:0
06-03 23:47:18.156   865   865 D OppoExLayer: ~Layer() sequence=28517, name=Surface(name=8cf94b9 InputMethod)/@0xf89605f - animation-leash#1@0xb4000073f58a1000
06-03 23:47:18.156   865   865 D OppoExLayer: ~Layer() sequence=28492, name=ActivityRecord{ca76396 u0 com.example.dogglers/androidx.test.core.app.InstrumentationActivityInvoker$BootstrapActivity#0@0xb4000073f0069000
06-03 23:47:18.156 12548 12548 D LifecycleMonitor: Lifecycle status change: androidx.test.core.app.InstrumentationActivityInvoker$EmptyActivity@6c2fafa in: PRE_ON_CREATE
06-03 23:47:18.156  1472  6507 I InputDispatcher: Focus left window: Window{a4ce4e9 u0 com.example.dogglers/androidx.test.core.app.InstrumentationActivityInvoker$EmptyActivity} in display 0
06-03 23:47:18.156  1472  6507 I InputDispatcher: Window went away: Window{a4ce4e9 u0 com.example.dogglers/androidx.test.core.app.InstrumentationActivityInvoker$EmptyActivity}
06-03 23:47:18.157   814   890 I hwcomposer: [HRT] only_has_blit_dev_job:0, run simpleLayeringRule.
06-03 23:47:18.157 12548 12548 V ActivityScenario: Activity lifecycle changed event received but ignored because the intent does not match. startActivityIntent=Intent { act=android.intent.action.MAIN cat=[android.intent.category.LAUNCHER] cmp=com.example.dogglers/.MainActivity }, activity.getIntent()=Intent { act=android.intent.action.MAIN cat=[android.intent.category.LAUNCHER] flg=0x10000000 cmp=com.example.dogglers/androidx.test.core.app.InstrumentationActivityInvoker$EmptyActivity mCallingUid=10242 }, activity=androidx.test.core.app.InstrumentationActivityInvoker$EmptyActivity@6c2fafa
06-03 23:47:18.157  1472  5312 D OppoDisplayPolicy: com.android.systemui, change system app cutoutMode: color always
06-03 23:47:18.169 12548 12548 D LifecycleMonitor: Lifecycle status change: androidx.test.core.app.InstrumentationActivityInvoker$EmptyActivity@6c2fafa in: CREATED
06-03 23:47:18.169 12548 12548 V ActivityScenario: Activity lifecycle changed event received but ignored because the intent does not match. startActivityIntent=Intent { act=android.intent.action.MAIN cat=[android.intent.category.LAUNCHER] cmp=com.example.dogglers/.MainActivity }, activity.getIntent()=Intent { act=android.intent.action.MAIN cat=[android.intent.category.LAUNCHER] flg=0x10000000 cmp=com.example.dogglers/androidx.test.core.app.InstrumentationActivityInvoker$EmptyActivity mCallingUid=10242 }, activity=androidx.test.core.app.InstrumentationActivityInvoker$EmptyActivity@6c2fafa
06-03 23:47:18.170 12548 12548 D LifecycleMonitor: Lifecycle status change: androidx.test.core.app.InstrumentationActivityInvoker$EmptyActivity@6c2fafa in: STARTED
06-03 23:47:18.171 12548 12548 V ActivityScenario: Activity lifecycle changed event received but ignored because the intent does not match. startActivityIntent=Intent { act=android.intent.action.MAIN cat=[android.intent.category.LAUNCHER] cmp=com.example.dogglers/.MainActivity }, activity.getIntent()=Intent { act=android.intent.action.MAIN cat=[android.intent.category.LAUNCHER] flg=0x10000000 cmp=com.example.dogglers/androidx.test.core.app.InstrumentationActivityInvoker$EmptyActivity mCallingUid=10242 }, activity=androidx.test.core.app.InstrumentationActivityInvoker$EmptyActivity@6c2fafa
06-03 23:47:18.173 12548 12548 D LifecycleMonitor: Lifecycle status change: androidx.test.core.app.InstrumentationActivityInvoker$EmptyActivity@6c2fafa in: RESUMED
06-03 23:47:18.173   814   890 I hwcomposer: [HRT] only_has_blit_dev_job:0, run simpleLayeringRule.
06-03 23:47:18.173 12548 12548 V ActivityScenario: Activity lifecycle changed event received but ignored because the intent does not match. startActivityIntent=Intent { act=android.intent.action.MAIN cat=[android.intent.category.LAUNCHER] cmp=com.example.dogglers/.MainActivity }, activity.getIntent()=Intent { act=android.intent.action.MAIN cat=[android.intent.category.LAUNCHER] flg=0x10000000 cmp=com.example.dogglers/androidx.test.core.app.InstrumentationActivityInvoker$EmptyActivity mCallingUid=10242 }, activity=androidx.test.core.app.InstrumentationActivityInvoker$EmptyActivity@6c2fafa
06-03 23:47:18.174 12548 12548 V PhoneWindow: DecorView setVisiblity: visibility = 4, Parent = null, this = DecorView@b036b08[]
06-03 23:47:18.174   865  1393 I SurfaceFlinger: [SF client] NEW(0xb400007406976b00) for (12548:com.example.dogglers)
06-03 23:47:18.177 12548 12548 D ViewRootImpl[InstrumentationActivityInvoker$EmptyActivity]: hardware acceleration = true , fakeHwAccelerated = false, sRendererDisabled = false, forceHwAccelerated = false, sSystemRendererDisabled = false
06-03 23:47:18.178  1472  6507 D OppoDisplayPolicy: com.example.dogglers, no change cutoutMode: 0
06-03 23:47:18.179   865  1393 D DispPerfService: get hint proc=eb393e7 com.example.dogglers, idx=0 none
06-03 23:47:18.180 12548 12548 E libEGL  : Invalid file path for libcolorx-loader.so
06-03 23:47:18.180 12548 12548 I chatty  : uid=10242(com.example.dogglers) identical 4 lines
06-03 23:47:18.180 12548 12548 E libEGL  : Invalid file path for libcolorx-loader.so
06-03 23:47:18.181 12548 12548 I InputTransport: Create ARC handle: 0xb40000783c9d3260
06-03 23:47:18.181 12548 12548 V PhoneWindow: DecorView setVisiblity: visibility = 0, Parent = android.view.ViewRootImpl@5f0b487, this = DecorView@b036b08[InstrumentationActivityInvoker$EmptyActivity]
06-03 23:47:18.183 12548 12548 D LifecycleMonitor: Lifecycle status change: com.example.dogglers.HorizontalListActivity@f9e1694 in: STOPPED
06-03 23:47:18.183 12548 12548 V ActivityScenario: Activity lifecycle changed event received but ignored because the intent does not match. startActivityIntent=Intent { act=android.intent.action.MAIN cat=[android.intent.category.LAUNCHER] cmp=com.example.dogglers/.MainActivity }, activity.getIntent()=Intent { cmp=com.example.dogglers/.HorizontalListActivity mCallingUid=10242 }, activity=com.example.dogglers.HorizontalListActivity@f9e1694
06-03 23:47:18.185 12548 12548 V PhoneWindow: DecorView setVisiblity: visibility = 4, Parent = android.view.ViewRootImpl@3c3aa06, this = DecorView@1db28eb[HorizontalListActivity]
06-03 23:47:18.188  8485  8485 V PhoneWindow: DecorView setVisiblity: visibility = 8, Parent = android.view.ViewRootImpl@c231d3d, this = DecorView@80a3932[InputMethod]
06-03 23:47:18.189   814   890 I hwcomposer: [HRT] only_has_blit_dev_job:0, run simpleLayeringRule.
06-03 23:47:18.191  1472  6507 D OppoDisplayPolicy: com.android.systemui, change system app cutoutMode: color always
06-03 23:47:18.193  1472  6507 D OppoDisplayPolicy: com.example.dogglers, no change cutoutMode: 0
06-03 23:47:18.195   865  1393 D DispPerfService: get hint proc=com.example.dogglers, idx=0 none
06-03 23:47:18.195   865  1393 I BufferQueueConsumer: [](id:36100001319,api:0,p:-1,c:865) connect(): controlledByApp=false
06-03 23:47:18.196   865  1393 I BufferQueue: [unnamed-865-4889](this:0xb4000073f5b48458,id:4889,api:0,p:-1,c:-1) BufferQueue core=(865:/system/bin/surfaceflinger)
06-03 23:47:18.197   865  1393 D DispPerfService: get hint proc=Surface(name=3c9c3ca StatusBar), idx=0 none
06-03 23:47:18.198   865  1393 D DispPerfService: get hint proc=Surface(name=8790d11 NavigationBar0), idx=0 none
06-03 23:47:18.199  1472  6507 D Theia.NoFocusWindow: FocusWindowErrorScene cancelCheckFreezeScreen
06-03 23:47:18.203   865  1818 I BufferQueueProducer: [com.example.dogglers/androidx.test.core.app.InstrumentationActivityInvoker$EmptyActivity#1](id:36100001319,api:1,p:12548,c:865) connect(): api=1 producerControlledByApp=false
06-03 23:47:18.206   814   890 I hwcomposer: [HRT] only_has_blit_dev_job:0, run simpleLayeringRule.
06-03 23:47:18.210   865  1393 D DispPerfService: onframeavailable pid=12548, slot=0, seq=28526, name=com.example.dogglers:com.example.dogglers/androidx.test.core.app.InstrumentationActivityInvoker$EmptyActivity#1
06-03 23:47:18.211  1472  6507 D OppoDisplayPolicy: com.example.dogglers, no change cutoutMode: 0
06-03 23:47:18.218  1472  1537 I ActivityTaskManager: Displayed com.example.dogglers/androidx.test.core.app.InstrumentationActivityInvoker$EmptyActivity: +117ms
06-03 23:47:18.223  1472  6507 I InputDispatcher: Focus entered window: Window{eb393e7 u0 com.example.dogglers/androidx.test.core.app.InstrumentationActivityInvoker$EmptyActivity} in display 0
06-03 23:47:18.223  1472  6507 I InputDispatcher: Window went away: com.example.dogglers/androidx.test.core.app.InstrumentationActivityInvoker$EmptyActivity#1
06-03 23:47:18.223  1472  6507 I InputDispatcher: Window went away: com.example.dogglers/com.example.dogglers.HorizontalListActivity#0
06-03 23:47:18.224   814   890 I hwcomposer: [HRT] only_has_blit_dev_job:0, run simpleLayeringRule.
06-03 23:47:18.229  8485  8485 V PhoneWindow: DecorView setVisiblity: visibility = 8, Parent = android.view.ViewRootImpl@c231d3d, this = DecorView@80a3932[InputMethod]
06-03 23:47:18.231  1472  6507 D InputMethodManagerService: isSecurity: attribute.packageName=com.example.dogglers
06-03 23:47:18.231  1472  6507 D InputMethodManagerService: isSecurity= false (  enable=false needShow=false inBlackList=false  isExist=true )
06-03 23:47:18.232   865  1393 D DispPerfService: get hint proc=Surface(name=8cf94b9 InputMethod), idx=0 none
06-03 23:47:18.233  8485  8485 I GoogleInputMethodService: GoogleInputMethodService.onFinishInput():3204
06-03 23:47:18.233  8485  8485 I GoogleInputMethodService: GoogleInputMethodService.updateDeviceLockedStatus():2100 checkRepeatedly = false, unlocked = true
06-03 23:47:18.234  8485  8485 I GoogleInputMethodService: GoogleInputMethodService.onStartInput():1903 onStartInput(EditorInfo{inputType=0x0(NULL) imeOptions=0x0 privateImeOptions=null actionName=UNSPECIFIED actionLabel=null actionId=0 initialSelStart=-1 initialSelEnd=-1 initialCapsMode=0x0 hintText=null label=null packageName=com.example.dogglers fieldId=-1 fieldName=null extras=null}, false)
06-03 23:47:18.234  8485  8485 I GoogleInputMethodService: GoogleInputMethodService.updateDeviceLockedStatus():2100 checkRepeatedly = true, unlocked = true
06-03 23:47:18.238   865   865 I BufferQueueConsumer: [com.example.dogglers/com.example.dogglers.HorizontalListActivity#0](id:36100001317,api:0,p:-1,c:865) disconnect()
06-03 23:47:18.238   865   865 I BufferQueue: [com.example.dogglers/com.example.dogglers.HorizontalListActivity#0](this:0xb4000073f5ab4058,id:4887,api:1,p:-1,c:-1) onDestructor()
06-03 23:47:18.238   865   865 D OppoExLayer: ~Layer() sequence=28510, name=com.example.dogglers/com.example.dogglers.HorizontalListActivity#0@0xb4000073f5837000
06-03 23:47:18.239   865   865 D OppoExLayer: ~Layer() sequence=28521, name=Surface(name=3c9c3ca StatusBar)/@0xba48ab7 - animation-leash#1@0xb4000073f5842000
06-03 23:47:18.239   865   865 D OppoExLayer: ~Layer() sequence=28522, name=Surface(name=8790d11 NavigationBar0)/@0x7dd0224 - animation-leash#1@0xb4000073f5845000
06-03 23:47:18.240   814   890 I hwcomposer: [HRT] only_has_blit_dev_job:0, run simpleLayeringRule.
06-03 23:47:18.240   865  1393 I BufferQueueProducer: [com.example.dogglers/androidx.test.core.app.InstrumentationActivityInvoker$EmptyActivity#0](id:36100001318,api:1,p:12548,c:865) disconnect(): api=1
06-03 23:47:18.241  1472  3936 D OppoDisplayPolicy: com.android.systemui, change system app cutoutMode: color always
06-03 23:47:18.248  1472  5312 D Theia.NoFocusWindow: FocusWindowErrorScene CheckFreezeScreen
06-03 23:47:18.252 12548 12548 D LifecycleMonitor: Lifecycle status change: androidx.test.core.app.InstrumentationActivityInvoker$EmptyActivity@6c2fafa in: PAUSED
06-03 23:47:18.253 12548 12548 V ActivityScenario: Activity lifecycle changed event received but ignored because the intent does not match. startActivityIntent=Intent { act=android.intent.action.MAIN cat=[android.intent.category.LAUNCHER] cmp=com.example.dogglers/.MainActivity }, activity.getIntent()=Intent { act=android.intent.action.MAIN cat=[android.intent.category.LAUNCHER] flg=0x10000000 cmp=com.example.dogglers/androidx.test.core.app.InstrumentationActivityInvoker$EmptyActivity mCallingUid=10242 }, activity=androidx.test.core.app.InstrumentationActivityInvoker$EmptyActivity@6c2fafa
06-03 23:47:18.255  1472  5312 I InputDispatcher: setFocusedApplication displayId=0 ActivityRecord{feb4af1 u0 com.example.dogglers/.HorizontalListActivity t2533}
06-03 23:47:18.255   865   865 D OppoExLayer: ~Layer() sequence=28524, name=Surface(name=8cf94b9 InputMethod)/@0xf89605f - animation-leash#0@0xb4000073f588f000
06-03 23:47:18.255   841   869 I mtkpower@impl: [notifyAppState] act androidx.test.core.app.InstrumentationActivityInvoker$EmptyActivity => com.example.dogglers.HorizontalListActivity
06-03 23:47:18.256  1472  3936 I InputDispatcher: Focus left window: Window{eb393e7 u0 com.example.dogglers/androidx.test.core.app.InstrumentationActivityInvoker$EmptyActivity} in display 0
06-03 23:47:18.256  1472  3936 I InputDispatcher: Window went away: Window{eb393e7 u0 com.example.dogglers/androidx.test.core.app.InstrumentationActivityInvoker$EmptyActivity}
06-03 23:47:18.256   814   890 I hwcomposer: [HRT] only_has_blit_dev_job:0, run simpleLayeringRule.
06-03 23:47:18.261  8485  8485 V PhoneWindow: DecorView setVisiblity: visibility = 8, Parent = android.view.ViewRootImpl@c231d3d, this = DecorView@80a3932[InputMethod]
06-03 23:47:18.261 12548 12548 D LifecycleMonitor: Lifecycle status change: com.example.dogglers.HorizontalListActivity@f9e1694 in: RESTARTED
06-03 23:47:18.262 12548 12548 V ActivityScenario: Activity lifecycle changed event received but ignored because the intent does not match. startActivityIntent=Intent { act=android.intent.action.MAIN cat=[android.intent.category.LAUNCHER] cmp=com.example.dogglers/.MainActivity }, activity.getIntent()=Intent { cmp=com.example.dogglers/.HorizontalListActivity mCallingUid=10242 }, activity=com.example.dogglers.HorizontalListActivity@f9e1694
06-03 23:47:18.262 12548 12548 D LifecycleMonitor: Lifecycle status change: com.example.dogglers.HorizontalListActivity@f9e1694 in: STARTED
06-03 23:47:18.263 12548 12548 V ActivityScenario: Activity lifecycle changed event received but ignored because the intent does not match. startActivityIntent=Intent { act=android.intent.action.MAIN cat=[android.intent.category.LAUNCHER] cmp=com.example.dogglers/.MainActivity }, activity.getIntent()=Intent { cmp=com.example.dogglers/.HorizontalListActivity mCallingUid=10242 }, activity=com.example.dogglers.HorizontalListActivity@f9e1694
06-03 23:47:18.263 12548 12548 V PhoneWindow: DecorView setVisiblity: visibility = 0, Parent = android.view.ViewRootImpl@3c3aa06, this = DecorView@1db28eb[HorizontalListActivity]
06-03 23:47:18.263 12548 12548 D LifecycleMonitor: Lifecycle status change: com.example.dogglers.HorizontalListActivity@f9e1694 in: RESUMED
06-03 23:47:18.264 12548 12548 V ActivityScenario: Activity lifecycle changed event received but ignored because the intent does not match. startActivityIntent=Intent { act=android.intent.action.MAIN cat=[android.intent.category.LAUNCHER] cmp=com.example.dogglers/.MainActivity }, activity.getIntent()=Intent { cmp=com.example.dogglers/.HorizontalListActivity mCallingUid=10242 }, activity=com.example.dogglers.HorizontalListActivity@f9e1694
06-03 23:47:18.264 12548 12548 V PhoneWindow: DecorView setVisiblity: visibility = 0, Parent = android.view.ViewRootImpl@3c3aa06, this = DecorView@1db28eb[HorizontalListActivity]
06-03 23:47:18.273   814   890 I hwcomposer: [HRT] only_has_blit_dev_job:0, run simpleLayeringRule.
06-03 23:47:18.274  1472  3936 D OppoDisplayPolicy: com.example.dogglers, no change cutoutMode: 0
06-03 23:47:18.277   865  1818 D DispPerfService: get hint proc=com.example.dogglers, idx=0 none
06-03 23:47:18.277   865  1818 I BufferQueueConsumer: [](id:3610000131a,api:0,p:-1,c:865) connect(): controlledByApp=false
06-03 23:47:18.277   865  1818 I BufferQueue: [unnamed-865-4890](this:0xb4000073f5ab4e58,id:4890,api:0,p:-1,c:-1) BufferQueue core=(865:/system/bin/surfaceflinger)
06-03 23:47:18.279   865  1818 D DispPerfService: get hint proc=Surface(name=3c9c3ca StatusBar), idx=0 none
06-03 23:47:18.279   865  1818 D DispPerfService: get hint proc=Surface(name=8790d11 NavigationBar0), idx=0 none
06-03 23:47:18.280  1472  3936 D Theia.NoFocusWindow: FocusWindowErrorScene cancelCheckFreezeScreen
06-03 23:47:18.281  1472  5312 D OppoDisplayPolicy: com.android.systemui, change system app cutoutMode: color always
06-03 23:47:18.282   865  1393 I BufferQueueProducer: [com.example.dogglers/com.example.dogglers.HorizontalListActivity#0](id:3610000131a,api:1,p:12548,c:865) connect(): api=1 producerControlledByApp=false
06-03 23:47:18.289   814   890 I hwcomposer: [HRT] only_has_blit_dev_job:0, run simpleLayeringRule.
06-03 23:47:18.295   865  1393 D DispPerfService: onframeavailable pid=12548, slot=4, seq=28530, name=com.example.dogglers:com.example.dogglers/com.example.dogglers.HorizontalListActivity#0
06-03 23:47:18.297  8485  8485 V PhoneWindow: DecorView setVisiblity: visibility = 8, Parent = android.view.ViewRootImpl@c231d3d, this = DecorView@80a3932[InputMethod]
06-03 23:47:18.299 12548 12590 I TestRunner: finished: clicking_horizontal_list_button_displays_horizontal_list(com.example.dogglers.ButtonTests)
